Archive member included to satisfy reference by file (symbol)

/usr/lib/gcc/arm-none-eabi/7.3.1/../../../arm-none-eabi/lib/thumb/v7-m/libc.a(lib_a-memcpy.o)
                              rtos/queue.o (memcpy)
/home/mark1/Documents/stm32/libopencm3/lib/libopencm3_stm32f1.a(gpio.o)
                              uart.o (gpio_set_mode)
/home/mark1/Documents/stm32/libopencm3/lib/libopencm3_stm32f1.a(gpio_common_all.o)
                              uart.o (gpio_toggle)
/home/mark1/Documents/stm32/libopencm3/lib/libopencm3_stm32f1.a(rcc.o)
                              uart.o (rcc_clock_setup_in_hse_8mhz_out_72mhz)
/home/mark1/Documents/stm32/libopencm3/lib/libopencm3_stm32f1.a(rcc_common_all.o)
                              uart.o (rcc_periph_clock_enable)
/home/mark1/Documents/stm32/libopencm3/lib/libopencm3_stm32f1.a(usart_common_all.o)
                              uart.o (usart_set_baudrate)
/home/mark1/Documents/stm32/libopencm3/lib/libopencm3_stm32f1.a(usart_common_f124.o)
                              /home/mark1/Documents/stm32/libopencm3/lib/libopencm3_stm32f1.a(usart_common_all.o) (usart_send)
/home/mark1/Documents/stm32/libopencm3/lib/libopencm3_stm32f1.a(vector.o)
                              (reset_handler)
/home/mark1/Documents/stm32/libopencm3/lib/libopencm3_stm32f1.a(assert.o)
                              /home/mark1/Documents/stm32/libopencm3/lib/libopencm3_stm32f1.a(rcc.o) (cm3_assert_failed)
/home/mark1/Documents/stm32/libopencm3/lib/libopencm3_stm32f1.a(flash_common_all.o)
                              /home/mark1/Documents/stm32/libopencm3/lib/libopencm3_stm32f1.a(rcc.o) (flash_set_ws)

Discarded input sections

 .text          0x0000000000000000        0x0 uart.o
 .data          0x0000000000000000        0x0 uart.o
 .bss           0x0000000000000000        0x0 uart.o
 .text          0x0000000000000000        0x0 rtos/heap_4.o
 .data          0x0000000000000000        0x0 rtos/heap_4.o
 .bss           0x0000000000000000        0x0 rtos/heap_4.o
 .text.xPortGetFreeHeapSize
                0x0000000000000000        0xc rtos/heap_4.o
 .text.xPortGetMinimumEverFreeHeapSize
                0x0000000000000000        0xc rtos/heap_4.o
 .text.vPortInitialiseBlocks
                0x0000000000000000        0x2 rtos/heap_4.o
 .text          0x0000000000000000        0x0 rtos/list.o
 .data          0x0000000000000000        0x0 rtos/list.o
 .bss           0x0000000000000000        0x0 rtos/list.o
 .text          0x0000000000000000        0x0 rtos/port.o
 .data          0x0000000000000000        0x0 rtos/port.o
 .bss           0x0000000000000000        0x0 rtos/port.o
 .text.vPortEndScheduler
                0x0000000000000000        0x2 rtos/port.o
 .text          0x0000000000000000        0x0 rtos/queue.o
 .data          0x0000000000000000        0x0 rtos/queue.o
 .bss           0x0000000000000000        0x0 rtos/queue.o
 .text.prvCopyDataToQueue
                0x0000000000000000       0x66 rtos/queue.o
 .text.prvCopyDataFromQueue
                0x0000000000000000       0x28 rtos/queue.o
 .text.prvUnlockQueue
                0x0000000000000000       0x70 rtos/queue.o
 .text.xQueueGenericReset
                0x0000000000000000       0x6c rtos/queue.o
 .text.xQueueGenericCreate
                0x0000000000000000       0x2e rtos/queue.o
 .text.xQueueGenericSend
                0x0000000000000000       0xfc rtos/queue.o
 .text.xQueueCreateMutex
                0x0000000000000000       0x24 rtos/queue.o
 .text.xQueueGenericSendFromISR
                0x0000000000000000       0x68 rtos/queue.o
 .text.xQueueGiveFromISR
                0x0000000000000000       0x5c rtos/queue.o
 .text.xQueueGenericReceive
                0x0000000000000000      0x130 rtos/queue.o
 .text.xQueueReceiveFromISR
                0x0000000000000000       0x68 rtos/queue.o
 .text.xQueuePeekFromISR
                0x0000000000000000       0x30 rtos/queue.o
 .text.uxQueueMessagesWaiting
                0x0000000000000000       0x12 rtos/queue.o
 .text.uxQueueSpacesAvailable
                0x0000000000000000       0x16 rtos/queue.o
 .text.uxQueueMessagesWaitingFromISR
                0x0000000000000000        0x4 rtos/queue.o
 .text.vQueueDelete
                0x0000000000000000        0x4 rtos/queue.o
 .text.xQueueIsQueueEmptyFromISR
                0x0000000000000000        0xa rtos/queue.o
 .text.xQueueIsQueueFullFromISR
                0x0000000000000000        0xc rtos/queue.o
 .debug_info    0x0000000000000000     0x1a55 rtos/queue.o
 .debug_abbrev  0x0000000000000000      0x36f rtos/queue.o
 .debug_loc     0x0000000000000000      0xd0e rtos/queue.o
 .debug_aranges
                0x0000000000000000       0xa8 rtos/queue.o
 .debug_ranges  0x0000000000000000      0x1a0 rtos/queue.o
 .debug_line    0x0000000000000000      0x477 rtos/queue.o
 .debug_str     0x0000000000000000      0xbd6 rtos/queue.o
 .comment       0x0000000000000000       0x58 rtos/queue.o
 .debug_frame   0x0000000000000000      0x208 rtos/queue.o
 .ARM.attributes
                0x0000000000000000       0x33 rtos/queue.o
 .text          0x0000000000000000        0x0 rtos/tasks.o
 .data          0x0000000000000000        0x0 rtos/tasks.o
 .bss           0x0000000000000000        0x0 rtos/tasks.o
 .text.vTaskEndScheduler
                0x0000000000000000       0x20 rtos/tasks.o
 .text.xTaskGetTickCount
                0x0000000000000000        0xc rtos/tasks.o
 .text.xTaskGetTickCountFromISR
                0x0000000000000000        0xc rtos/tasks.o
 .text.uxTaskGetNumberOfTasks
                0x0000000000000000        0xc rtos/tasks.o
 .text.pcTaskGetName
                0x0000000000000000       0x10 rtos/tasks.o
 .text.vTaskPlaceOnEventList
                0x0000000000000000       0x1c rtos/tasks.o
 .text.vTaskPlaceOnUnorderedEventList
                0x0000000000000000       0x24 rtos/tasks.o
 .text.xTaskRemoveFromEventList
                0x0000000000000000       0x70 rtos/tasks.o
 .text.xTaskRemoveFromUnorderedEventList
                0x0000000000000000       0x5c rtos/tasks.o
 .text.vTaskSetTimeOutState
                0x0000000000000000       0x18 rtos/tasks.o
 .text.xTaskCheckForTimeOut
                0x0000000000000000       0x48 rtos/tasks.o
 .text.vTaskMissedYield
                0x0000000000000000        0xc rtos/tasks.o
 .text.xTaskGetCurrentTaskHandle
                0x0000000000000000        0xc rtos/tasks.o
 .text.vTaskPriorityInherit
                0x0000000000000000       0x94 rtos/tasks.o
 .text.xTaskPriorityDisinherit
                0x0000000000000000       0x70 rtos/tasks.o
 .text.uxTaskResetEventItemValue
                0x0000000000000000       0x18 rtos/tasks.o
 .text.pvTaskIncrementMutexHeldCount
                0x0000000000000000       0x18 rtos/tasks.o
 .text.ulTaskNotifyTake
                0x0000000000000000       0x64 rtos/tasks.o
 .text.xTaskNotifyWait
                0x0000000000000000       0x88 rtos/tasks.o
 .text.xTaskGenericNotify
                0x0000000000000000       0xa4 rtos/tasks.o
 .text.xTaskGenericNotifyFromISR
                0x0000000000000000       0xc4 rtos/tasks.o
 .text.vTaskNotifyGiveFromISR
                0x0000000000000000       0x9c rtos/tasks.o
 .text.xTaskNotifyStateClear
                0x0000000000000000       0x2c rtos/tasks.o
 .text          0x0000000000000000        0x0 rtos/opencm3.o
 .data          0x0000000000000000        0x0 rtos/opencm3.o
 .bss           0x0000000000000000        0x0 rtos/opencm3.o
 .text          0x0000000000000000       0xec /usr/lib/gcc/arm-none-eabi/7.3.1/../../../arm-none-eabi/lib/thumb/v7-m/libc.a(lib_a-memcpy.o)
 .data          0x0000000000000000        0x0 /usr/lib/gcc/arm-none-eabi/7.3.1/../../../arm-none-eabi/lib/thumb/v7-m/libc.a(lib_a-memcpy.o)
 .bss           0x0000000000000000        0x0 /usr/lib/gcc/arm-none-eabi/7.3.1/../../../arm-none-eabi/lib/thumb/v7-m/libc.a(lib_a-memcpy.o)
 .debug_line    0x0000000000000000       0xbe /usr/lib/gcc/arm-none-eabi/7.3.1/../../../arm-none-eabi/lib/thumb/v7-m/libc.a(lib_a-memcpy.o)
 .debug_info    0x0000000000000000       0x26 /usr/lib/gcc/arm-none-eabi/7.3.1/../../../arm-none-eabi/lib/thumb/v7-m/libc.a(lib_a-memcpy.o)
 .debug_abbrev  0x0000000000000000       0x14 /usr/lib/gcc/arm-none-eabi/7.3.1/../../../arm-none-eabi/lib/thumb/v7-m/libc.a(lib_a-memcpy.o)
 .debug_aranges
                0x0000000000000000       0x20 /usr/lib/gcc/arm-none-eabi/7.3.1/../../../arm-none-eabi/lib/thumb/v7-m/libc.a(lib_a-memcpy.o)
 .debug_str     0x0000000000000000       0xb0 /usr/lib/gcc/arm-none-eabi/7.3.1/../../../arm-none-eabi/lib/thumb/v7-m/libc.a(lib_a-memcpy.o)
 .ARM.attributes
                0x0000000000000000       0x1b /usr/lib/gcc/arm-none-eabi/7.3.1/../../../arm-none-eabi/lib/thumb/v7-m/libc.a(lib_a-memcpy.o)
 .group         0x0000000000000000        0xc /home/mark1/Documents/stm32/libopencm3/lib/libopencm3_stm32f1.a(gpio.o)
 .group         0x0000000000000000        0xc /home/mark1/Documents/stm32/libopencm3/lib/libopencm3_stm32f1.a(gpio.o)
 .group         0x0000000000000000        0xc /home/mark1/Documents/stm32/libopencm3/lib/libopencm3_stm32f1.a(gpio.o)
 .group         0x0000000000000000        0xc /home/mark1/Documents/stm32/libopencm3/lib/libopencm3_stm32f1.a(gpio.o)
 .group         0x0000000000000000        0xc /home/mark1/Documents/stm32/libopencm3/lib/libopencm3_stm32f1.a(gpio.o)
 .group         0x0000000000000000        0xc /home/mark1/Documents/stm32/libopencm3/lib/libopencm3_stm32f1.a(gpio.o)
 .group         0x0000000000000000        0xc /home/mark1/Documents/stm32/libopencm3/lib/libopencm3_stm32f1.a(gpio.o)
 .group         0x0000000000000000        0xc /home/mark1/Documents/stm32/libopencm3/lib/libopencm3_stm32f1.a(gpio.o)
 .group         0x0000000000000000        0xc /home/mark1/Documents/stm32/libopencm3/lib/libopencm3_stm32f1.a(gpio.o)
 .group         0x0000000000000000        0xc /home/mark1/Documents/stm32/libopencm3/lib/libopencm3_stm32f1.a(gpio.o)
 .group         0x0000000000000000        0xc /home/mark1/Documents/stm32/libopencm3/lib/libopencm3_stm32f1.a(gpio.o)
 .group         0x0000000000000000        0xc /home/mark1/Documents/stm32/libopencm3/lib/libopencm3_stm32f1.a(gpio.o)
 .group         0x0000000000000000        0xc /home/mark1/Documents/stm32/libopencm3/lib/libopencm3_stm32f1.a(gpio.o)
 .group         0x0000000000000000        0xc /home/mark1/Documents/stm32/libopencm3/lib/libopencm3_stm32f1.a(gpio.o)
 .text          0x0000000000000000        0x0 /home/mark1/Documents/stm32/libopencm3/lib/libopencm3_stm32f1.a(gpio.o)
 .data          0x0000000000000000        0x0 /home/mark1/Documents/stm32/libopencm3/lib/libopencm3_stm32f1.a(gpio.o)
 .bss           0x0000000000000000        0x0 /home/mark1/Documents/stm32/libopencm3/lib/libopencm3_stm32f1.a(gpio.o)
 .text.gpio_set_eventout
                0x0000000000000000       0x10 /home/mark1/Documents/stm32/libopencm3/lib/libopencm3_stm32f1.a(gpio.o)
 .text.gpio_primary_remap
                0x0000000000000000       0x14 /home/mark1/Documents/stm32/libopencm3/lib/libopencm3_stm32f1.a(gpio.o)
 .text.gpio_secondary_remap
                0x0000000000000000       0x10 /home/mark1/Documents/stm32/libopencm3/lib/libopencm3_stm32f1.a(gpio.o)
 .group         0x0000000000000000        0xc /home/mark1/Documents/stm32/libopencm3/lib/libopencm3_stm32f1.a(gpio_common_all.o)
 .group         0x0000000000000000        0xc /home/mark1/Documents/stm32/libopencm3/lib/libopencm3_stm32f1.a(gpio_common_all.o)
 .group         0x0000000000000000        0xc /home/mark1/Documents/stm32/libopencm3/lib/libopencm3_stm32f1.a(gpio_common_all.o)
 .group         0x0000000000000000        0xc /home/mark1/Documents/stm32/libopencm3/lib/libopencm3_stm32f1.a(gpio_common_all.o)
 .group         0x0000000000000000        0xc /home/mark1/Documents/stm32/libopencm3/lib/libopencm3_stm32f1.a(gpio_common_all.o)
 .group         0x0000000000000000        0xc /home/mark1/Documents/stm32/libopencm3/lib/libopencm3_stm32f1.a(gpio_common_all.o)
 .group         0x0000000000000000        0xc /home/mark1/Documents/stm32/libopencm3/lib/libopencm3_stm32f1.a(gpio_common_all.o)
 .group         0x0000000000000000        0xc /home/mark1/Documents/stm32/libopencm3/lib/libopencm3_stm32f1.a(gpio_common_all.o)
 .group         0x0000000000000000        0xc /home/mark1/Documents/stm32/libopencm3/lib/libopencm3_stm32f1.a(gpio_common_all.o)
 .group         0x0000000000000000        0xc /home/mark1/Documents/stm32/libopencm3/lib/libopencm3_stm32f1.a(gpio_common_all.o)
 .group         0x0000000000000000        0xc /home/mark1/Documents/stm32/libopencm3/lib/libopencm3_stm32f1.a(gpio_common_all.o)
 .group         0x0000000000000000        0xc /home/mark1/Documents/stm32/libopencm3/lib/libopencm3_stm32f1.a(gpio_common_all.o)
 .group         0x0000000000000000        0xc /home/mark1/Documents/stm32/libopencm3/lib/libopencm3_stm32f1.a(gpio_common_all.o)
 .group         0x0000000000000000        0xc /home/mark1/Documents/stm32/libopencm3/lib/libopencm3_stm32f1.a(gpio_common_all.o)
 .text          0x0000000000000000        0x0 /home/mark1/Documents/stm32/libopencm3/lib/libopencm3_stm32f1.a(gpio_common_all.o)
 .data          0x0000000000000000        0x0 /home/mark1/Documents/stm32/libopencm3/lib/libopencm3_stm32f1.a(gpio_common_all.o)
 .bss           0x0000000000000000        0x0 /home/mark1/Documents/stm32/libopencm3/lib/libopencm3_stm32f1.a(gpio_common_all.o)
 .text.gpio_set
                0x0000000000000000        0x4 /home/mark1/Documents/stm32/libopencm3/lib/libopencm3_stm32f1.a(gpio_common_all.o)
 .text.gpio_clear
                0x0000000000000000        0x6 /home/mark1/Documents/stm32/libopencm3/lib/libopencm3_stm32f1.a(gpio_common_all.o)
 .text.gpio_get
                0x0000000000000000        0x6 /home/mark1/Documents/stm32/libopencm3/lib/libopencm3_stm32f1.a(gpio_common_all.o)
 .text.gpio_port_read
                0x0000000000000000        0x6 /home/mark1/Documents/stm32/libopencm3/lib/libopencm3_stm32f1.a(gpio_common_all.o)
 .text.gpio_port_write
                0x0000000000000000        0x4 /home/mark1/Documents/stm32/libopencm3/lib/libopencm3_stm32f1.a(gpio_common_all.o)
 .text.gpio_port_config_lock
                0x0000000000000000       0x10 /home/mark1/Documents/stm32/libopencm3/lib/libopencm3_stm32f1.a(gpio_common_all.o)
 .debug_macro   0x0000000000000000      0xa4e /home/mark1/Documents/stm32/libopencm3/lib/libopencm3_stm32f1.a(gpio_common_all.o)
 .debug_macro   0x0000000000000000       0x1c /home/mark1/Documents/stm32/libopencm3/lib/libopencm3_stm32f1.a(gpio_common_all.o)
 .debug_macro   0x0000000000000000       0x22 /home/mark1/Documents/stm32/libopencm3/lib/libopencm3_stm32f1.a(gpio_common_all.o)
 .debug_macro   0x0000000000000000       0x56 /home/mark1/Documents/stm32/libopencm3/lib/libopencm3_stm32f1.a(gpio_common_all.o)
 .debug_macro   0x0000000000000000       0x51 /home/mark1/Documents/stm32/libopencm3/lib/libopencm3_stm32f1.a(gpio_common_all.o)
 .debug_macro   0x0000000000000000       0xef /home/mark1/Documents/stm32/libopencm3/lib/libopencm3_stm32f1.a(gpio_common_all.o)
 .debug_macro   0x0000000000000000       0x6a /home/mark1/Documents/stm32/libopencm3/lib/libopencm3_stm32f1.a(gpio_common_all.o)
 .debug_macro   0x0000000000000000      0x1df /home/mark1/Documents/stm32/libopencm3/lib/libopencm3_stm32f1.a(gpio_common_all.o)
 .debug_macro   0x0000000000000000       0x22 /home/mark1/Documents/stm32/libopencm3/lib/libopencm3_stm32f1.a(gpio_common_all.o)
 .debug_macro   0x0000000000000000       0xe8 /home/mark1/Documents/stm32/libopencm3/lib/libopencm3_stm32f1.a(gpio_common_all.o)
 .debug_macro   0x0000000000000000       0x76 /home/mark1/Documents/stm32/libopencm3/lib/libopencm3_stm32f1.a(gpio_common_all.o)
 .debug_macro   0x0000000000000000      0x1b4 /home/mark1/Documents/stm32/libopencm3/lib/libopencm3_stm32f1.a(gpio_common_all.o)
 .debug_macro   0x0000000000000000       0x76 /home/mark1/Documents/stm32/libopencm3/lib/libopencm3_stm32f1.a(gpio_common_all.o)
 .debug_macro   0x0000000000000000      0xe04 /home/mark1/Documents/stm32/libopencm3/lib/libopencm3_stm32f1.a(gpio_common_all.o)
 .group         0x0000000000000000        0xc /home/mark1/Documents/stm32/libopencm3/lib/libopencm3_stm32f1.a(rcc.o)
 .group         0x0000000000000000        0xc /home/mark1/Documents/stm32/libopencm3/lib/libopencm3_stm32f1.a(rcc.o)
 .group         0x0000000000000000        0xc /home/mark1/Documents/stm32/libopencm3/lib/libopencm3_stm32f1.a(rcc.o)
 .group         0x0000000000000000        0xc /home/mark1/Documents/stm32/libopencm3/lib/libopencm3_stm32f1.a(rcc.o)
 .group         0x0000000000000000        0xc /home/mark1/Documents/stm32/libopencm3/lib/libopencm3_stm32f1.a(rcc.o)
 .group         0x0000000000000000        0xc /home/mark1/Documents/stm32/libopencm3/lib/libopencm3_stm32f1.a(rcc.o)
 .group         0x0000000000000000        0xc /home/mark1/Documents/stm32/libopencm3/lib/libopencm3_stm32f1.a(rcc.o)
 .group         0x0000000000000000        0xc /home/mark1/Documents/stm32/libopencm3/lib/libopencm3_stm32f1.a(rcc.o)
 .group         0x0000000000000000        0xc /home/mark1/Documents/stm32/libopencm3/lib/libopencm3_stm32f1.a(rcc.o)
 .group         0x0000000000000000        0xc /home/mark1/Documents/stm32/libopencm3/lib/libopencm3_stm32f1.a(rcc.o)
 .group         0x0000000000000000        0xc /home/mark1/Documents/stm32/libopencm3/lib/libopencm3_stm32f1.a(rcc.o)
 .group         0x0000000000000000        0xc /home/mark1/Documents/stm32/libopencm3/lib/libopencm3_stm32f1.a(rcc.o)
 .group         0x0000000000000000        0xc /home/mark1/Documents/stm32/libopencm3/lib/libopencm3_stm32f1.a(rcc.o)
 .group         0x0000000000000000        0xc /home/mark1/Documents/stm32/libopencm3/lib/libopencm3_stm32f1.a(rcc.o)
 .group         0x0000000000000000        0xc /home/mark1/Documents/stm32/libopencm3/lib/libopencm3_stm32f1.a(rcc.o)
 .group         0x0000000000000000        0xc /home/mark1/Documents/stm32/libopencm3/lib/libopencm3_stm32f1.a(rcc.o)
 .text          0x0000000000000000        0x0 /home/mark1/Documents/stm32/libopencm3/lib/libopencm3_stm32f1.a(rcc.o)
 .data          0x0000000000000000        0x0 /home/mark1/Documents/stm32/libopencm3/lib/libopencm3_stm32f1.a(rcc.o)
 .bss           0x0000000000000000        0x0 /home/mark1/Documents/stm32/libopencm3/lib/libopencm3_stm32f1.a(rcc.o)
 .text.rcc_osc_ready_int_clear
                0x0000000000000000       0x5c /home/mark1/Documents/stm32/libopencm3/lib/libopencm3_stm32f1.a(rcc.o)
 .text.rcc_osc_ready_int_enable
                0x0000000000000000       0x5c /home/mark1/Documents/stm32/libopencm3/lib/libopencm3_stm32f1.a(rcc.o)
 .text.rcc_osc_ready_int_disable
                0x0000000000000000       0x5c /home/mark1/Documents/stm32/libopencm3/lib/libopencm3_stm32f1.a(rcc.o)
 .text.rcc_osc_ready_int_flag
                0x0000000000000000       0x54 /home/mark1/Documents/stm32/libopencm3/lib/libopencm3_stm32f1.a(rcc.o)
 .text.rcc_css_int_clear
                0x0000000000000000       0x10 /home/mark1/Documents/stm32/libopencm3/lib/libopencm3_stm32f1.a(rcc.o)
 .text.rcc_css_int_flag
                0x0000000000000000       0x10 /home/mark1/Documents/stm32/libopencm3/lib/libopencm3_stm32f1.a(rcc.o)
 .text.rcc_osc_off
                0x0000000000000000       0x58 /home/mark1/Documents/stm32/libopencm3/lib/libopencm3_stm32f1.a(rcc.o)
 .text.rcc_css_enable
                0x0000000000000000       0x10 /home/mark1/Documents/stm32/libopencm3/lib/libopencm3_stm32f1.a(rcc.o)
 .text.rcc_css_disable
                0x0000000000000000       0x10 /home/mark1/Documents/stm32/libopencm3/lib/libopencm3_stm32f1.a(rcc.o)
 .text.rcc_set_pll2_multiplication_factor
                0x0000000000000000       0x14 /home/mark1/Documents/stm32/libopencm3/lib/libopencm3_stm32f1.a(rcc.o)
 .text.rcc_set_pll3_multiplication_factor
                0x0000000000000000       0x14 /home/mark1/Documents/stm32/libopencm3/lib/libopencm3_stm32f1.a(rcc.o)
 .text.rcc_rtc_clock_enabled_flag
                0x0000000000000000       0x10 /home/mark1/Documents/stm32/libopencm3/lib/libopencm3_stm32f1.a(rcc.o)
 .text.rcc_enable_rtc_clock
                0x0000000000000000       0x10 /home/mark1/Documents/stm32/libopencm3/lib/libopencm3_stm32f1.a(rcc.o)
 .text.rcc_set_rtc_clock_source
                0x0000000000000000       0x90 /home/mark1/Documents/stm32/libopencm3/lib/libopencm3_stm32f1.a(rcc.o)
 .text.rcc_set_usbpre
                0x0000000000000000       0x18 /home/mark1/Documents/stm32/libopencm3/lib/libopencm3_stm32f1.a(rcc.o)
 .text.rcc_set_prediv1
                0x0000000000000000       0x14 /home/mark1/Documents/stm32/libopencm3/lib/libopencm3_stm32f1.a(rcc.o)
 .text.rcc_set_prediv2
                0x0000000000000000       0x14 /home/mark1/Documents/stm32/libopencm3/lib/libopencm3_stm32f1.a(rcc.o)
 .text.rcc_set_prediv1_source
                0x0000000000000000       0x18 /home/mark1/Documents/stm32/libopencm3/lib/libopencm3_stm32f1.a(rcc.o)
 .text.rcc_system_clock_source
                0x0000000000000000       0x10 /home/mark1/Documents/stm32/libopencm3/lib/libopencm3_stm32f1.a(rcc.o)
 .text.rcc_clock_setup_in_hsi_out_64mhz
                0x0000000000000000       0x74 /home/mark1/Documents/stm32/libopencm3/lib/libopencm3_stm32f1.a(rcc.o)
 .text.rcc_clock_setup_in_hsi_out_48mhz
                0x0000000000000000       0x84 /home/mark1/Documents/stm32/libopencm3/lib/libopencm3_stm32f1.a(rcc.o)
 .text.rcc_clock_setup_in_hsi_out_24mhz
                0x0000000000000000       0x70 /home/mark1/Documents/stm32/libopencm3/lib/libopencm3_stm32f1.a(rcc.o)
 .text.rcc_clock_setup_in_hse_8mhz_out_24mhz
                0x0000000000000000       0x88 /home/mark1/Documents/stm32/libopencm3/lib/libopencm3_stm32f1.a(rcc.o)
 .text.rcc_clock_setup_in_hse_12mhz_out_72mhz
                0x0000000000000000       0x8c /home/mark1/Documents/stm32/libopencm3/lib/libopencm3_stm32f1.a(rcc.o)
 .text.rcc_clock_setup_in_hse_16mhz_out_72mhz
                0x0000000000000000       0x8c /home/mark1/Documents/stm32/libopencm3/lib/libopencm3_stm32f1.a(rcc.o)
 .text.rcc_clock_setup_in_hse_25mhz_out_72mhz
                0x0000000000000000       0xac /home/mark1/Documents/stm32/libopencm3/lib/libopencm3_stm32f1.a(rcc.o)
 .text.rcc_backupdomain_reset
                0x0000000000000000       0x18 /home/mark1/Documents/stm32/libopencm3/lib/libopencm3_stm32f1.a(rcc.o)
 .debug_macro   0x0000000000000000      0xa4e /home/mark1/Documents/stm32/libopencm3/lib/libopencm3_stm32f1.a(rcc.o)
 .debug_macro   0x0000000000000000       0x1c /home/mark1/Documents/stm32/libopencm3/lib/libopencm3_stm32f1.a(rcc.o)
 .debug_macro   0x0000000000000000       0x22 /home/mark1/Documents/stm32/libopencm3/lib/libopencm3_stm32f1.a(rcc.o)
 .debug_macro   0x0000000000000000       0x56 /home/mark1/Documents/stm32/libopencm3/lib/libopencm3_stm32f1.a(rcc.o)
 .debug_macro   0x0000000000000000       0x51 /home/mark1/Documents/stm32/libopencm3/lib/libopencm3_stm32f1.a(rcc.o)
 .debug_macro   0x0000000000000000       0xef /home/mark1/Documents/stm32/libopencm3/lib/libopencm3_stm32f1.a(rcc.o)
 .debug_macro   0x0000000000000000       0x6a /home/mark1/Documents/stm32/libopencm3/lib/libopencm3_stm32f1.a(rcc.o)
 .debug_macro   0x0000000000000000      0x1df /home/mark1/Documents/stm32/libopencm3/lib/libopencm3_stm32f1.a(rcc.o)
 .debug_macro   0x0000000000000000       0x22 /home/mark1/Documents/stm32/libopencm3/lib/libopencm3_stm32f1.a(rcc.o)
 .debug_macro   0x0000000000000000       0xe8 /home/mark1/Documents/stm32/libopencm3/lib/libopencm3_stm32f1.a(rcc.o)
 .debug_macro   0x0000000000000000       0x76 /home/mark1/Documents/stm32/libopencm3/lib/libopencm3_stm32f1.a(rcc.o)
 .debug_macro   0x0000000000000000      0x1b4 /home/mark1/Documents/stm32/libopencm3/lib/libopencm3_stm32f1.a(rcc.o)
 .group         0x0000000000000000        0xc /home/mark1/Documents/stm32/libopencm3/lib/libopencm3_stm32f1.a(rcc_common_all.o)
 .group         0x0000000000000000        0xc /home/mark1/Documents/stm32/libopencm3/lib/libopencm3_stm32f1.a(rcc_common_all.o)
 .group         0x0000000000000000        0xc /home/mark1/Documents/stm32/libopencm3/lib/libopencm3_stm32f1.a(rcc_common_all.o)
 .group         0x0000000000000000        0xc /home/mark1/Documents/stm32/libopencm3/lib/libopencm3_stm32f1.a(rcc_common_all.o)
 .group         0x0000000000000000        0xc /home/mark1/Documents/stm32/libopencm3/lib/libopencm3_stm32f1.a(rcc_common_all.o)
 .group         0x0000000000000000        0xc /home/mark1/Documents/stm32/libopencm3/lib/libopencm3_stm32f1.a(rcc_common_all.o)
 .group         0x0000000000000000        0xc /home/mark1/Documents/stm32/libopencm3/lib/libopencm3_stm32f1.a(rcc_common_all.o)
 .group         0x0000000000000000        0xc /home/mark1/Documents/stm32/libopencm3/lib/libopencm3_stm32f1.a(rcc_common_all.o)
 .group         0x0000000000000000        0xc /home/mark1/Documents/stm32/libopencm3/lib/libopencm3_stm32f1.a(rcc_common_all.o)
 .group         0x0000000000000000        0xc /home/mark1/Documents/stm32/libopencm3/lib/libopencm3_stm32f1.a(rcc_common_all.o)
 .group         0x0000000000000000        0xc /home/mark1/Documents/stm32/libopencm3/lib/libopencm3_stm32f1.a(rcc_common_all.o)
 .group         0x0000000000000000        0xc /home/mark1/Documents/stm32/libopencm3/lib/libopencm3_stm32f1.a(rcc_common_all.o)
 .group         0x0000000000000000        0xc /home/mark1/Documents/stm32/libopencm3/lib/libopencm3_stm32f1.a(rcc_common_all.o)
 .text          0x0000000000000000        0x0 /home/mark1/Documents/stm32/libopencm3/lib/libopencm3_stm32f1.a(rcc_common_all.o)
 .data          0x0000000000000000        0x0 /home/mark1/Documents/stm32/libopencm3/lib/libopencm3_stm32f1.a(rcc_common_all.o)
 .bss           0x0000000000000000        0x0 /home/mark1/Documents/stm32/libopencm3/lib/libopencm3_stm32f1.a(rcc_common_all.o)
 .text.rcc_peripheral_enable_clock
                0x0000000000000000        0x8 /home/mark1/Documents/stm32/libopencm3/lib/libopencm3_stm32f1.a(rcc_common_all.o)
 .text.rcc_peripheral_disable_clock
                0x0000000000000000        0xa /home/mark1/Documents/stm32/libopencm3/lib/libopencm3_stm32f1.a(rcc_common_all.o)
 .text.rcc_peripheral_reset
                0x0000000000000000        0x8 /home/mark1/Documents/stm32/libopencm3/lib/libopencm3_stm32f1.a(rcc_common_all.o)
 .text.rcc_peripheral_clear_reset
                0x0000000000000000        0xa /home/mark1/Documents/stm32/libopencm3/lib/libopencm3_stm32f1.a(rcc_common_all.o)
 .text.rcc_periph_clock_disable
                0x0000000000000000       0x1e /home/mark1/Documents/stm32/libopencm3/lib/libopencm3_stm32f1.a(rcc_common_all.o)
 .text.rcc_periph_reset_pulse
                0x0000000000000000       0x22 /home/mark1/Documents/stm32/libopencm3/lib/libopencm3_stm32f1.a(rcc_common_all.o)
 .text.rcc_periph_reset_hold
                0x0000000000000000       0x1a /home/mark1/Documents/stm32/libopencm3/lib/libopencm3_stm32f1.a(rcc_common_all.o)
 .text.rcc_periph_reset_release
                0x0000000000000000       0x1e /home/mark1/Documents/stm32/libopencm3/lib/libopencm3_stm32f1.a(rcc_common_all.o)
 .text.rcc_set_mco
                0x0000000000000000       0x14 /home/mark1/Documents/stm32/libopencm3/lib/libopencm3_stm32f1.a(rcc_common_all.o)
 .text.rcc_osc_bypass_enable
                0x0000000000000000       0x28 /home/mark1/Documents/stm32/libopencm3/lib/libopencm3_stm32f1.a(rcc_common_all.o)
 .text.rcc_osc_bypass_disable
                0x0000000000000000       0x28 /home/mark1/Documents/stm32/libopencm3/lib/libopencm3_stm32f1.a(rcc_common_all.o)
 .debug_macro   0x0000000000000000      0xa4e /home/mark1/Documents/stm32/libopencm3/lib/libopencm3_stm32f1.a(rcc_common_all.o)
 .debug_macro   0x0000000000000000       0x1c /home/mark1/Documents/stm32/libopencm3/lib/libopencm3_stm32f1.a(rcc_common_all.o)
 .debug_macro   0x0000000000000000       0x22 /home/mark1/Documents/stm32/libopencm3/lib/libopencm3_stm32f1.a(rcc_common_all.o)
 .debug_macro   0x0000000000000000       0x56 /home/mark1/Documents/stm32/libopencm3/lib/libopencm3_stm32f1.a(rcc_common_all.o)
 .debug_macro   0x0000000000000000       0x51 /home/mark1/Documents/stm32/libopencm3/lib/libopencm3_stm32f1.a(rcc_common_all.o)
 .debug_macro   0x0000000000000000       0xef /home/mark1/Documents/stm32/libopencm3/lib/libopencm3_stm32f1.a(rcc_common_all.o)
 .debug_macro   0x0000000000000000       0x6a /home/mark1/Documents/stm32/libopencm3/lib/libopencm3_stm32f1.a(rcc_common_all.o)
 .debug_macro   0x0000000000000000      0x1df /home/mark1/Documents/stm32/libopencm3/lib/libopencm3_stm32f1.a(rcc_common_all.o)
 .debug_macro   0x0000000000000000       0x22 /home/mark1/Documents/stm32/libopencm3/lib/libopencm3_stm32f1.a(rcc_common_all.o)
 .debug_macro   0x0000000000000000       0xe8 /home/mark1/Documents/stm32/libopencm3/lib/libopencm3_stm32f1.a(rcc_common_all.o)
 .debug_macro   0x0000000000000000       0x76 /home/mark1/Documents/stm32/libopencm3/lib/libopencm3_stm32f1.a(rcc_common_all.o)
 .debug_macro   0x0000000000000000      0x1b4 /home/mark1/Documents/stm32/libopencm3/lib/libopencm3_stm32f1.a(rcc_common_all.o)
 .debug_macro   0x0000000000000000      0x82c /home/mark1/Documents/stm32/libopencm3/lib/libopencm3_stm32f1.a(rcc_common_all.o)
 .group         0x0000000000000000        0xc /home/mark1/Documents/stm32/libopencm3/lib/libopencm3_stm32f1.a(usart_common_all.o)
 .group         0x0000000000000000        0xc /home/mark1/Documents/stm32/libopencm3/lib/libopencm3_stm32f1.a(usart_common_all.o)
 .group         0x0000000000000000        0xc /home/mark1/Documents/stm32/libopencm3/lib/libopencm3_stm32f1.a(usart_common_all.o)
 .group         0x0000000000000000        0xc /home/mark1/Documents/stm32/libopencm3/lib/libopencm3_stm32f1.a(usart_common_all.o)
 .group         0x0000000000000000        0xc /home/mark1/Documents/stm32/libopencm3/lib/libopencm3_stm32f1.a(usart_common_all.o)
 .group         0x0000000000000000        0xc /home/mark1/Documents/stm32/libopencm3/lib/libopencm3_stm32f1.a(usart_common_all.o)
 .group         0x0000000000000000        0xc /home/mark1/Documents/stm32/libopencm3/lib/libopencm3_stm32f1.a(usart_common_all.o)
 .group         0x0000000000000000        0xc /home/mark1/Documents/stm32/libopencm3/lib/libopencm3_stm32f1.a(usart_common_all.o)
 .group         0x0000000000000000        0xc /home/mark1/Documents/stm32/libopencm3/lib/libopencm3_stm32f1.a(usart_common_all.o)
 .group         0x0000000000000000        0xc /home/mark1/Documents/stm32/libopencm3/lib/libopencm3_stm32f1.a(usart_common_all.o)
 .group         0x0000000000000000        0xc /home/mark1/Documents/stm32/libopencm3/lib/libopencm3_stm32f1.a(usart_common_all.o)
 .group         0x0000000000000000        0xc /home/mark1/Documents/stm32/libopencm3/lib/libopencm3_stm32f1.a(usart_common_all.o)
 .group         0x0000000000000000        0xc /home/mark1/Documents/stm32/libopencm3/lib/libopencm3_stm32f1.a(usart_common_all.o)
 .group         0x0000000000000000        0xc /home/mark1/Documents/stm32/libopencm3/lib/libopencm3_stm32f1.a(usart_common_all.o)
 .group         0x0000000000000000        0xc /home/mark1/Documents/stm32/libopencm3/lib/libopencm3_stm32f1.a(usart_common_all.o)
 .text          0x0000000000000000        0x0 /home/mark1/Documents/stm32/libopencm3/lib/libopencm3_stm32f1.a(usart_common_all.o)
 .data          0x0000000000000000        0x0 /home/mark1/Documents/stm32/libopencm3/lib/libopencm3_stm32f1.a(usart_common_all.o)
 .bss           0x0000000000000000        0x0 /home/mark1/Documents/stm32/libopencm3/lib/libopencm3_stm32f1.a(usart_common_all.o)
 .text.usart_disable
                0x0000000000000000        0xa /home/mark1/Documents/stm32/libopencm3/lib/libopencm3_stm32f1.a(usart_common_all.o)
 .text.usart_recv_blocking
                0x0000000000000000       0x12 /home/mark1/Documents/stm32/libopencm3/lib/libopencm3_stm32f1.a(usart_common_all.o)
 .text.usart_enable_rx_dma
                0x0000000000000000        0xa /home/mark1/Documents/stm32/libopencm3/lib/libopencm3_stm32f1.a(usart_common_all.o)
 .text.usart_disable_rx_dma
                0x0000000000000000        0xa /home/mark1/Documents/stm32/libopencm3/lib/libopencm3_stm32f1.a(usart_common_all.o)
 .text.usart_enable_tx_dma
                0x0000000000000000        0xa /home/mark1/Documents/stm32/libopencm3/lib/libopencm3_stm32f1.a(usart_common_all.o)
 .text.usart_disable_tx_dma
                0x0000000000000000        0xa /home/mark1/Documents/stm32/libopencm3/lib/libopencm3_stm32f1.a(usart_common_all.o)
 .text.usart_enable_rx_interrupt
                0x0000000000000000        0xa /home/mark1/Documents/stm32/libopencm3/lib/libopencm3_stm32f1.a(usart_common_all.o)
 .text.usart_disable_rx_interrupt
                0x0000000000000000        0xa /home/mark1/Documents/stm32/libopencm3/lib/libopencm3_stm32f1.a(usart_common_all.o)
 .text.usart_enable_tx_interrupt
                0x0000000000000000        0xa /home/mark1/Documents/stm32/libopencm3/lib/libopencm3_stm32f1.a(usart_common_all.o)
 .text.usart_disable_tx_interrupt
                0x0000000000000000        0xa /home/mark1/Documents/stm32/libopencm3/lib/libopencm3_stm32f1.a(usart_common_all.o)
 .text.usart_enable_error_interrupt
                0x0000000000000000        0xa /home/mark1/Documents/stm32/libopencm3/lib/libopencm3_stm32f1.a(usart_common_all.o)
 .text.usart_disable_error_interrupt
                0x0000000000000000        0xa /home/mark1/Documents/stm32/libopencm3/lib/libopencm3_stm32f1.a(usart_common_all.o)
 .debug_macro   0x0000000000000000      0xa4e /home/mark1/Documents/stm32/libopencm3/lib/libopencm3_stm32f1.a(usart_common_all.o)
 .debug_macro   0x0000000000000000       0x1c /home/mark1/Documents/stm32/libopencm3/lib/libopencm3_stm32f1.a(usart_common_all.o)
 .debug_macro   0x0000000000000000       0x22 /home/mark1/Documents/stm32/libopencm3/lib/libopencm3_stm32f1.a(usart_common_all.o)
 .debug_macro   0x0000000000000000       0x56 /home/mark1/Documents/stm32/libopencm3/lib/libopencm3_stm32f1.a(usart_common_all.o)
 .debug_macro   0x0000000000000000       0x51 /home/mark1/Documents/stm32/libopencm3/lib/libopencm3_stm32f1.a(usart_common_all.o)
 .debug_macro   0x0000000000000000       0xef /home/mark1/Documents/stm32/libopencm3/lib/libopencm3_stm32f1.a(usart_common_all.o)
 .debug_macro   0x0000000000000000       0x6a /home/mark1/Documents/stm32/libopencm3/lib/libopencm3_stm32f1.a(usart_common_all.o)
 .debug_macro   0x0000000000000000      0x1df /home/mark1/Documents/stm32/libopencm3/lib/libopencm3_stm32f1.a(usart_common_all.o)
 .debug_macro   0x0000000000000000       0x22 /home/mark1/Documents/stm32/libopencm3/lib/libopencm3_stm32f1.a(usart_common_all.o)
 .debug_macro   0x0000000000000000       0xe8 /home/mark1/Documents/stm32/libopencm3/lib/libopencm3_stm32f1.a(usart_common_all.o)
 .debug_macro   0x0000000000000000       0x76 /home/mark1/Documents/stm32/libopencm3/lib/libopencm3_stm32f1.a(usart_common_all.o)
 .debug_macro   0x0000000000000000      0x1b4 /home/mark1/Documents/stm32/libopencm3/lib/libopencm3_stm32f1.a(usart_common_all.o)
 .debug_macro   0x0000000000000000      0x82c /home/mark1/Documents/stm32/libopencm3/lib/libopencm3_stm32f1.a(usart_common_all.o)
 .group         0x0000000000000000        0xc /home/mark1/Documents/stm32/libopencm3/lib/libopencm3_stm32f1.a(usart_common_f124.o)
 .group         0x0000000000000000        0xc /home/mark1/Documents/stm32/libopencm3/lib/libopencm3_stm32f1.a(usart_common_f124.o)
 .group         0x0000000000000000        0xc /home/mark1/Documents/stm32/libopencm3/lib/libopencm3_stm32f1.a(usart_common_f124.o)
 .group         0x0000000000000000        0xc /home/mark1/Documents/stm32/libopencm3/lib/libopencm3_stm32f1.a(usart_common_f124.o)
 .group         0x0000000000000000        0xc /home/mark1/Documents/stm32/libopencm3/lib/libopencm3_stm32f1.a(usart_common_f124.o)
 .group         0x0000000000000000        0xc /home/mark1/Documents/stm32/libopencm3/lib/libopencm3_stm32f1.a(usart_common_f124.o)
 .group         0x0000000000000000        0xc /home/mark1/Documents/stm32/libopencm3/lib/libopencm3_stm32f1.a(usart_common_f124.o)
 .group         0x0000000000000000        0xc /home/mark1/Documents/stm32/libopencm3/lib/libopencm3_stm32f1.a(usart_common_f124.o)
 .group         0x0000000000000000        0xc /home/mark1/Documents/stm32/libopencm3/lib/libopencm3_stm32f1.a(usart_common_f124.o)
 .group         0x0000000000000000        0xc /home/mark1/Documents/stm32/libopencm3/lib/libopencm3_stm32f1.a(usart_common_f124.o)
 .group         0x0000000000000000        0xc /home/mark1/Documents/stm32/libopencm3/lib/libopencm3_stm32f1.a(usart_common_f124.o)
 .group         0x0000000000000000        0xc /home/mark1/Documents/stm32/libopencm3/lib/libopencm3_stm32f1.a(usart_common_f124.o)
 .group         0x0000000000000000        0xc /home/mark1/Documents/stm32/libopencm3/lib/libopencm3_stm32f1.a(usart_common_f124.o)
 .group         0x0000000000000000        0xc /home/mark1/Documents/stm32/libopencm3/lib/libopencm3_stm32f1.a(usart_common_f124.o)
 .group         0x0000000000000000        0xc /home/mark1/Documents/stm32/libopencm3/lib/libopencm3_stm32f1.a(usart_common_f124.o)
 .text          0x0000000000000000        0x0 /home/mark1/Documents/stm32/libopencm3/lib/libopencm3_stm32f1.a(usart_common_f124.o)
 .data          0x0000000000000000        0x0 /home/mark1/Documents/stm32/libopencm3/lib/libopencm3_stm32f1.a(usart_common_f124.o)
 .bss           0x0000000000000000        0x0 /home/mark1/Documents/stm32/libopencm3/lib/libopencm3_stm32f1.a(usart_common_f124.o)
 .text.usart_recv
                0x0000000000000000        0x8 /home/mark1/Documents/stm32/libopencm3/lib/libopencm3_stm32f1.a(usart_common_f124.o)
 .text.usart_wait_recv_ready
                0x0000000000000000        0x8 /home/mark1/Documents/stm32/libopencm3/lib/libopencm3_stm32f1.a(usart_common_f124.o)
 .text.usart_get_flag
                0x0000000000000000        0xc /home/mark1/Documents/stm32/libopencm3/lib/libopencm3_stm32f1.a(usart_common_f124.o)
 .debug_macro   0x0000000000000000      0xa4e /home/mark1/Documents/stm32/libopencm3/lib/libopencm3_stm32f1.a(usart_common_f124.o)
 .debug_macro   0x0000000000000000       0x1c /home/mark1/Documents/stm32/libopencm3/lib/libopencm3_stm32f1.a(usart_common_f124.o)
 .debug_macro   0x0000000000000000       0x22 /home/mark1/Documents/stm32/libopencm3/lib/libopencm3_stm32f1.a(usart_common_f124.o)
 .debug_macro   0x0000000000000000       0x56 /home/mark1/Documents/stm32/libopencm3/lib/libopencm3_stm32f1.a(usart_common_f124.o)
 .debug_macro   0x0000000000000000       0x51 /home/mark1/Documents/stm32/libopencm3/lib/libopencm3_stm32f1.a(usart_common_f124.o)
 .debug_macro   0x0000000000000000       0xef /home/mark1/Documents/stm32/libopencm3/lib/libopencm3_stm32f1.a(usart_common_f124.o)
 .debug_macro   0x0000000000000000       0x6a /home/mark1/Documents/stm32/libopencm3/lib/libopencm3_stm32f1.a(usart_common_f124.o)
 .debug_macro   0x0000000000000000      0x1df /home/mark1/Documents/stm32/libopencm3/lib/libopencm3_stm32f1.a(usart_common_f124.o)
 .debug_macro   0x0000000000000000       0x22 /home/mark1/Documents/stm32/libopencm3/lib/libopencm3_stm32f1.a(usart_common_f124.o)
 .debug_macro   0x0000000000000000       0xe8 /home/mark1/Documents/stm32/libopencm3/lib/libopencm3_stm32f1.a(usart_common_f124.o)
 .debug_macro   0x0000000000000000       0x76 /home/mark1/Documents/stm32/libopencm3/lib/libopencm3_stm32f1.a(usart_common_f124.o)
 .debug_macro   0x0000000000000000      0x1b4 /home/mark1/Documents/stm32/libopencm3/lib/libopencm3_stm32f1.a(usart_common_f124.o)
 .debug_macro   0x0000000000000000       0x94 /home/mark1/Documents/stm32/libopencm3/lib/libopencm3_stm32f1.a(usart_common_f124.o)
 .debug_macro   0x0000000000000000      0x29e /home/mark1/Documents/stm32/libopencm3/lib/libopencm3_stm32f1.a(usart_common_f124.o)
 .debug_macro   0x0000000000000000      0x82c /home/mark1/Documents/stm32/libopencm3/lib/libopencm3_stm32f1.a(usart_common_f124.o)
 .group         0x0000000000000000        0xc /home/mark1/Documents/stm32/libopencm3/lib/libopencm3_stm32f1.a(vector.o)
 .group         0x0000000000000000        0xc /home/mark1/Documents/stm32/libopencm3/lib/libopencm3_stm32f1.a(vector.o)
 .group         0x0000000000000000        0xc /home/mark1/Documents/stm32/libopencm3/lib/libopencm3_stm32f1.a(vector.o)
 .group         0x0000000000000000        0xc /home/mark1/Documents/stm32/libopencm3/lib/libopencm3_stm32f1.a(vector.o)
 .group         0x0000000000000000        0xc /home/mark1/Documents/stm32/libopencm3/lib/libopencm3_stm32f1.a(vector.o)
 .group         0x0000000000000000        0xc /home/mark1/Documents/stm32/libopencm3/lib/libopencm3_stm32f1.a(vector.o)
 .group         0x0000000000000000        0xc /home/mark1/Documents/stm32/libopencm3/lib/libopencm3_stm32f1.a(vector.o)
 .group         0x0000000000000000        0xc /home/mark1/Documents/stm32/libopencm3/lib/libopencm3_stm32f1.a(vector.o)
 .group         0x0000000000000000        0xc /home/mark1/Documents/stm32/libopencm3/lib/libopencm3_stm32f1.a(vector.o)
 .group         0x0000000000000000        0xc /home/mark1/Documents/stm32/libopencm3/lib/libopencm3_stm32f1.a(vector.o)
 .group         0x0000000000000000        0xc /home/mark1/Documents/stm32/libopencm3/lib/libopencm3_stm32f1.a(vector.o)
 .group         0x0000000000000000        0xc /home/mark1/Documents/stm32/libopencm3/lib/libopencm3_stm32f1.a(vector.o)
 .group         0x0000000000000000        0xc /home/mark1/Documents/stm32/libopencm3/lib/libopencm3_stm32f1.a(vector.o)
 .group         0x0000000000000000        0xc /home/mark1/Documents/stm32/libopencm3/lib/libopencm3_stm32f1.a(vector.o)
 .text          0x0000000000000000        0x0 /home/mark1/Documents/stm32/libopencm3/lib/libopencm3_stm32f1.a(vector.o)
 .data          0x0000000000000000        0x0 /home/mark1/Documents/stm32/libopencm3/lib/libopencm3_stm32f1.a(vector.o)
 .bss           0x0000000000000000        0x0 /home/mark1/Documents/stm32/libopencm3/lib/libopencm3_stm32f1.a(vector.o)
 .debug_macro   0x0000000000000000      0xa4e /home/mark1/Documents/stm32/libopencm3/lib/libopencm3_stm32f1.a(vector.o)
 .debug_macro   0x0000000000000000       0x76 /home/mark1/Documents/stm32/libopencm3/lib/libopencm3_stm32f1.a(vector.o)
 .debug_macro   0x0000000000000000       0x1c /home/mark1/Documents/stm32/libopencm3/lib/libopencm3_stm32f1.a(vector.o)
 .debug_macro   0x0000000000000000       0x22 /home/mark1/Documents/stm32/libopencm3/lib/libopencm3_stm32f1.a(vector.o)
 .debug_macro   0x0000000000000000       0x56 /home/mark1/Documents/stm32/libopencm3/lib/libopencm3_stm32f1.a(vector.o)
 .debug_macro   0x0000000000000000       0x51 /home/mark1/Documents/stm32/libopencm3/lib/libopencm3_stm32f1.a(vector.o)
 .debug_macro   0x0000000000000000       0xef /home/mark1/Documents/stm32/libopencm3/lib/libopencm3_stm32f1.a(vector.o)
 .debug_macro   0x0000000000000000       0x6a /home/mark1/Documents/stm32/libopencm3/lib/libopencm3_stm32f1.a(vector.o)
 .debug_macro   0x0000000000000000      0x1df /home/mark1/Documents/stm32/libopencm3/lib/libopencm3_stm32f1.a(vector.o)
 .debug_macro   0x0000000000000000       0x22 /home/mark1/Documents/stm32/libopencm3/lib/libopencm3_stm32f1.a(vector.o)
 .debug_macro   0x0000000000000000       0xe8 /home/mark1/Documents/stm32/libopencm3/lib/libopencm3_stm32f1.a(vector.o)
 .group         0x0000000000000000        0xc /home/mark1/Documents/stm32/libopencm3/lib/libopencm3_stm32f1.a(assert.o)
 .group         0x0000000000000000        0xc /home/mark1/Documents/stm32/libopencm3/lib/libopencm3_stm32f1.a(assert.o)
 .group         0x0000000000000000        0xc /home/mark1/Documents/stm32/libopencm3/lib/libopencm3_stm32f1.a(assert.o)
 .group         0x0000000000000000        0xc /home/mark1/Documents/stm32/libopencm3/lib/libopencm3_stm32f1.a(assert.o)
 .group         0x0000000000000000        0xc /home/mark1/Documents/stm32/libopencm3/lib/libopencm3_stm32f1.a(assert.o)
 .group         0x0000000000000000        0xc /home/mark1/Documents/stm32/libopencm3/lib/libopencm3_stm32f1.a(assert.o)
 .group         0x0000000000000000        0xc /home/mark1/Documents/stm32/libopencm3/lib/libopencm3_stm32f1.a(assert.o)
 .group         0x0000000000000000        0xc /home/mark1/Documents/stm32/libopencm3/lib/libopencm3_stm32f1.a(assert.o)
 .group         0x0000000000000000        0xc /home/mark1/Documents/stm32/libopencm3/lib/libopencm3_stm32f1.a(assert.o)
 .group         0x0000000000000000        0xc /home/mark1/Documents/stm32/libopencm3/lib/libopencm3_stm32f1.a(assert.o)
 .group         0x0000000000000000        0xc /home/mark1/Documents/stm32/libopencm3/lib/libopencm3_stm32f1.a(assert.o)
 .text          0x0000000000000000        0x0 /home/mark1/Documents/stm32/libopencm3/lib/libopencm3_stm32f1.a(assert.o)
 .data          0x0000000000000000        0x0 /home/mark1/Documents/stm32/libopencm3/lib/libopencm3_stm32f1.a(assert.o)
 .bss           0x0000000000000000        0x0 /home/mark1/Documents/stm32/libopencm3/lib/libopencm3_stm32f1.a(assert.o)
 .text.cm3_assert_failed
                0x0000000000000000        0x2 /home/mark1/Documents/stm32/libopencm3/lib/libopencm3_stm32f1.a(assert.o)
 .text.cm3_assert_failed_verbose
                0x0000000000000000        0x6 /home/mark1/Documents/stm32/libopencm3/lib/libopencm3_stm32f1.a(assert.o)
 .debug_info    0x0000000000000000       0xee /home/mark1/Documents/stm32/libopencm3/lib/libopencm3_stm32f1.a(assert.o)
 .debug_abbrev  0x0000000000000000       0x8f /home/mark1/Documents/stm32/libopencm3/lib/libopencm3_stm32f1.a(assert.o)
 .debug_loc     0x0000000000000000       0x84 /home/mark1/Documents/stm32/libopencm3/lib/libopencm3_stm32f1.a(assert.o)
 .debug_aranges
                0x0000000000000000       0x28 /home/mark1/Documents/stm32/libopencm3/lib/libopencm3_stm32f1.a(assert.o)
 .debug_ranges  0x0000000000000000       0x18 /home/mark1/Documents/stm32/libopencm3/lib/libopencm3_stm32f1.a(assert.o)
 .debug_macro   0x0000000000000000       0x89 /home/mark1/Documents/stm32/libopencm3/lib/libopencm3_stm32f1.a(assert.o)
 .debug_macro   0x0000000000000000      0xa4e /home/mark1/Documents/stm32/libopencm3/lib/libopencm3_stm32f1.a(assert.o)
 .debug_macro   0x0000000000000000       0x1c /home/mark1/Documents/stm32/libopencm3/lib/libopencm3_stm32f1.a(assert.o)
 .debug_macro   0x0000000000000000       0x22 /home/mark1/Documents/stm32/libopencm3/lib/libopencm3_stm32f1.a(assert.o)
 .debug_macro   0x0000000000000000       0x56 /home/mark1/Documents/stm32/libopencm3/lib/libopencm3_stm32f1.a(assert.o)
 .debug_macro   0x0000000000000000       0x51 /home/mark1/Documents/stm32/libopencm3/lib/libopencm3_stm32f1.a(assert.o)
 .debug_macro   0x0000000000000000       0xef /home/mark1/Documents/stm32/libopencm3/lib/libopencm3_stm32f1.a(assert.o)
 .debug_macro   0x0000000000000000       0x6a /home/mark1/Documents/stm32/libopencm3/lib/libopencm3_stm32f1.a(assert.o)
 .debug_macro   0x0000000000000000      0x1df /home/mark1/Documents/stm32/libopencm3/lib/libopencm3_stm32f1.a(assert.o)
 .debug_macro   0x0000000000000000       0x22 /home/mark1/Documents/stm32/libopencm3/lib/libopencm3_stm32f1.a(assert.o)
 .debug_macro   0x0000000000000000       0xe8 /home/mark1/Documents/stm32/libopencm3/lib/libopencm3_stm32f1.a(assert.o)
 .debug_macro   0x0000000000000000       0x16 /home/mark1/Documents/stm32/libopencm3/lib/libopencm3_stm32f1.a(assert.o)
 .debug_line    0x0000000000000000      0x172 /home/mark1/Documents/stm32/libopencm3/lib/libopencm3_stm32f1.a(assert.o)
 .debug_str     0x0000000000000000     0x3fe7 /home/mark1/Documents/stm32/libopencm3/lib/libopencm3_stm32f1.a(assert.o)
 .comment       0x0000000000000000       0x58 /home/mark1/Documents/stm32/libopencm3/lib/libopencm3_stm32f1.a(assert.o)
 .debug_frame   0x0000000000000000       0x38 /home/mark1/Documents/stm32/libopencm3/lib/libopencm3_stm32f1.a(assert.o)
 .ARM.attributes
                0x0000000000000000       0x33 /home/mark1/Documents/stm32/libopencm3/lib/libopencm3_stm32f1.a(assert.o)
 .group         0x0000000000000000        0xc /home/mark1/Documents/stm32/libopencm3/lib/libopencm3_stm32f1.a(flash_common_all.o)
 .group         0x0000000000000000        0xc /home/mark1/Documents/stm32/libopencm3/lib/libopencm3_stm32f1.a(flash_common_all.o)
 .group         0x0000000000000000        0xc /home/mark1/Documents/stm32/libopencm3/lib/libopencm3_stm32f1.a(flash_common_all.o)
 .group         0x0000000000000000        0xc /home/mark1/Documents/stm32/libopencm3/lib/libopencm3_stm32f1.a(flash_common_all.o)
 .group         0x0000000000000000        0xc /home/mark1/Documents/stm32/libopencm3/lib/libopencm3_stm32f1.a(flash_common_all.o)
 .group         0x0000000000000000        0xc /home/mark1/Documents/stm32/libopencm3/lib/libopencm3_stm32f1.a(flash_common_all.o)
 .group         0x0000000000000000        0xc /home/mark1/Documents/stm32/libopencm3/lib/libopencm3_stm32f1.a(flash_common_all.o)
 .group         0x0000000000000000        0xc /home/mark1/Documents/stm32/libopencm3/lib/libopencm3_stm32f1.a(flash_common_all.o)
 .group         0x0000000000000000        0xc /home/mark1/Documents/stm32/libopencm3/lib/libopencm3_stm32f1.a(flash_common_all.o)
 .group         0x0000000000000000        0xc /home/mark1/Documents/stm32/libopencm3/lib/libopencm3_stm32f1.a(flash_common_all.o)
 .group         0x0000000000000000        0xc /home/mark1/Documents/stm32/libopencm3/lib/libopencm3_stm32f1.a(flash_common_all.o)
 .group         0x0000000000000000        0xc /home/mark1/Documents/stm32/libopencm3/lib/libopencm3_stm32f1.a(flash_common_all.o)
 .group         0x0000000000000000        0xc /home/mark1/Documents/stm32/libopencm3/lib/libopencm3_stm32f1.a(flash_common_all.o)
 .group         0x0000000000000000        0xc /home/mark1/Documents/stm32/libopencm3/lib/libopencm3_stm32f1.a(flash_common_all.o)
 .text          0x0000000000000000        0x0 /home/mark1/Documents/stm32/libopencm3/lib/libopencm3_stm32f1.a(flash_common_all.o)
 .data          0x0000000000000000        0x0 /home/mark1/Documents/stm32/libopencm3/lib/libopencm3_stm32f1.a(flash_common_all.o)
 .bss           0x0000000000000000        0x0 /home/mark1/Documents/stm32/libopencm3/lib/libopencm3_stm32f1.a(flash_common_all.o)
 .text.flash_prefetch_enable
                0x0000000000000000       0x10 /home/mark1/Documents/stm32/libopencm3/lib/libopencm3_stm32f1.a(flash_common_all.o)
 .text.flash_prefetch_disable
                0x0000000000000000       0x10 /home/mark1/Documents/stm32/libopencm3/lib/libopencm3_stm32f1.a(flash_common_all.o)
 .text.flash_unlock_option_bytes
                0x0000000000000000       0x18 /home/mark1/Documents/stm32/libopencm3/lib/libopencm3_stm32f1.a(flash_common_all.o)
 .debug_macro   0x0000000000000000      0xa4e /home/mark1/Documents/stm32/libopencm3/lib/libopencm3_stm32f1.a(flash_common_all.o)
 .debug_macro   0x0000000000000000       0x1c /home/mark1/Documents/stm32/libopencm3/lib/libopencm3_stm32f1.a(flash_common_all.o)
 .debug_macro   0x0000000000000000       0x22 /home/mark1/Documents/stm32/libopencm3/lib/libopencm3_stm32f1.a(flash_common_all.o)
 .debug_macro   0x0000000000000000       0x56 /home/mark1/Documents/stm32/libopencm3/lib/libopencm3_stm32f1.a(flash_common_all.o)
 .debug_macro   0x0000000000000000       0x51 /home/mark1/Documents/stm32/libopencm3/lib/libopencm3_stm32f1.a(flash_common_all.o)
 .debug_macro   0x0000000000000000       0xef /home/mark1/Documents/stm32/libopencm3/lib/libopencm3_stm32f1.a(flash_common_all.o)
 .debug_macro   0x0000000000000000       0x6a /home/mark1/Documents/stm32/libopencm3/lib/libopencm3_stm32f1.a(flash_common_all.o)
 .debug_macro   0x0000000000000000      0x1df /home/mark1/Documents/stm32/libopencm3/lib/libopencm3_stm32f1.a(flash_common_all.o)
 .debug_macro   0x0000000000000000       0x22 /home/mark1/Documents/stm32/libopencm3/lib/libopencm3_stm32f1.a(flash_common_all.o)
 .debug_macro   0x0000000000000000       0xe8 /home/mark1/Documents/stm32/libopencm3/lib/libopencm3_stm32f1.a(flash_common_all.o)
 .debug_macro   0x0000000000000000       0x76 /home/mark1/Documents/stm32/libopencm3/lib/libopencm3_stm32f1.a(flash_common_all.o)
 .debug_macro   0x0000000000000000      0x1b4 /home/mark1/Documents/stm32/libopencm3/lib/libopencm3_stm32f1.a(flash_common_all.o)
 .debug_macro   0x0000000000000000       0xee /home/mark1/Documents/stm32/libopencm3/lib/libopencm3_stm32f1.a(flash_common_all.o)
 .debug_macro   0x0000000000000000       0x82 /home/mark1/Documents/stm32/libopencm3/lib/libopencm3_stm32f1.a(flash_common_all.o)

Memory Configuration

Name             Origin             Length             Attributes
rom              0x0000000008000000 0x0000000000010000 xr
ram              0x0000000020000000 0x0000000000005000 xrw
*default*        0x0000000000000000 0xffffffffffffffff

Linker script and memory map

LOAD uart.o
LOAD rtos/heap_4.o
LOAD rtos/list.o
LOAD rtos/port.o
LOAD rtos/queue.o
LOAD rtos/tasks.o
LOAD rtos/opencm3.o
START GROUP
LOAD /usr/lib/gcc/arm-none-eabi/7.3.1/../../../arm-none-eabi/lib/thumb/v7-m/libc.a
LOAD /usr/lib/gcc/arm-none-eabi/7.3.1/thumb/v7-m/libgcc.a
LOAD /usr/lib/gcc/arm-none-eabi/7.3.1/../../../arm-none-eabi/lib/thumb/v7-m/libnosys.a
END GROUP
LOAD /home/mark1/Documents/stm32//rtos/libwwg/libwwg.a
LOAD /home/mark1/Documents/stm32/libopencm3/lib/libopencm3_stm32f1.a
START GROUP
LOAD /usr/lib/gcc/arm-none-eabi/7.3.1/thumb/v7-m/libgcc.a
LOAD /usr/lib/gcc/arm-none-eabi/7.3.1/../../../arm-none-eabi/lib/thumb/v7-m/libc.a
END GROUP
START GROUP
LOAD /usr/lib/gcc/arm-none-eabi/7.3.1/thumb/v7-m/libgcc.a
LOAD /usr/lib/gcc/arm-none-eabi/7.3.1/../../../arm-none-eabi/lib/thumb/v7-m/libc.a
LOAD /usr/lib/gcc/arm-none-eabi/7.3.1/../../../arm-none-eabi/lib/thumb/v7-m/libnosys.a
END GROUP

.text           0x0000000008000000      0xee4
 *(.vectors)
 .vectors       0x0000000008000000      0x150 /home/mark1/Documents/stm32/libopencm3/lib/libopencm3_stm32f1.a(vector.o)
                0x0000000008000000                vector_table
 *(.text*)
 .text.task1    0x0000000008000150       0x4c uart.o
 .text.startup.main
                0x000000000800019c       0xa0 uart.o
                0x000000000800019c                main
 .text.prvInsertBlockIntoFreeList
                0x000000000800023c       0x48 rtos/heap_4.o
 .text.pvPortMalloc
                0x0000000008000284       0xf4 rtos/heap_4.o
                0x0000000008000284                pvPortMalloc
 .text.vPortFree
                0x0000000008000378       0x4c rtos/heap_4.o
                0x0000000008000378                vPortFree
 .text.vListInitialise
                0x00000000080003c4       0x16 rtos/list.o
                0x00000000080003c4                vListInitialise
 .text.vListInitialiseItem
                0x00000000080003da        0x6 rtos/list.o
                0x00000000080003da                vListInitialiseItem
 .text.vListInsertEnd
                0x00000000080003e0       0x18 rtos/list.o
                0x00000000080003e0                vListInsertEnd
 .text.vListInsert
                0x00000000080003f8       0x2e rtos/list.o
                0x00000000080003f8                vListInsert
 .text.uxListRemove
                0x0000000008000426       0x20 rtos/list.o
                0x0000000008000426                uxListRemove
 .text.prvTaskExitError
                0x0000000008000446       0x12 rtos/port.o
 .text.prvPortStartFirstTask
                0x0000000008000458       0x20 rtos/port.o
 .text.pxPortInitialiseStack
                0x0000000008000478       0x24 rtos/port.o
                0x0000000008000478                pxPortInitialiseStack
 *fill*         0x000000000800049c        0x4 
 .text.vPortSVCHandler
                0x00000000080004a0       0x24 rtos/port.o
                0x00000000080004a0                vPortSVCHandler
 .text.vPortEnterCritical
                0x00000000080004c4       0x20 rtos/port.o
                0x00000000080004c4                vPortEnterCritical
 .text.vPortExitCritical
                0x00000000080004e4       0x14 rtos/port.o
                0x00000000080004e4                vPortExitCritical
 *fill*         0x00000000080004f8        0x8 
 .text.xPortPendSVHandler
                0x0000000008000500       0x44 rtos/port.o
                0x0000000008000500                xPortPendSVHandler
 .text.xPortSysTickHandler
                0x0000000008000544       0x2c rtos/port.o
                0x0000000008000544                xPortSysTickHandler
 .text.vPortSetupTimerInterrupt
                0x0000000008000570       0x14 rtos/port.o
                0x0000000008000570                vPortSetupTimerInterrupt
 .text.xPortStartScheduler
                0x0000000008000584       0x30 rtos/port.o
                0x0000000008000584                xPortStartScheduler
 .text.prvIdleTask
                0x00000000080005b4       0x24 rtos/tasks.o
 .text.prvResetNextTaskUnblockTime
                0x00000000080005d8       0x24 rtos/tasks.o
 .text.prvAddCurrentTaskToDelayedList.isra.2
                0x00000000080005fc       0x70 rtos/tasks.o
 .text.xTaskCreate
                0x000000000800066c      0x1ac rtos/tasks.o
                0x000000000800066c                xTaskCreate
 .text.vTaskStartScheduler
                0x0000000008000818       0x60 rtos/tasks.o
                0x0000000008000818                vTaskStartScheduler
 .text.vTaskSuspendAll
                0x0000000008000878       0x10 rtos/tasks.o
                0x0000000008000878                vTaskSuspendAll
 .text.xTaskIncrementTick
                0x0000000008000888      0x10c rtos/tasks.o
                0x0000000008000888                xTaskIncrementTick
 .text.xTaskResumeAll
                0x0000000008000994       0xd8 rtos/tasks.o
                0x0000000008000994                xTaskResumeAll
 .text.vTaskDelay
                0x0000000008000a6c       0x2c rtos/tasks.o
                0x0000000008000a6c                vTaskDelay
 .text.vTaskSwitchContext
                0x0000000008000a98       0x60 rtos/tasks.o
                0x0000000008000a98                vTaskSwitchContext
 .text.sv_call_handler
                0x0000000008000af8        0x4 rtos/opencm3.o
                0x0000000008000af8                sv_call_handler
 .text.pend_sv_handler
                0x0000000008000afc        0x4 rtos/opencm3.o
                0x0000000008000afc                pend_sv_handler
 .text.sys_tick_handler
                0x0000000008000b00        0x4 rtos/opencm3.o
                0x0000000008000b00                sys_tick_handler
 .text.gpio_set_mode
                0x0000000008000b04       0x62 /home/mark1/Documents/stm32/libopencm3/lib/libopencm3_stm32f1.a(gpio.o)
                0x0000000008000b04                gpio_set_mode
 .text.gpio_toggle
                0x0000000008000b66       0x12 /home/mark1/Documents/stm32/libopencm3/lib/libopencm3_stm32f1.a(gpio_common_all.o)
                0x0000000008000b66                gpio_toggle
 .text.rcc_osc_on.part.1
                0x0000000008000b78       0x10 /home/mark1/Documents/stm32/libopencm3/lib/libopencm3_stm32f1.a(rcc.o)
 .text.rcc_is_osc_ready
                0x0000000008000b88       0x5c /home/mark1/Documents/stm32/libopencm3/lib/libopencm3_stm32f1.a(rcc.o)
                0x0000000008000b88                rcc_is_osc_ready
 .text.rcc_wait_for_osc_ready
                0x0000000008000be4       0x10 /home/mark1/Documents/stm32/libopencm3/lib/libopencm3_stm32f1.a(rcc.o)
                0x0000000008000be4                rcc_wait_for_osc_ready
 .text.rcc_osc_on
                0x0000000008000bf4       0x54 /home/mark1/Documents/stm32/libopencm3/lib/libopencm3_stm32f1.a(rcc.o)
                0x0000000008000bf4                rcc_osc_on
 .text.rcc_set_sysclk_source
                0x0000000008000c48       0x14 /home/mark1/Documents/stm32/libopencm3/lib/libopencm3_stm32f1.a(rcc.o)
                0x0000000008000c48                rcc_set_sysclk_source
 .text.rcc_set_pll_multiplication_factor
                0x0000000008000c5c       0x14 /home/mark1/Documents/stm32/libopencm3/lib/libopencm3_stm32f1.a(rcc.o)
                0x0000000008000c5c                rcc_set_pll_multiplication_factor
 .text.rcc_set_pll_source
                0x0000000008000c70       0x14 /home/mark1/Documents/stm32/libopencm3/lib/libopencm3_stm32f1.a(rcc.o)
                0x0000000008000c70                rcc_set_pll_source
 .text.rcc_set_pllxtpre
                0x0000000008000c84       0x14 /home/mark1/Documents/stm32/libopencm3/lib/libopencm3_stm32f1.a(rcc.o)
                0x0000000008000c84                rcc_set_pllxtpre
 .text.rcc_set_adcpre
                0x0000000008000c98       0x14 /home/mark1/Documents/stm32/libopencm3/lib/libopencm3_stm32f1.a(rcc.o)
                0x0000000008000c98                rcc_set_adcpre
 .text.rcc_set_ppre2
                0x0000000008000cac       0x14 /home/mark1/Documents/stm32/libopencm3/lib/libopencm3_stm32f1.a(rcc.o)
                0x0000000008000cac                rcc_set_ppre2
 .text.rcc_set_ppre1
                0x0000000008000cc0       0x14 /home/mark1/Documents/stm32/libopencm3/lib/libopencm3_stm32f1.a(rcc.o)
                0x0000000008000cc0                rcc_set_ppre1
 .text.rcc_set_hpre
                0x0000000008000cd4       0x14 /home/mark1/Documents/stm32/libopencm3/lib/libopencm3_stm32f1.a(rcc.o)
                0x0000000008000cd4                rcc_set_hpre
 .text.rcc_clock_setup_in_hse_8mhz_out_72mhz
                0x0000000008000ce8       0x8c /home/mark1/Documents/stm32/libopencm3/lib/libopencm3_stm32f1.a(rcc.o)
                0x0000000008000ce8                rcc_clock_setup_in_hse_8mhz_out_72mhz
 .text.rcc_periph_clock_enable
                0x0000000008000d74       0x1a /home/mark1/Documents/stm32/libopencm3/lib/libopencm3_stm32f1.a(rcc_common_all.o)
                0x0000000008000d74                rcc_periph_clock_enable
 *fill*         0x0000000008000d8e        0x2 
 .text.usart_set_baudrate
                0x0000000008000d90       0x28 /home/mark1/Documents/stm32/libopencm3/lib/libopencm3_stm32f1.a(usart_common_all.o)
                0x0000000008000d90                usart_set_baudrate
 .text.usart_set_databits
                0x0000000008000db8       0x12 /home/mark1/Documents/stm32/libopencm3/lib/libopencm3_stm32f1.a(usart_common_all.o)
                0x0000000008000db8                usart_set_databits
 .text.usart_set_stopbits
                0x0000000008000dca        0xc /home/mark1/Documents/stm32/libopencm3/lib/libopencm3_stm32f1.a(usart_common_all.o)
                0x0000000008000dca                usart_set_stopbits
 .text.usart_set_parity
                0x0000000008000dd6        0xc /home/mark1/Documents/stm32/libopencm3/lib/libopencm3_stm32f1.a(usart_common_all.o)
                0x0000000008000dd6                usart_set_parity
 .text.usart_set_mode
                0x0000000008000de2        0xc /home/mark1/Documents/stm32/libopencm3/lib/libopencm3_stm32f1.a(usart_common_all.o)
                0x0000000008000de2                usart_set_mode
 .text.usart_set_flow_control
                0x0000000008000dee        0xc /home/mark1/Documents/stm32/libopencm3/lib/libopencm3_stm32f1.a(usart_common_all.o)
                0x0000000008000dee                usart_set_flow_control
 .text.usart_enable
                0x0000000008000dfa        0xa /home/mark1/Documents/stm32/libopencm3/lib/libopencm3_stm32f1.a(usart_common_all.o)
                0x0000000008000dfa                usart_enable
 .text.usart_send_blocking
                0x0000000008000e04       0x16 /home/mark1/Documents/stm32/libopencm3/lib/libopencm3_stm32f1.a(usart_common_all.o)
                0x0000000008000e04                usart_send_blocking
 .text.usart_send
                0x0000000008000e1a        0x8 /home/mark1/Documents/stm32/libopencm3/lib/libopencm3_stm32f1.a(usart_common_f124.o)
                0x0000000008000e1a                usart_send
 .text.usart_wait_send_ready
                0x0000000008000e22        0x8 /home/mark1/Documents/stm32/libopencm3/lib/libopencm3_stm32f1.a(usart_common_f124.o)
                0x0000000008000e22                usart_wait_send_ready
 .text.blocking_handler
                0x0000000008000e2a        0x2 /home/mark1/Documents/stm32/libopencm3/lib/libopencm3_stm32f1.a(vector.o)
                0x0000000008000e2a                usart3_isr
                0x0000000008000e2a                rtc_isr
                0x0000000008000e2a                tim7_isr
                0x0000000008000e2a                adc1_2_isr
                0x0000000008000e2a                tim1_trg_com_isr
                0x0000000008000e2a                usb_hp_can_tx_isr
                0x0000000008000e2a                tim6_isr
                0x0000000008000e2a                usb_wakeup_isr
                0x0000000008000e2a                blocking_handler
                0x0000000008000e2a                tim5_isr
                0x0000000008000e2a                otg_fs_isr
                0x0000000008000e2a                spi1_isr
                0x0000000008000e2a                exti2_isr
                0x0000000008000e2a                dma1_channel6_isr
                0x0000000008000e2a                can_rx1_isr
                0x0000000008000e2a                dma1_channel5_isr
                0x0000000008000e2a                dma2_channel5_isr
                0x0000000008000e2a                usart1_isr
                0x0000000008000e2a                usage_fault_handler
                0x0000000008000e2a                tim8_trg_com_isr
                0x0000000008000e2a                can2_rx0_isr
                0x0000000008000e2a                tim1_brk_isr
                0x0000000008000e2a                can2_rx1_isr
                0x0000000008000e2a                tim1_cc_isr
                0x0000000008000e2a                sdio_isr
                0x0000000008000e2a                eth_isr
                0x0000000008000e2a                dma1_channel4_isr
                0x0000000008000e2a                tim8_brk_isr
                0x0000000008000e2a                dma2_channel4_5_isr
                0x0000000008000e2a                pvd_isr
                0x0000000008000e2a                rcc_isr
                0x0000000008000e2a                flash_isr
                0x0000000008000e2a                uart4_isr
                0x0000000008000e2a                rtc_alarm_isr
                0x0000000008000e2a                exti15_10_isr
                0x0000000008000e2a                hard_fault_handler
                0x0000000008000e2a                exti1_isr
                0x0000000008000e2a                i2c1_ev_isr
                0x0000000008000e2a                dma2_channel1_isr
                0x0000000008000e2a                spi2_isr
                0x0000000008000e2a                tim8_up_isr
                0x0000000008000e2a                dma2_channel2_isr
                0x0000000008000e2a                exti3_isr
                0x0000000008000e2a                adc3_isr
                0x0000000008000e2a                tim3_isr
                0x0000000008000e2a                usart2_isr
                0x0000000008000e2a                usb_lp_can_rx0_isr
                0x0000000008000e2a                i2c2_er_isr
                0x0000000008000e2a                i2c2_ev_isr
                0x0000000008000e2a                uart5_isr
                0x0000000008000e2a                fsmc_isr
                0x0000000008000e2a                dma1_channel1_isr
                0x0000000008000e2a                exti4_isr
                0x0000000008000e2a                mem_manage_handler
                0x0000000008000e2a                can2_tx_isr
                0x0000000008000e2a                exti9_5_isr
                0x0000000008000e2a                dma2_channel3_isr
                0x0000000008000e2a                dma1_channel7_isr
                0x0000000008000e2a                tim1_up_isr
                0x0000000008000e2a                can2_sce_isr
                0x0000000008000e2a                tim4_isr
                0x0000000008000e2a                dma1_channel2_isr
                0x0000000008000e2a                i2c1_er_isr
                0x0000000008000e2a                can_sce_isr
                0x0000000008000e2a                tim8_cc_isr
                0x0000000008000e2a                tamper_isr
                0x0000000008000e2a                eth_wkup_isr
                0x0000000008000e2a                bus_fault_handler
                0x0000000008000e2a                wwdg_isr
                0x0000000008000e2a                dma1_channel3_isr
                0x0000000008000e2a                spi3_isr
                0x0000000008000e2a                tim2_isr
                0x0000000008000e2a                exti0_isr
 .text.null_handler
                0x0000000008000e2c        0x2 /home/mark1/Documents/stm32/libopencm3/lib/libopencm3_stm32f1.a(vector.o)
                0x0000000008000e2c                null_handler
                0x0000000008000e2c                debug_monitor_handler
                0x0000000008000e2c                nmi_handler
 *fill*         0x0000000008000e2e        0x2 
 .text.reset_handler
                0x0000000008000e30       0x94 /home/mark1/Documents/stm32/libopencm3/lib/libopencm3_stm32f1.a(vector.o)
                0x0000000008000e30                reset_handler
 .text.flash_set_ws
                0x0000000008000ec4       0x14 /home/mark1/Documents/stm32/libopencm3/lib/libopencm3_stm32f1.a(flash_common_all.o)
                0x0000000008000ec4                flash_set_ws
                0x0000000008000ed8                . = ALIGN (0x4)
 *(.rodata*)
 .rodata.main.str1.1
                0x0000000008000ed8        0x6 uart.o
 .rodata.vTaskStartScheduler.str1.1
                0x0000000008000ede        0x5 rtos/tasks.o
                0x0000000008000ee4                . = ALIGN (0x4)
 *fill*         0x0000000008000ee3        0x1 

.glue_7         0x0000000008000ee4        0x0
 .glue_7        0x0000000008000ee4        0x0 linker stubs

.glue_7t        0x0000000008000ee4        0x0
 .glue_7t       0x0000000008000ee4        0x0 linker stubs

.vfp11_veneer   0x0000000008000ee4        0x0
 .vfp11_veneer  0x0000000008000ee4        0x0 linker stubs

.v4_bx          0x0000000008000ee4        0x0
 .v4_bx         0x0000000008000ee4        0x0 linker stubs

.iplt           0x0000000008000ee4        0x0
 .iplt          0x0000000008000ee4        0x0 uart.o

.rel.dyn        0x0000000008000ee4        0x0
 .rel.iplt      0x0000000008000ee4        0x0 uart.o

.preinit_array  0x0000000008000ee4        0x0
                0x0000000008000ee4                . = ALIGN (0x4)
                0x0000000008000ee4                __preinit_array_start = .
 *(.preinit_array)
                0x0000000008000ee4                __preinit_array_end = .

.init_array     0x0000000008000ee4        0x0
                0x0000000008000ee4                . = ALIGN (0x4)
                0x0000000008000ee4                __init_array_start = .
 *(SORT_BY_NAME(.init_array.*))
 *(.init_array)
                0x0000000008000ee4                __init_array_end = .

.fini_array     0x0000000008000ee4        0x0
                0x0000000008000ee4                . = ALIGN (0x4)
                0x0000000008000ee4                __fini_array_start = .
 *(.fini_array)
 *(SORT_BY_NAME(.fini_array.*))
                0x0000000008000ee4                __fini_array_end = .

.ARM.extab
 *(.ARM.extab*)

.ARM.exidx      0x0000000008000ee4        0x0
                0x0000000008000ee4                __exidx_start = .
 *(.ARM.exidx*)
                0x0000000008000ee4                __exidx_end = .
                0x0000000008000ee4                . = ALIGN (0x4)
                0x0000000008000ee4                _etext = .

.data           0x0000000020000000       0x10 load address 0x0000000008000ee4
                0x0000000020000000                _data = .
 *(.data*)
 .data.uxCriticalNesting
                0x0000000020000000        0x4 rtos/port.o
 .data.rcc_ahb_frequency
                0x0000000020000004        0x4 /home/mark1/Documents/stm32/libopencm3/lib/libopencm3_stm32f1.a(rcc.o)
                0x0000000020000004                rcc_ahb_frequency
 .data.rcc_apb1_frequency
                0x0000000020000008        0x4 /home/mark1/Documents/stm32/libopencm3/lib/libopencm3_stm32f1.a(rcc.o)
                0x0000000020000008                rcc_apb1_frequency
 .data.rcc_apb2_frequency
                0x000000002000000c        0x4 /home/mark1/Documents/stm32/libopencm3/lib/libopencm3_stm32f1.a(rcc.o)
                0x000000002000000c                rcc_apb2_frequency
                0x0000000020000010                . = ALIGN (0x4)
                0x0000000020000010                _edata = .
                0x0000000008000ee4                _data_loadaddr = LOADADDR (.data)

.igot.plt       0x0000000020000010        0x0 load address 0x0000000008000ef4
 .igot.plt      0x0000000020000010        0x0 uart.o

.bss            0x0000000020000010     0x44f0 load address 0x0000000008000ef4
 *(.bss*)
 .bss.pxEnd     0x0000000020000010        0x4 rtos/heap_4.o
 .bss.ucHeap    0x0000000020000014     0x4400 rtos/heap_4.o
 .bss.xBlockAllocatedBit
                0x0000000020004414        0x4 rtos/heap_4.o
 .bss.xFreeBytesRemaining
                0x0000000020004418        0x4 rtos/heap_4.o
 .bss.xMinimumEverFreeBytesRemaining
                0x000000002000441c        0x4 rtos/heap_4.o
 .bss.xStart    0x0000000020004420        0x8 rtos/heap_4.o
 .bss.pxCurrentTCB
                0x0000000020004428        0x4 rtos/tasks.o
                0x0000000020004428                pxCurrentTCB
 .bss.pxDelayedTaskList
                0x000000002000442c        0x4 rtos/tasks.o
 .bss.pxOverflowDelayedTaskList
                0x0000000020004430        0x4 rtos/tasks.o
 .bss.pxReadyTasksLists
                0x0000000020004434       0x64 rtos/tasks.o
 .bss.uxCurrentNumberOfTasks
                0x0000000020004498        0x4 rtos/tasks.o
 .bss.uxPendedTicks
                0x000000002000449c        0x4 rtos/tasks.o
 .bss.uxSchedulerSuspended
                0x00000000200044a0        0x4 rtos/tasks.o
 .bss.uxTaskNumber
                0x00000000200044a4        0x4 rtos/tasks.o
 .bss.uxTopReadyPriority
                0x00000000200044a8        0x4 rtos/tasks.o
 .bss.xDelayedTaskList1
                0x00000000200044ac       0x14 rtos/tasks.o
 .bss.xDelayedTaskList2
                0x00000000200044c0       0x14 rtos/tasks.o
 .bss.xIdleTaskHandle
                0x00000000200044d4        0x4 rtos/tasks.o
 .bss.xNextTaskUnblockTime
                0x00000000200044d8        0x4 rtos/tasks.o
 .bss.xNumOfOverflows
                0x00000000200044dc        0x4 rtos/tasks.o
 .bss.xPendingReadyList
                0x00000000200044e0       0x14 rtos/tasks.o
 .bss.xSchedulerRunning
                0x00000000200044f4        0x4 rtos/tasks.o
 .bss.xTickCount
                0x00000000200044f8        0x4 rtos/tasks.o
 .bss.xYieldPending
                0x00000000200044fc        0x4 rtos/tasks.o
 *(COMMON)
                0x0000000020004500                . = ALIGN (0x4)
                0x0000000020004500                _ebss = .

/DISCARD/
 *(.eh_frame)
                0x0000000020004500                . = ALIGN (0x4)
                0x0000000020004500                end = .
                0x0000000020005000                PROVIDE (_stack = (ORIGIN (ram) + LENGTH (ram)))
OUTPUT(uart.elf elf32-littlearm)

.debug_info     0x0000000000000000     0x64de
 .debug_info    0x0000000000000000      0x617 uart.o
 .debug_info    0x0000000000000617      0xbc9 rtos/heap_4.o
 .debug_info    0x00000000000011e0      0xaa1 rtos/list.o
 .debug_info    0x0000000000001c81      0x2fb rtos/port.o
 .debug_info    0x0000000000001f7c     0x1eed rtos/tasks.o
 .debug_info    0x0000000000003e69      0x12b rtos/opencm3.o
 .debug_info    0x0000000000003f94      0x1db /home/mark1/Documents/stm32/libopencm3/lib/libopencm3_stm32f1.a(gpio.o)
 .debug_info    0x000000000000416f      0x22c /home/mark1/Documents/stm32/libopencm3/lib/libopencm3_stm32f1.a(gpio_common_all.o)
 .debug_info    0x000000000000439b     0x1160 /home/mark1/Documents/stm32/libopencm3/lib/libopencm3_stm32f1.a(rcc.o)
 .debug_info    0x00000000000054fb      0x5f5 /home/mark1/Documents/stm32/libopencm3/lib/libopencm3_stm32f1.a(rcc_common_all.o)
 .debug_info    0x0000000000005af0      0x4c0 /home/mark1/Documents/stm32/libopencm3/lib/libopencm3_stm32f1.a(usart_common_all.o)
 .debug_info    0x0000000000005fb0      0x19a /home/mark1/Documents/stm32/libopencm3/lib/libopencm3_stm32f1.a(usart_common_f124.o)
 .debug_info    0x000000000000614a      0x2a8 /home/mark1/Documents/stm32/libopencm3/lib/libopencm3_stm32f1.a(vector.o)
 .debug_info    0x00000000000063f2       0xec /home/mark1/Documents/stm32/libopencm3/lib/libopencm3_stm32f1.a(flash_common_all.o)

.debug_abbrev   0x0000000000000000     0x15f6
 .debug_abbrev  0x0000000000000000      0x16f uart.o
 .debug_abbrev  0x000000000000016f      0x303 rtos/heap_4.o
 .debug_abbrev  0x0000000000000472      0x208 rtos/list.o
 .debug_abbrev  0x000000000000067a      0x1d4 rtos/port.o
 .debug_abbrev  0x000000000000084e      0x447 rtos/tasks.o
 .debug_abbrev  0x0000000000000c95       0x81 rtos/opencm3.o
 .debug_abbrev  0x0000000000000d16       0xb7 /home/mark1/Documents/stm32/libopencm3/lib/libopencm3_stm32f1.a(gpio.o)
 .debug_abbrev  0x0000000000000dcd       0xf4 /home/mark1/Documents/stm32/libopencm3/lib/libopencm3_stm32f1.a(gpio_common_all.o)
 .debug_abbrev  0x0000000000000ec1      0x285 /home/mark1/Documents/stm32/libopencm3/lib/libopencm3_stm32f1.a(rcc.o)
 .debug_abbrev  0x0000000000001146      0x139 /home/mark1/Documents/stm32/libopencm3/lib/libopencm3_stm32f1.a(rcc_common_all.o)
 .debug_abbrev  0x000000000000127f      0x10f /home/mark1/Documents/stm32/libopencm3/lib/libopencm3_stm32f1.a(usart_common_all.o)
 .debug_abbrev  0x000000000000138e       0xb7 /home/mark1/Documents/stm32/libopencm3/lib/libopencm3_stm32f1.a(usart_common_f124.o)
 .debug_abbrev  0x0000000000001445      0x127 /home/mark1/Documents/stm32/libopencm3/lib/libopencm3_stm32f1.a(vector.o)
 .debug_abbrev  0x000000000000156c       0x8a /home/mark1/Documents/stm32/libopencm3/lib/libopencm3_stm32f1.a(flash_common_all.o)

.debug_loc      0x0000000000000000     0x2151
 .debug_loc     0x0000000000000000       0x9f uart.o
 .debug_loc     0x000000000000009f      0x342 rtos/heap_4.o
 .debug_loc     0x00000000000003e1       0x94 rtos/list.o
 .debug_loc     0x0000000000000475       0xa8 rtos/port.o
 .debug_loc     0x000000000000051d      0xe35 rtos/tasks.o
 .debug_loc     0x0000000000001352      0x48a /home/mark1/Documents/stm32/libopencm3/lib/libopencm3_stm32f1.a(gpio.o)
 .debug_loc     0x00000000000017dc       0x97 /home/mark1/Documents/stm32/libopencm3/lib/libopencm3_stm32f1.a(gpio_common_all.o)
 .debug_loc     0x0000000000001873      0x480 /home/mark1/Documents/stm32/libopencm3/lib/libopencm3_stm32f1.a(rcc.o)
 .debug_loc     0x0000000000001cf3      0x108 /home/mark1/Documents/stm32/libopencm3/lib/libopencm3_stm32f1.a(rcc_common_all.o)
 .debug_loc     0x0000000000001dfb      0x1ca /home/mark1/Documents/stm32/libopencm3/lib/libopencm3_stm32f1.a(usart_common_all.o)
 .debug_loc     0x0000000000001fc5       0x63 /home/mark1/Documents/stm32/libopencm3/lib/libopencm3_stm32f1.a(usart_common_f124.o)
 .debug_loc     0x0000000000002028       0xea /home/mark1/Documents/stm32/libopencm3/lib/libopencm3_stm32f1.a(vector.o)
 .debug_loc     0x0000000000002112       0x3f /home/mark1/Documents/stm32/libopencm3/lib/libopencm3_stm32f1.a(flash_common_all.o)

.debug_aranges  0x0000000000000000      0x610
 .debug_aranges
                0x0000000000000000       0x28 uart.o
 .debug_aranges
                0x0000000000000028       0x48 rtos/heap_4.o
 .debug_aranges
                0x0000000000000070       0x40 rtos/list.o
 .debug_aranges
                0x00000000000000b0       0x70 rtos/port.o
 .debug_aranges
                0x0000000000000120      0x118 rtos/tasks.o
 .debug_aranges
                0x0000000000000238       0x30 rtos/opencm3.o
 .debug_aranges
                0x0000000000000268       0x38 /home/mark1/Documents/stm32/libopencm3/lib/libopencm3_stm32f1.a(gpio.o)
 .debug_aranges
                0x00000000000002a0       0x50 /home/mark1/Documents/stm32/libopencm3/lib/libopencm3_stm32f1.a(gpio_common_all.o)
 .debug_aranges
                0x00000000000002f0      0x158 /home/mark1/Documents/stm32/libopencm3/lib/libopencm3_stm32f1.a(rcc.o)
 .debug_aranges
                0x0000000000000448       0x68 /home/mark1/Documents/stm32/libopencm3/lib/libopencm3_stm32f1.a(rcc_common_all.o)
 .debug_aranges
                0x00000000000004b0       0xb8 /home/mark1/Documents/stm32/libopencm3/lib/libopencm3_stm32f1.a(usart_common_all.o)
 .debug_aranges
                0x0000000000000568       0x40 /home/mark1/Documents/stm32/libopencm3/lib/libopencm3_stm32f1.a(usart_common_f124.o)
 .debug_aranges
                0x00000000000005a8       0x30 /home/mark1/Documents/stm32/libopencm3/lib/libopencm3_stm32f1.a(vector.o)
 .debug_aranges
                0x00000000000005d8       0x38 /home/mark1/Documents/stm32/libopencm3/lib/libopencm3_stm32f1.a(flash_common_all.o)

.debug_ranges   0x0000000000000000      0x6a8
 .debug_ranges  0x0000000000000000       0x30 uart.o
 .debug_ranges  0x0000000000000030       0x38 rtos/heap_4.o
 .debug_ranges  0x0000000000000068       0x30 rtos/list.o
 .debug_ranges  0x0000000000000098       0x60 rtos/port.o
 .debug_ranges  0x00000000000000f8      0x208 rtos/tasks.o
 .debug_ranges  0x0000000000000300       0x20 rtos/opencm3.o
 .debug_ranges  0x0000000000000320       0x28 /home/mark1/Documents/stm32/libopencm3/lib/libopencm3_stm32f1.a(gpio.o)
 .debug_ranges  0x0000000000000348       0x40 /home/mark1/Documents/stm32/libopencm3/lib/libopencm3_stm32f1.a(gpio_common_all.o)
 .debug_ranges  0x0000000000000388      0x1a8 /home/mark1/Documents/stm32/libopencm3/lib/libopencm3_stm32f1.a(rcc.o)
 .debug_ranges  0x0000000000000530       0x58 /home/mark1/Documents/stm32/libopencm3/lib/libopencm3_stm32f1.a(rcc_common_all.o)
 .debug_ranges  0x0000000000000588       0xa8 /home/mark1/Documents/stm32/libopencm3/lib/libopencm3_stm32f1.a(usart_common_all.o)
 .debug_ranges  0x0000000000000630       0x30 /home/mark1/Documents/stm32/libopencm3/lib/libopencm3_stm32f1.a(usart_common_f124.o)
 .debug_ranges  0x0000000000000660       0x20 /home/mark1/Documents/stm32/libopencm3/lib/libopencm3_stm32f1.a(vector.o)
 .debug_ranges  0x0000000000000680       0x28 /home/mark1/Documents/stm32/libopencm3/lib/libopencm3_stm32f1.a(flash_common_all.o)

.debug_line     0x0000000000000000     0x282f
 .debug_line    0x0000000000000000      0x1be uart.o
 .debug_line    0x00000000000001be      0x1e4 rtos/heap_4.o
 .debug_line    0x00000000000003a2      0x175 rtos/list.o
 .debug_line    0x0000000000000517      0x1b1 rtos/port.o
 .debug_line    0x00000000000006c8      0x675 rtos/tasks.o
 .debug_line    0x0000000000000d3d      0x100 rtos/opencm3.o
 .debug_line    0x0000000000000e3d      0x263 /home/mark1/Documents/stm32/libopencm3/lib/libopencm3_stm32f1.a(gpio.o)
 .debug_line    0x00000000000010a0      0x29a /home/mark1/Documents/stm32/libopencm3/lib/libopencm3_stm32f1.a(gpio_common_all.o)
 .debug_line    0x000000000000133a      0x65e /home/mark1/Documents/stm32/libopencm3/lib/libopencm3_stm32f1.a(rcc.o)
 .debug_line    0x0000000000001998      0x2cf /home/mark1/Documents/stm32/libopencm3/lib/libopencm3_stm32f1.a(rcc_common_all.o)
 .debug_line    0x0000000000001c67      0x3d5 /home/mark1/Documents/stm32/libopencm3/lib/libopencm3_stm32f1.a(usart_common_all.o)
 .debug_line    0x000000000000203c      0x2b7 /home/mark1/Documents/stm32/libopencm3/lib/libopencm3_stm32f1.a(usart_common_f124.o)
 .debug_line    0x00000000000022f3      0x2b1 /home/mark1/Documents/stm32/libopencm3/lib/libopencm3_stm32f1.a(vector.o)
 .debug_line    0x00000000000025a4      0x28b /home/mark1/Documents/stm32/libopencm3/lib/libopencm3_stm32f1.a(flash_common_all.o)

.debug_str      0x0000000000000000    0x102df
 .debug_str     0x0000000000000000      0x4a7 uart.o
                                        0x543 (size before relaxing)
 .debug_str     0x00000000000004a7      0x5af rtos/heap_4.o
                                        0x759 (size before relaxing)
 .debug_str     0x0000000000000a56      0x12a rtos/list.o
                                        0x6b4 (size before relaxing)
 .debug_str     0x0000000000000b80      0x183 rtos/port.o
                                        0x32f (size before relaxing)
 .debug_str     0x0000000000000d03      0x808 rtos/tasks.o
                                       0x1001 (size before relaxing)
 .debug_str     0x000000000000150b       0x40 rtos/opencm3.o
                                        0x239 (size before relaxing)
 .debug_str     0x000000000000154b     0x8307 /home/mark1/Documents/stm32/libopencm3/lib/libopencm3_stm32f1.a(gpio.o)
                                       0x84b6 (size before relaxing)
 .debug_str     0x0000000000009852       0x74 /home/mark1/Documents/stm32/libopencm3/lib/libopencm3_stm32f1.a(gpio_common_all.o)
                                       0x84aa (size before relaxing)
 .debug_str     0x00000000000098c6     0x30b6 /home/mark1/Documents/stm32/libopencm3/lib/libopencm3_stm32f1.a(rcc.o)
                                       0x7da9 (size before relaxing)
 .debug_str     0x000000000000c97c      0x35b /home/mark1/Documents/stm32/libopencm3/lib/libopencm3_stm32f1.a(rcc_common_all.o)
                                       0x76bf (size before relaxing)
 .debug_str     0x000000000000ccd7     0x10f2 /home/mark1/Documents/stm32/libopencm3/lib/libopencm3_stm32f1.a(usart_common_all.o)
                                       0x827e (size before relaxing)
 .debug_str     0x000000000000ddc9       0x2d /home/mark1/Documents/stm32/libopencm3/lib/libopencm3_stm32f1.a(usart_common_f124.o)
                                       0x80b8 (size before relaxing)
 .debug_str     0x000000000000ddf6     0x2485 /home/mark1/Documents/stm32/libopencm3/lib/libopencm3_stm32f1.a(vector.o)
                                       0x657f (size before relaxing)
 .debug_str     0x000000000001027b       0x64 /home/mark1/Documents/stm32/libopencm3/lib/libopencm3_stm32f1.a(flash_common_all.o)
                                       0x5482 (size before relaxing)

.comment        0x0000000000000000       0x57
 .comment       0x0000000000000000       0x57 uart.o
                                         0x58 (size before relaxing)
 .comment       0x0000000000000057       0x58 rtos/heap_4.o
 .comment       0x0000000000000057       0x58 rtos/list.o
 .comment       0x0000000000000057       0x58 rtos/port.o
 .comment       0x0000000000000057       0x58 rtos/tasks.o
 .comment       0x0000000000000057       0x58 rtos/opencm3.o
 .comment       0x0000000000000057       0x58 /home/mark1/Documents/stm32/libopencm3/lib/libopencm3_stm32f1.a(gpio.o)
 .comment       0x0000000000000057       0x58 /home/mark1/Documents/stm32/libopencm3/lib/libopencm3_stm32f1.a(gpio_common_all.o)
 .comment       0x0000000000000057       0x58 /home/mark1/Documents/stm32/libopencm3/lib/libopencm3_stm32f1.a(rcc.o)
 .comment       0x0000000000000057       0x58 /home/mark1/Documents/stm32/libopencm3/lib/libopencm3_stm32f1.a(rcc_common_all.o)
 .comment       0x0000000000000057       0x58 /home/mark1/Documents/stm32/libopencm3/lib/libopencm3_stm32f1.a(usart_common_all.o)
 .comment       0x0000000000000057       0x58 /home/mark1/Documents/stm32/libopencm3/lib/libopencm3_stm32f1.a(usart_common_f124.o)
 .comment       0x0000000000000057       0x58 /home/mark1/Documents/stm32/libopencm3/lib/libopencm3_stm32f1.a(vector.o)
 .comment       0x0000000000000057       0x58 /home/mark1/Documents/stm32/libopencm3/lib/libopencm3_stm32f1.a(flash_common_all.o)

.ARM.attributes
                0x0000000000000000       0x31
 .ARM.attributes
                0x0000000000000000       0x33 uart.o
 .ARM.attributes
                0x0000000000000033       0x33 rtos/heap_4.o
 .ARM.attributes
                0x0000000000000066       0x33 rtos/list.o
 .ARM.attributes
                0x0000000000000099       0x33 rtos/port.o
 .ARM.attributes
                0x00000000000000cc       0x33 rtos/tasks.o
 .ARM.attributes
                0x00000000000000ff       0x33 rtos/opencm3.o
 .ARM.attributes
                0x0000000000000132       0x33 /home/mark1/Documents/stm32/libopencm3/lib/libopencm3_stm32f1.a(gpio.o)
 .ARM.attributes
                0x0000000000000165       0x33 /home/mark1/Documents/stm32/libopencm3/lib/libopencm3_stm32f1.a(gpio_common_all.o)
 .ARM.attributes
                0x0000000000000198       0x33 /home/mark1/Documents/stm32/libopencm3/lib/libopencm3_stm32f1.a(rcc.o)
 .ARM.attributes
                0x00000000000001cb       0x33 /home/mark1/Documents/stm32/libopencm3/lib/libopencm3_stm32f1.a(rcc_common_all.o)
 .ARM.attributes
                0x00000000000001fe       0x33 /home/mark1/Documents/stm32/libopencm3/lib/libopencm3_stm32f1.a(usart_common_all.o)
 .ARM.attributes
                0x0000000000000231       0x33 /home/mark1/Documents/stm32/libopencm3/lib/libopencm3_stm32f1.a(usart_common_f124.o)
 .ARM.attributes
                0x0000000000000264       0x33 /home/mark1/Documents/stm32/libopencm3/lib/libopencm3_stm32f1.a(vector.o)
 .ARM.attributes
                0x0000000000000297       0x33 /home/mark1/Documents/stm32/libopencm3/lib/libopencm3_stm32f1.a(flash_common_all.o)

.debug_frame    0x0000000000000000      0xcc0
 .debug_frame   0x0000000000000000       0x44 uart.o
 .debug_frame   0x0000000000000044       0x98 rtos/heap_4.o
 .debug_frame   0x00000000000000dc       0x6c rtos/list.o
 .debug_frame   0x0000000000000148       0xd0 rtos/port.o
 .debug_frame   0x0000000000000218      0x368 rtos/tasks.o
 .debug_frame   0x0000000000000580       0x40 rtos/opencm3.o
 .debug_frame   0x00000000000005c0       0x64 /home/mark1/Documents/stm32/libopencm3/lib/libopencm3_stm32f1.a(gpio.o)
 .debug_frame   0x0000000000000624       0x80 /home/mark1/Documents/stm32/libopencm3/lib/libopencm3_stm32f1.a(gpio_common_all.o)
 .debug_frame   0x00000000000006a4      0x2e0 /home/mark1/Documents/stm32/libopencm3/lib/libopencm3_stm32f1.a(rcc.o)
 .debug_frame   0x0000000000000984       0xd0 /home/mark1/Documents/stm32/libopencm3/lib/libopencm3_stm32f1.a(rcc_common_all.o)
 .debug_frame   0x0000000000000a54      0x170 /home/mark1/Documents/stm32/libopencm3/lib/libopencm3_stm32f1.a(usart_common_all.o)
 .debug_frame   0x0000000000000bc4       0x60 /home/mark1/Documents/stm32/libopencm3/lib/libopencm3_stm32f1.a(usart_common_f124.o)
 .debug_frame   0x0000000000000c24       0x4c /home/mark1/Documents/stm32/libopencm3/lib/libopencm3_stm32f1.a(vector.o)
 .debug_frame   0x0000000000000c70       0x50 /home/mark1/Documents/stm32/libopencm3/lib/libopencm3_stm32f1.a(flash_common_all.o)

.debug_macro    0x0000000000000000     0x390a
 .debug_macro   0x0000000000000000       0xb8 /home/mark1/Documents/stm32/libopencm3/lib/libopencm3_stm32f1.a(gpio.o)
 .debug_macro   0x00000000000000b8      0xa4e /home/mark1/Documents/stm32/libopencm3/lib/libopencm3_stm32f1.a(gpio.o)
 .debug_macro   0x0000000000000b06       0x1c /home/mark1/Documents/stm32/libopencm3/lib/libopencm3_stm32f1.a(gpio.o)
 .debug_macro   0x0000000000000b22       0x22 /home/mark1/Documents/stm32/libopencm3/lib/libopencm3_stm32f1.a(gpio.o)
 .debug_macro   0x0000000000000b44       0x56 /home/mark1/Documents/stm32/libopencm3/lib/libopencm3_stm32f1.a(gpio.o)
 .debug_macro   0x0000000000000b9a       0x51 /home/mark1/Documents/stm32/libopencm3/lib/libopencm3_stm32f1.a(gpio.o)
 .debug_macro   0x0000000000000beb       0xef /home/mark1/Documents/stm32/libopencm3/lib/libopencm3_stm32f1.a(gpio.o)
 .debug_macro   0x0000000000000cda       0x6a /home/mark1/Documents/stm32/libopencm3/lib/libopencm3_stm32f1.a(gpio.o)
 .debug_macro   0x0000000000000d44      0x1df /home/mark1/Documents/stm32/libopencm3/lib/libopencm3_stm32f1.a(gpio.o)
 .debug_macro   0x0000000000000f23       0x22 /home/mark1/Documents/stm32/libopencm3/lib/libopencm3_stm32f1.a(gpio.o)
 .debug_macro   0x0000000000000f45       0xe8 /home/mark1/Documents/stm32/libopencm3/lib/libopencm3_stm32f1.a(gpio.o)
 .debug_macro   0x000000000000102d       0x76 /home/mark1/Documents/stm32/libopencm3/lib/libopencm3_stm32f1.a(gpio.o)
 .debug_macro   0x00000000000010a3      0x1b4 /home/mark1/Documents/stm32/libopencm3/lib/libopencm3_stm32f1.a(gpio.o)
 .debug_macro   0x0000000000001257       0x76 /home/mark1/Documents/stm32/libopencm3/lib/libopencm3_stm32f1.a(gpio.o)
 .debug_macro   0x00000000000012cd      0xe04 /home/mark1/Documents/stm32/libopencm3/lib/libopencm3_stm32f1.a(gpio.o)
 .debug_macro   0x00000000000020d1       0xb8 /home/mark1/Documents/stm32/libopencm3/lib/libopencm3_stm32f1.a(gpio_common_all.o)
 .debug_macro   0x0000000000002189       0xe7 /home/mark1/Documents/stm32/libopencm3/lib/libopencm3_stm32f1.a(rcc.o)
 .debug_macro   0x0000000000002270       0x16 /home/mark1/Documents/stm32/libopencm3/lib/libopencm3_stm32f1.a(rcc.o)
 .debug_macro   0x0000000000002286      0x82c /home/mark1/Documents/stm32/libopencm3/lib/libopencm3_stm32f1.a(rcc.o)
 .debug_macro   0x0000000000002ab2       0xee /home/mark1/Documents/stm32/libopencm3/lib/libopencm3_stm32f1.a(rcc.o)
 .debug_macro   0x0000000000002ba0       0x82 /home/mark1/Documents/stm32/libopencm3/lib/libopencm3_stm32f1.a(rcc.o)
 .debug_macro   0x0000000000002c22       0xce /home/mark1/Documents/stm32/libopencm3/lib/libopencm3_stm32f1.a(rcc_common_all.o)
 .debug_macro   0x0000000000002cf0       0xda /home/mark1/Documents/stm32/libopencm3/lib/libopencm3_stm32f1.a(usart_common_all.o)
 .debug_macro   0x0000000000002dca       0x94 /home/mark1/Documents/stm32/libopencm3/lib/libopencm3_stm32f1.a(usart_common_all.o)
 .debug_macro   0x0000000000002e5e      0x29e /home/mark1/Documents/stm32/libopencm3/lib/libopencm3_stm32f1.a(usart_common_all.o)
 .debug_macro   0x00000000000030fc       0xda /home/mark1/Documents/stm32/libopencm3/lib/libopencm3_stm32f1.a(usart_common_f124.o)
 .debug_macro   0x00000000000031d6       0xcf /home/mark1/Documents/stm32/libopencm3/lib/libopencm3_stm32f1.a(vector.o)
 .debug_macro   0x00000000000032a5      0x395 /home/mark1/Documents/stm32/libopencm3/lib/libopencm3_stm32f1.a(vector.o)
 .debug_macro   0x000000000000363a       0x6e /home/mark1/Documents/stm32/libopencm3/lib/libopencm3_stm32f1.a(vector.o)
 .debug_macro   0x00000000000036a8      0x1a2 /home/mark1/Documents/stm32/libopencm3/lib/libopencm3_stm32f1.a(vector.o)
 .debug_macro   0x000000000000384a       0xc0 /home/mark1/Documents/stm32/libopencm3/lib/libopencm3_stm32f1.a(flash_common_all.o)
