Archive member included to satisfy reference by file (symbol)

/usr/lib/gcc/arm-none-eabi/7.3.1/../../../arm-none-eabi/lib/thumb/v7-m/libc.a(lib_a-memcpy.o)
                              rtos/queue.o (memcpy)
/home/mark1/Documents/stm32/libopencm3/lib/libopencm3_stm32f1.a(gpio.o)
                              main.o (gpio_set_mode)
/home/mark1/Documents/stm32/libopencm3/lib/libopencm3_stm32f1.a(rcc.o)
                              main.o (rcc_clock_setup_in_hse_8mhz_out_72mhz)
/home/mark1/Documents/stm32/libopencm3/lib/libopencm3_stm32f1.a(rcc_common_all.o)
                              main.o (rcc_periph_clock_enable)
/home/mark1/Documents/stm32/libopencm3/lib/libopencm3_stm32f1.a(timer_common_all.o)
                              main.o (timer_get_flag)
/home/mark1/Documents/stm32/libopencm3/lib/libopencm3_stm32f1.a(vector.o)
                              (reset_handler)
/home/mark1/Documents/stm32/libopencm3/lib/libopencm3_stm32f1.a(assert.o)
                              /home/mark1/Documents/stm32/libopencm3/lib/libopencm3_stm32f1.a(rcc.o) (cm3_assert_failed)
/home/mark1/Documents/stm32/libopencm3/lib/libopencm3_stm32f1.a(flash_common_all.o)
                              /home/mark1/Documents/stm32/libopencm3/lib/libopencm3_stm32f1.a(rcc.o) (flash_set_ws)

Discarded input sections

 .text          0x0000000000000000        0x0 main.o
 .data          0x0000000000000000        0x0 main.o
 .bss           0x0000000000000000        0x0 main.o
 .text          0x0000000000000000        0x0 rtos/heap_4.o
 .data          0x0000000000000000        0x0 rtos/heap_4.o
 .bss           0x0000000000000000        0x0 rtos/heap_4.o
 .text.xPortGetFreeHeapSize
                0x0000000000000000        0xc rtos/heap_4.o
 .text.xPortGetMinimumEverFreeHeapSize
                0x0000000000000000        0xc rtos/heap_4.o
 .text.vPortInitialiseBlocks
                0x0000000000000000        0x2 rtos/heap_4.o
 .text          0x0000000000000000        0x0 rtos/list.o
 .data          0x0000000000000000        0x0 rtos/list.o
 .bss           0x0000000000000000        0x0 rtos/list.o
 .text          0x0000000000000000        0x0 rtos/port.o
 .data          0x0000000000000000        0x0 rtos/port.o
 .bss           0x0000000000000000        0x0 rtos/port.o
 .text.vPortEndScheduler
                0x0000000000000000        0x2 rtos/port.o
 .text          0x0000000000000000        0x0 rtos/queue.o
 .data          0x0000000000000000        0x0 rtos/queue.o
 .bss           0x0000000000000000        0x0 rtos/queue.o
 .text.prvCopyDataToQueue
                0x0000000000000000       0x66 rtos/queue.o
 .text.prvCopyDataFromQueue
                0x0000000000000000       0x28 rtos/queue.o
 .text.prvUnlockQueue
                0x0000000000000000       0x70 rtos/queue.o
 .text.xQueueGenericReset
                0x0000000000000000       0x6c rtos/queue.o
 .text.xQueueGenericCreate
                0x0000000000000000       0x2e rtos/queue.o
 .text.xQueueGenericSend
                0x0000000000000000       0xfc rtos/queue.o
 .text.xQueueCreateMutex
                0x0000000000000000       0x24 rtos/queue.o
 .text.xQueueGenericSendFromISR
                0x0000000000000000       0x68 rtos/queue.o
 .text.xQueueGiveFromISR
                0x0000000000000000       0x5c rtos/queue.o
 .text.xQueueGenericReceive
                0x0000000000000000      0x130 rtos/queue.o
 .text.xQueueReceiveFromISR
                0x0000000000000000       0x68 rtos/queue.o
 .text.xQueuePeekFromISR
                0x0000000000000000       0x30 rtos/queue.o
 .text.uxQueueMessagesWaiting
                0x0000000000000000       0x12 rtos/queue.o
 .text.uxQueueSpacesAvailable
                0x0000000000000000       0x16 rtos/queue.o
 .text.uxQueueMessagesWaitingFromISR
                0x0000000000000000        0x4 rtos/queue.o
 .text.vQueueDelete
                0x0000000000000000        0x4 rtos/queue.o
 .text.xQueueIsQueueEmptyFromISR
                0x0000000000000000        0xa rtos/queue.o
 .text.xQueueIsQueueFullFromISR
                0x0000000000000000        0xc rtos/queue.o
 .debug_info    0x0000000000000000     0x1a55 rtos/queue.o
 .debug_abbrev  0x0000000000000000      0x36f rtos/queue.o
 .debug_loc     0x0000000000000000      0xd0e rtos/queue.o
 .debug_aranges
                0x0000000000000000       0xa8 rtos/queue.o
 .debug_ranges  0x0000000000000000      0x1a0 rtos/queue.o
 .debug_line    0x0000000000000000      0x477 rtos/queue.o
 .debug_str     0x0000000000000000      0xbd8 rtos/queue.o
 .comment       0x0000000000000000       0x58 rtos/queue.o
 .debug_frame   0x0000000000000000      0x208 rtos/queue.o
 .ARM.attributes
                0x0000000000000000       0x33 rtos/queue.o
 .text          0x0000000000000000        0x0 rtos/tasks.o
 .data          0x0000000000000000        0x0 rtos/tasks.o
 .bss           0x0000000000000000        0x0 rtos/tasks.o
 .text.vTaskDelete
                0x0000000000000000       0xbc rtos/tasks.o
 .text.uxTaskPriorityGet
                0x0000000000000000       0x1c rtos/tasks.o
 .text.uxTaskPriorityGetFromISR
                0x0000000000000000       0x28 rtos/tasks.o
 .text.vTaskPrioritySet
                0x0000000000000000       0xc8 rtos/tasks.o
 .text.vTaskResume
                0x0000000000000000       0x88 rtos/tasks.o
 .text.xTaskResumeFromISR
                0x0000000000000000       0x90 rtos/tasks.o
 .text.vTaskEndScheduler
                0x0000000000000000       0x20 rtos/tasks.o
 .text.xTaskGetTickCount
                0x0000000000000000        0xc rtos/tasks.o
 .text.xTaskGetTickCountFromISR
                0x0000000000000000        0xc rtos/tasks.o
 .text.uxTaskGetNumberOfTasks
                0x0000000000000000        0xc rtos/tasks.o
 .text.pcTaskGetName
                0x0000000000000000       0x10 rtos/tasks.o
 .text.vTaskDelayUntil
                0x0000000000000000       0x4c rtos/tasks.o
 .text.vTaskSuspend
                0x0000000000000000       0xac rtos/tasks.o
 .text.vTaskPlaceOnEventList
                0x0000000000000000       0x20 rtos/tasks.o
 .text.vTaskPlaceOnUnorderedEventList
                0x0000000000000000       0x28 rtos/tasks.o
 .text.xTaskRemoveFromEventList
                0x0000000000000000       0x70 rtos/tasks.o
 .text.xTaskRemoveFromUnorderedEventList
                0x0000000000000000       0x5c rtos/tasks.o
 .text.vTaskSetTimeOutState
                0x0000000000000000       0x18 rtos/tasks.o
 .text.xTaskCheckForTimeOut
                0x0000000000000000       0x4c rtos/tasks.o
 .text.vTaskMissedYield
                0x0000000000000000        0xc rtos/tasks.o
 .text.xTaskGetCurrentTaskHandle
                0x0000000000000000        0xc rtos/tasks.o
 .text.vTaskPriorityInherit
                0x0000000000000000       0x94 rtos/tasks.o
 .text.xTaskPriorityDisinherit
                0x0000000000000000       0x70 rtos/tasks.o
 .text.uxTaskResetEventItemValue
                0x0000000000000000       0x18 rtos/tasks.o
 .text.pvTaskIncrementMutexHeldCount
                0x0000000000000000       0x18 rtos/tasks.o
 .text.ulTaskNotifyTake
                0x0000000000000000       0x64 rtos/tasks.o
 .text.xTaskNotifyWait
                0x0000000000000000       0x88 rtos/tasks.o
 .text.xTaskGenericNotify
                0x0000000000000000       0xa4 rtos/tasks.o
 .text.xTaskGenericNotifyFromISR
                0x0000000000000000       0xc4 rtos/tasks.o
 .text.vTaskNotifyGiveFromISR
                0x0000000000000000       0x9c rtos/tasks.o
 .text.xTaskNotifyStateClear
                0x0000000000000000       0x2c rtos/tasks.o
 .text          0x0000000000000000        0x0 rtos/opencm3.o
 .data          0x0000000000000000        0x0 rtos/opencm3.o
 .bss           0x0000000000000000        0x0 rtos/opencm3.o
 .text          0x0000000000000000       0xec /usr/lib/gcc/arm-none-eabi/7.3.1/../../../arm-none-eabi/lib/thumb/v7-m/libc.a(lib_a-memcpy.o)
 .data          0x0000000000000000        0x0 /usr/lib/gcc/arm-none-eabi/7.3.1/../../../arm-none-eabi/lib/thumb/v7-m/libc.a(lib_a-memcpy.o)
 .bss           0x0000000000000000        0x0 /usr/lib/gcc/arm-none-eabi/7.3.1/../../../arm-none-eabi/lib/thumb/v7-m/libc.a(lib_a-memcpy.o)
 .debug_line    0x0000000000000000       0xbe /usr/lib/gcc/arm-none-eabi/7.3.1/../../../arm-none-eabi/lib/thumb/v7-m/libc.a(lib_a-memcpy.o)
 .debug_info    0x0000000000000000       0x26 /usr/lib/gcc/arm-none-eabi/7.3.1/../../../arm-none-eabi/lib/thumb/v7-m/libc.a(lib_a-memcpy.o)
 .debug_abbrev  0x0000000000000000       0x14 /usr/lib/gcc/arm-none-eabi/7.3.1/../../../arm-none-eabi/lib/thumb/v7-m/libc.a(lib_a-memcpy.o)
 .debug_aranges
                0x0000000000000000       0x20 /usr/lib/gcc/arm-none-eabi/7.3.1/../../../arm-none-eabi/lib/thumb/v7-m/libc.a(lib_a-memcpy.o)
 .debug_str     0x0000000000000000       0xb0 /usr/lib/gcc/arm-none-eabi/7.3.1/../../../arm-none-eabi/lib/thumb/v7-m/libc.a(lib_a-memcpy.o)
 .ARM.attributes
                0x0000000000000000       0x1b /usr/lib/gcc/arm-none-eabi/7.3.1/../../../arm-none-eabi/lib/thumb/v7-m/libc.a(lib_a-memcpy.o)
 .group         0x0000000000000000        0xc /home/mark1/Documents/stm32/libopencm3/lib/libopencm3_stm32f1.a(gpio.o)
 .group         0x0000000000000000        0xc /home/mark1/Documents/stm32/libopencm3/lib/libopencm3_stm32f1.a(gpio.o)
 .group         0x0000000000000000        0xc /home/mark1/Documents/stm32/libopencm3/lib/libopencm3_stm32f1.a(gpio.o)
 .group         0x0000000000000000        0xc /home/mark1/Documents/stm32/libopencm3/lib/libopencm3_stm32f1.a(gpio.o)
 .group         0x0000000000000000        0xc /home/mark1/Documents/stm32/libopencm3/lib/libopencm3_stm32f1.a(gpio.o)
 .group         0x0000000000000000        0xc /home/mark1/Documents/stm32/libopencm3/lib/libopencm3_stm32f1.a(gpio.o)
 .group         0x0000000000000000        0xc /home/mark1/Documents/stm32/libopencm3/lib/libopencm3_stm32f1.a(gpio.o)
 .group         0x0000000000000000        0xc /home/mark1/Documents/stm32/libopencm3/lib/libopencm3_stm32f1.a(gpio.o)
 .group         0x0000000000000000        0xc /home/mark1/Documents/stm32/libopencm3/lib/libopencm3_stm32f1.a(gpio.o)
 .group         0x0000000000000000        0xc /home/mark1/Documents/stm32/libopencm3/lib/libopencm3_stm32f1.a(gpio.o)
 .group         0x0000000000000000        0xc /home/mark1/Documents/stm32/libopencm3/lib/libopencm3_stm32f1.a(gpio.o)
 .group         0x0000000000000000        0xc /home/mark1/Documents/stm32/libopencm3/lib/libopencm3_stm32f1.a(gpio.o)
 .group         0x0000000000000000        0xc /home/mark1/Documents/stm32/libopencm3/lib/libopencm3_stm32f1.a(gpio.o)
 .group         0x0000000000000000        0xc /home/mark1/Documents/stm32/libopencm3/lib/libopencm3_stm32f1.a(gpio.o)
 .text          0x0000000000000000        0x0 /home/mark1/Documents/stm32/libopencm3/lib/libopencm3_stm32f1.a(gpio.o)
 .data          0x0000000000000000        0x0 /home/mark1/Documents/stm32/libopencm3/lib/libopencm3_stm32f1.a(gpio.o)
 .bss           0x0000000000000000        0x0 /home/mark1/Documents/stm32/libopencm3/lib/libopencm3_stm32f1.a(gpio.o)
 .text.gpio_set_eventout
                0x0000000000000000       0x10 /home/mark1/Documents/stm32/libopencm3/lib/libopencm3_stm32f1.a(gpio.o)
 .text.gpio_secondary_remap
                0x0000000000000000       0x10 /home/mark1/Documents/stm32/libopencm3/lib/libopencm3_stm32f1.a(gpio.o)
 .group         0x0000000000000000        0xc /home/mark1/Documents/stm32/libopencm3/lib/libopencm3_stm32f1.a(rcc.o)
 .group         0x0000000000000000        0xc /home/mark1/Documents/stm32/libopencm3/lib/libopencm3_stm32f1.a(rcc.o)
 .group         0x0000000000000000        0xc /home/mark1/Documents/stm32/libopencm3/lib/libopencm3_stm32f1.a(rcc.o)
 .group         0x0000000000000000        0xc /home/mark1/Documents/stm32/libopencm3/lib/libopencm3_stm32f1.a(rcc.o)
 .group         0x0000000000000000        0xc /home/mark1/Documents/stm32/libopencm3/lib/libopencm3_stm32f1.a(rcc.o)
 .group         0x0000000000000000        0xc /home/mark1/Documents/stm32/libopencm3/lib/libopencm3_stm32f1.a(rcc.o)
 .group         0x0000000000000000        0xc /home/mark1/Documents/stm32/libopencm3/lib/libopencm3_stm32f1.a(rcc.o)
 .group         0x0000000000000000        0xc /home/mark1/Documents/stm32/libopencm3/lib/libopencm3_stm32f1.a(rcc.o)
 .group         0x0000000000000000        0xc /home/mark1/Documents/stm32/libopencm3/lib/libopencm3_stm32f1.a(rcc.o)
 .group         0x0000000000000000        0xc /home/mark1/Documents/stm32/libopencm3/lib/libopencm3_stm32f1.a(rcc.o)
 .group         0x0000000000000000        0xc /home/mark1/Documents/stm32/libopencm3/lib/libopencm3_stm32f1.a(rcc.o)
 .group         0x0000000000000000        0xc /home/mark1/Documents/stm32/libopencm3/lib/libopencm3_stm32f1.a(rcc.o)
 .group         0x0000000000000000        0xc /home/mark1/Documents/stm32/libopencm3/lib/libopencm3_stm32f1.a(rcc.o)
 .group         0x0000000000000000        0xc /home/mark1/Documents/stm32/libopencm3/lib/libopencm3_stm32f1.a(rcc.o)
 .group         0x0000000000000000        0xc /home/mark1/Documents/stm32/libopencm3/lib/libopencm3_stm32f1.a(rcc.o)
 .group         0x0000000000000000        0xc /home/mark1/Documents/stm32/libopencm3/lib/libopencm3_stm32f1.a(rcc.o)
 .text          0x0000000000000000        0x0 /home/mark1/Documents/stm32/libopencm3/lib/libopencm3_stm32f1.a(rcc.o)
 .data          0x0000000000000000        0x0 /home/mark1/Documents/stm32/libopencm3/lib/libopencm3_stm32f1.a(rcc.o)
 .bss           0x0000000000000000        0x0 /home/mark1/Documents/stm32/libopencm3/lib/libopencm3_stm32f1.a(rcc.o)
 .text.rcc_osc_ready_int_clear
                0x0000000000000000       0x5c /home/mark1/Documents/stm32/libopencm3/lib/libopencm3_stm32f1.a(rcc.o)
 .text.rcc_osc_ready_int_enable
                0x0000000000000000       0x5c /home/mark1/Documents/stm32/libopencm3/lib/libopencm3_stm32f1.a(rcc.o)
 .text.rcc_osc_ready_int_disable
                0x0000000000000000       0x5c /home/mark1/Documents/stm32/libopencm3/lib/libopencm3_stm32f1.a(rcc.o)
 .text.rcc_osc_ready_int_flag
                0x0000000000000000       0x54 /home/mark1/Documents/stm32/libopencm3/lib/libopencm3_stm32f1.a(rcc.o)
 .text.rcc_css_int_clear
                0x0000000000000000       0x10 /home/mark1/Documents/stm32/libopencm3/lib/libopencm3_stm32f1.a(rcc.o)
 .text.rcc_css_int_flag
                0x0000000000000000       0x10 /home/mark1/Documents/stm32/libopencm3/lib/libopencm3_stm32f1.a(rcc.o)
 .text.rcc_osc_off
                0x0000000000000000       0x58 /home/mark1/Documents/stm32/libopencm3/lib/libopencm3_stm32f1.a(rcc.o)
 .text.rcc_css_enable
                0x0000000000000000       0x10 /home/mark1/Documents/stm32/libopencm3/lib/libopencm3_stm32f1.a(rcc.o)
 .text.rcc_css_disable
                0x0000000000000000       0x10 /home/mark1/Documents/stm32/libopencm3/lib/libopencm3_stm32f1.a(rcc.o)
 .text.rcc_set_pll2_multiplication_factor
                0x0000000000000000       0x14 /home/mark1/Documents/stm32/libopencm3/lib/libopencm3_stm32f1.a(rcc.o)
 .text.rcc_set_pll3_multiplication_factor
                0x0000000000000000       0x14 /home/mark1/Documents/stm32/libopencm3/lib/libopencm3_stm32f1.a(rcc.o)
 .text.rcc_rtc_clock_enabled_flag
                0x0000000000000000       0x10 /home/mark1/Documents/stm32/libopencm3/lib/libopencm3_stm32f1.a(rcc.o)
 .text.rcc_enable_rtc_clock
                0x0000000000000000       0x10 /home/mark1/Documents/stm32/libopencm3/lib/libopencm3_stm32f1.a(rcc.o)
 .text.rcc_set_rtc_clock_source
                0x0000000000000000       0x90 /home/mark1/Documents/stm32/libopencm3/lib/libopencm3_stm32f1.a(rcc.o)
 .text.rcc_set_usbpre
                0x0000000000000000       0x18 /home/mark1/Documents/stm32/libopencm3/lib/libopencm3_stm32f1.a(rcc.o)
 .text.rcc_set_prediv1
                0x0000000000000000       0x14 /home/mark1/Documents/stm32/libopencm3/lib/libopencm3_stm32f1.a(rcc.o)
 .text.rcc_set_prediv2
                0x0000000000000000       0x14 /home/mark1/Documents/stm32/libopencm3/lib/libopencm3_stm32f1.a(rcc.o)
 .text.rcc_set_prediv1_source
                0x0000000000000000       0x18 /home/mark1/Documents/stm32/libopencm3/lib/libopencm3_stm32f1.a(rcc.o)
 .text.rcc_system_clock_source
                0x0000000000000000       0x10 /home/mark1/Documents/stm32/libopencm3/lib/libopencm3_stm32f1.a(rcc.o)
 .text.rcc_clock_setup_in_hsi_out_64mhz
                0x0000000000000000       0x74 /home/mark1/Documents/stm32/libopencm3/lib/libopencm3_stm32f1.a(rcc.o)
 .text.rcc_clock_setup_in_hsi_out_48mhz
                0x0000000000000000       0x84 /home/mark1/Documents/stm32/libopencm3/lib/libopencm3_stm32f1.a(rcc.o)
 .text.rcc_clock_setup_in_hsi_out_24mhz
                0x0000000000000000       0x70 /home/mark1/Documents/stm32/libopencm3/lib/libopencm3_stm32f1.a(rcc.o)
 .text.rcc_clock_setup_in_hse_8mhz_out_24mhz
                0x0000000000000000       0x88 /home/mark1/Documents/stm32/libopencm3/lib/libopencm3_stm32f1.a(rcc.o)
 .text.rcc_clock_setup_in_hse_12mhz_out_72mhz
                0x0000000000000000       0x8c /home/mark1/Documents/stm32/libopencm3/lib/libopencm3_stm32f1.a(rcc.o)
 .text.rcc_clock_setup_in_hse_16mhz_out_72mhz
                0x0000000000000000       0x8c /home/mark1/Documents/stm32/libopencm3/lib/libopencm3_stm32f1.a(rcc.o)
 .text.rcc_clock_setup_in_hse_25mhz_out_72mhz
                0x0000000000000000       0xac /home/mark1/Documents/stm32/libopencm3/lib/libopencm3_stm32f1.a(rcc.o)
 .text.rcc_backupdomain_reset
                0x0000000000000000       0x18 /home/mark1/Documents/stm32/libopencm3/lib/libopencm3_stm32f1.a(rcc.o)
 .debug_macro   0x0000000000000000      0xa4e /home/mark1/Documents/stm32/libopencm3/lib/libopencm3_stm32f1.a(rcc.o)
 .debug_macro   0x0000000000000000       0x1c /home/mark1/Documents/stm32/libopencm3/lib/libopencm3_stm32f1.a(rcc.o)
 .debug_macro   0x0000000000000000       0x22 /home/mark1/Documents/stm32/libopencm3/lib/libopencm3_stm32f1.a(rcc.o)
 .debug_macro   0x0000000000000000       0x56 /home/mark1/Documents/stm32/libopencm3/lib/libopencm3_stm32f1.a(rcc.o)
 .debug_macro   0x0000000000000000       0x51 /home/mark1/Documents/stm32/libopencm3/lib/libopencm3_stm32f1.a(rcc.o)
 .debug_macro   0x0000000000000000       0xef /home/mark1/Documents/stm32/libopencm3/lib/libopencm3_stm32f1.a(rcc.o)
 .debug_macro   0x0000000000000000       0x6a /home/mark1/Documents/stm32/libopencm3/lib/libopencm3_stm32f1.a(rcc.o)
 .debug_macro   0x0000000000000000      0x1df /home/mark1/Documents/stm32/libopencm3/lib/libopencm3_stm32f1.a(rcc.o)
 .debug_macro   0x0000000000000000       0x22 /home/mark1/Documents/stm32/libopencm3/lib/libopencm3_stm32f1.a(rcc.o)
 .debug_macro   0x0000000000000000       0xe8 /home/mark1/Documents/stm32/libopencm3/lib/libopencm3_stm32f1.a(rcc.o)
 .debug_macro   0x0000000000000000       0x76 /home/mark1/Documents/stm32/libopencm3/lib/libopencm3_stm32f1.a(rcc.o)
 .debug_macro   0x0000000000000000      0x1b4 /home/mark1/Documents/stm32/libopencm3/lib/libopencm3_stm32f1.a(rcc.o)
 .group         0x0000000000000000        0xc /home/mark1/Documents/stm32/libopencm3/lib/libopencm3_stm32f1.a(rcc_common_all.o)
 .group         0x0000000000000000        0xc /home/mark1/Documents/stm32/libopencm3/lib/libopencm3_stm32f1.a(rcc_common_all.o)
 .group         0x0000000000000000        0xc /home/mark1/Documents/stm32/libopencm3/lib/libopencm3_stm32f1.a(rcc_common_all.o)
 .group         0x0000000000000000        0xc /home/mark1/Documents/stm32/libopencm3/lib/libopencm3_stm32f1.a(rcc_common_all.o)
 .group         0x0000000000000000        0xc /home/mark1/Documents/stm32/libopencm3/lib/libopencm3_stm32f1.a(rcc_common_all.o)
 .group         0x0000000000000000        0xc /home/mark1/Documents/stm32/libopencm3/lib/libopencm3_stm32f1.a(rcc_common_all.o)
 .group         0x0000000000000000        0xc /home/mark1/Documents/stm32/libopencm3/lib/libopencm3_stm32f1.a(rcc_common_all.o)
 .group         0x0000000000000000        0xc /home/mark1/Documents/stm32/libopencm3/lib/libopencm3_stm32f1.a(rcc_common_all.o)
 .group         0x0000000000000000        0xc /home/mark1/Documents/stm32/libopencm3/lib/libopencm3_stm32f1.a(rcc_common_all.o)
 .group         0x0000000000000000        0xc /home/mark1/Documents/stm32/libopencm3/lib/libopencm3_stm32f1.a(rcc_common_all.o)
 .group         0x0000000000000000        0xc /home/mark1/Documents/stm32/libopencm3/lib/libopencm3_stm32f1.a(rcc_common_all.o)
 .group         0x0000000000000000        0xc /home/mark1/Documents/stm32/libopencm3/lib/libopencm3_stm32f1.a(rcc_common_all.o)
 .group         0x0000000000000000        0xc /home/mark1/Documents/stm32/libopencm3/lib/libopencm3_stm32f1.a(rcc_common_all.o)
 .text          0x0000000000000000        0x0 /home/mark1/Documents/stm32/libopencm3/lib/libopencm3_stm32f1.a(rcc_common_all.o)
 .data          0x0000000000000000        0x0 /home/mark1/Documents/stm32/libopencm3/lib/libopencm3_stm32f1.a(rcc_common_all.o)
 .bss           0x0000000000000000        0x0 /home/mark1/Documents/stm32/libopencm3/lib/libopencm3_stm32f1.a(rcc_common_all.o)
 .text.rcc_peripheral_enable_clock
                0x0000000000000000        0x8 /home/mark1/Documents/stm32/libopencm3/lib/libopencm3_stm32f1.a(rcc_common_all.o)
 .text.rcc_peripheral_disable_clock
                0x0000000000000000        0xa /home/mark1/Documents/stm32/libopencm3/lib/libopencm3_stm32f1.a(rcc_common_all.o)
 .text.rcc_peripheral_reset
                0x0000000000000000        0x8 /home/mark1/Documents/stm32/libopencm3/lib/libopencm3_stm32f1.a(rcc_common_all.o)
 .text.rcc_peripheral_clear_reset
                0x0000000000000000        0xa /home/mark1/Documents/stm32/libopencm3/lib/libopencm3_stm32f1.a(rcc_common_all.o)
 .text.rcc_periph_clock_disable
                0x0000000000000000       0x1e /home/mark1/Documents/stm32/libopencm3/lib/libopencm3_stm32f1.a(rcc_common_all.o)
 .text.rcc_periph_reset_hold
                0x0000000000000000       0x1a /home/mark1/Documents/stm32/libopencm3/lib/libopencm3_stm32f1.a(rcc_common_all.o)
 .text.rcc_periph_reset_release
                0x0000000000000000       0x1e /home/mark1/Documents/stm32/libopencm3/lib/libopencm3_stm32f1.a(rcc_common_all.o)
 .text.rcc_set_mco
                0x0000000000000000       0x14 /home/mark1/Documents/stm32/libopencm3/lib/libopencm3_stm32f1.a(rcc_common_all.o)
 .text.rcc_osc_bypass_enable
                0x0000000000000000       0x28 /home/mark1/Documents/stm32/libopencm3/lib/libopencm3_stm32f1.a(rcc_common_all.o)
 .text.rcc_osc_bypass_disable
                0x0000000000000000       0x28 /home/mark1/Documents/stm32/libopencm3/lib/libopencm3_stm32f1.a(rcc_common_all.o)
 .debug_macro   0x0000000000000000      0xa4e /home/mark1/Documents/stm32/libopencm3/lib/libopencm3_stm32f1.a(rcc_common_all.o)
 .debug_macro   0x0000000000000000       0x1c /home/mark1/Documents/stm32/libopencm3/lib/libopencm3_stm32f1.a(rcc_common_all.o)
 .debug_macro   0x0000000000000000       0x22 /home/mark1/Documents/stm32/libopencm3/lib/libopencm3_stm32f1.a(rcc_common_all.o)
 .debug_macro   0x0000000000000000       0x56 /home/mark1/Documents/stm32/libopencm3/lib/libopencm3_stm32f1.a(rcc_common_all.o)
 .debug_macro   0x0000000000000000       0x51 /home/mark1/Documents/stm32/libopencm3/lib/libopencm3_stm32f1.a(rcc_common_all.o)
 .debug_macro   0x0000000000000000       0xef /home/mark1/Documents/stm32/libopencm3/lib/libopencm3_stm32f1.a(rcc_common_all.o)
 .debug_macro   0x0000000000000000       0x6a /home/mark1/Documents/stm32/libopencm3/lib/libopencm3_stm32f1.a(rcc_common_all.o)
 .debug_macro   0x0000000000000000      0x1df /home/mark1/Documents/stm32/libopencm3/lib/libopencm3_stm32f1.a(rcc_common_all.o)
 .debug_macro   0x0000000000000000       0x22 /home/mark1/Documents/stm32/libopencm3/lib/libopencm3_stm32f1.a(rcc_common_all.o)
 .debug_macro   0x0000000000000000       0xe8 /home/mark1/Documents/stm32/libopencm3/lib/libopencm3_stm32f1.a(rcc_common_all.o)
 .debug_macro   0x0000000000000000       0x76 /home/mark1/Documents/stm32/libopencm3/lib/libopencm3_stm32f1.a(rcc_common_all.o)
 .debug_macro   0x0000000000000000      0x1b4 /home/mark1/Documents/stm32/libopencm3/lib/libopencm3_stm32f1.a(rcc_common_all.o)
 .debug_macro   0x0000000000000000      0x82c /home/mark1/Documents/stm32/libopencm3/lib/libopencm3_stm32f1.a(rcc_common_all.o)
 .group         0x0000000000000000        0xc /home/mark1/Documents/stm32/libopencm3/lib/libopencm3_stm32f1.a(timer_common_all.o)
 .group         0x0000000000000000        0xc /home/mark1/Documents/stm32/libopencm3/lib/libopencm3_stm32f1.a(timer_common_all.o)
 .group         0x0000000000000000        0xc /home/mark1/Documents/stm32/libopencm3/lib/libopencm3_stm32f1.a(timer_common_all.o)
 .group         0x0000000000000000        0xc /home/mark1/Documents/stm32/libopencm3/lib/libopencm3_stm32f1.a(timer_common_all.o)
 .group         0x0000000000000000        0xc /home/mark1/Documents/stm32/libopencm3/lib/libopencm3_stm32f1.a(timer_common_all.o)
 .group         0x0000000000000000        0xc /home/mark1/Documents/stm32/libopencm3/lib/libopencm3_stm32f1.a(timer_common_all.o)
 .group         0x0000000000000000        0xc /home/mark1/Documents/stm32/libopencm3/lib/libopencm3_stm32f1.a(timer_common_all.o)
 .group         0x0000000000000000        0xc /home/mark1/Documents/stm32/libopencm3/lib/libopencm3_stm32f1.a(timer_common_all.o)
 .group         0x0000000000000000        0xc /home/mark1/Documents/stm32/libopencm3/lib/libopencm3_stm32f1.a(timer_common_all.o)
 .group         0x0000000000000000        0xc /home/mark1/Documents/stm32/libopencm3/lib/libopencm3_stm32f1.a(timer_common_all.o)
 .group         0x0000000000000000        0xc /home/mark1/Documents/stm32/libopencm3/lib/libopencm3_stm32f1.a(timer_common_all.o)
 .group         0x0000000000000000        0xc /home/mark1/Documents/stm32/libopencm3/lib/libopencm3_stm32f1.a(timer_common_all.o)
 .group         0x0000000000000000        0xc /home/mark1/Documents/stm32/libopencm3/lib/libopencm3_stm32f1.a(timer_common_all.o)
 .group         0x0000000000000000        0xc /home/mark1/Documents/stm32/libopencm3/lib/libopencm3_stm32f1.a(timer_common_all.o)
 .text          0x0000000000000000        0x0 /home/mark1/Documents/stm32/libopencm3/lib/libopencm3_stm32f1.a(timer_common_all.o)
 .data          0x0000000000000000        0x0 /home/mark1/Documents/stm32/libopencm3/lib/libopencm3_stm32f1.a(timer_common_all.o)
 .bss           0x0000000000000000        0x0 /home/mark1/Documents/stm32/libopencm3/lib/libopencm3_stm32f1.a(timer_common_all.o)
 .text.timer_enable_irq
                0x0000000000000000        0x8 /home/mark1/Documents/stm32/libopencm3/lib/libopencm3_stm32f1.a(timer_common_all.o)
 .text.timer_disable_irq
                0x0000000000000000        0xa /home/mark1/Documents/stm32/libopencm3/lib/libopencm3_stm32f1.a(timer_common_all.o)
 .text.timer_interrupt_source
                0x0000000000000000       0x14 /home/mark1/Documents/stm32/libopencm3/lib/libopencm3_stm32f1.a(timer_common_all.o)
 .text.timer_clear_flag
                0x0000000000000000        0x6 /home/mark1/Documents/stm32/libopencm3/lib/libopencm3_stm32f1.a(timer_common_all.o)
 .text.timer_set_clock_division
                0x0000000000000000       0x14 /home/mark1/Documents/stm32/libopencm3/lib/libopencm3_stm32f1.a(timer_common_all.o)
 .text.timer_enable_preload
                0x0000000000000000        0xa /home/mark1/Documents/stm32/libopencm3/lib/libopencm3_stm32f1.a(timer_common_all.o)
 .text.timer_disable_preload
                0x0000000000000000        0xa /home/mark1/Documents/stm32/libopencm3/lib/libopencm3_stm32f1.a(timer_common_all.o)
 .text.timer_set_alignment
                0x0000000000000000       0x14 /home/mark1/Documents/stm32/libopencm3/lib/libopencm3_stm32f1.a(timer_common_all.o)
 .text.timer_direction_up
                0x0000000000000000        0xa /home/mark1/Documents/stm32/libopencm3/lib/libopencm3_stm32f1.a(timer_common_all.o)
 .text.timer_direction_down
                0x0000000000000000        0xa /home/mark1/Documents/stm32/libopencm3/lib/libopencm3_stm32f1.a(timer_common_all.o)
 .text.timer_continuous_mode
                0x0000000000000000        0xa /home/mark1/Documents/stm32/libopencm3/lib/libopencm3_stm32f1.a(timer_common_all.o)
 .text.timer_update_on_any
                0x0000000000000000        0xa /home/mark1/Documents/stm32/libopencm3/lib/libopencm3_stm32f1.a(timer_common_all.o)
 .text.timer_update_on_overflow
                0x0000000000000000        0xa /home/mark1/Documents/stm32/libopencm3/lib/libopencm3_stm32f1.a(timer_common_all.o)
 .text.timer_enable_update_event
                0x0000000000000000        0xa /home/mark1/Documents/stm32/libopencm3/lib/libopencm3_stm32f1.a(timer_common_all.o)
 .text.timer_disable_update_event
                0x0000000000000000        0xa /home/mark1/Documents/stm32/libopencm3/lib/libopencm3_stm32f1.a(timer_common_all.o)
 .text.timer_disable_counter
                0x0000000000000000        0xa /home/mark1/Documents/stm32/libopencm3/lib/libopencm3_stm32f1.a(timer_common_all.o)
 .text.timer_set_output_idle_state
                0x0000000000000000        0xc /home/mark1/Documents/stm32/libopencm3/lib/libopencm3_stm32f1.a(timer_common_all.o)
 .text.timer_reset_output_idle_state
                0x0000000000000000        0xe /home/mark1/Documents/stm32/libopencm3/lib/libopencm3_stm32f1.a(timer_common_all.o)
 .text.timer_set_ti1_ch123_xor
                0x0000000000000000        0xa /home/mark1/Documents/stm32/libopencm3/lib/libopencm3_stm32f1.a(timer_common_all.o)
 .text.timer_set_ti1_ch1
                0x0000000000000000        0xa /home/mark1/Documents/stm32/libopencm3/lib/libopencm3_stm32f1.a(timer_common_all.o)
 .text.timer_set_master_mode
                0x0000000000000000       0x10 /home/mark1/Documents/stm32/libopencm3/lib/libopencm3_stm32f1.a(timer_common_all.o)
 .text.timer_set_dma_on_compare_event
                0x0000000000000000        0xa /home/mark1/Documents/stm32/libopencm3/lib/libopencm3_stm32f1.a(timer_common_all.o)
 .text.timer_set_dma_on_update_event
                0x0000000000000000        0xa /home/mark1/Documents/stm32/libopencm3/lib/libopencm3_stm32f1.a(timer_common_all.o)
 .text.timer_enable_compare_control_update_on_trigger
                0x0000000000000000        0xa /home/mark1/Documents/stm32/libopencm3/lib/libopencm3_stm32f1.a(timer_common_all.o)
 .text.timer_disable_compare_control_update_on_trigger
                0x0000000000000000        0xa /home/mark1/Documents/stm32/libopencm3/lib/libopencm3_stm32f1.a(timer_common_all.o)
 .text.timer_enable_preload_complementry_enable_bits
                0x0000000000000000        0xa /home/mark1/Documents/stm32/libopencm3/lib/libopencm3_stm32f1.a(timer_common_all.o)
 .text.timer_disable_preload_complementry_enable_bits
                0x0000000000000000        0xa /home/mark1/Documents/stm32/libopencm3/lib/libopencm3_stm32f1.a(timer_common_all.o)
 .text.timer_set_repetition_counter
                0x0000000000000000        0x4 /home/mark1/Documents/stm32/libopencm3/lib/libopencm3_stm32f1.a(timer_common_all.o)
 .text.timer_enable_oc_clear
                0x0000000000000000       0x34 /home/mark1/Documents/stm32/libopencm3/lib/libopencm3_stm32f1.a(timer_common_all.o)
 .text.timer_disable_oc_clear
                0x0000000000000000       0x34 /home/mark1/Documents/stm32/libopencm3/lib/libopencm3_stm32f1.a(timer_common_all.o)
 .text.timer_set_oc_fast_mode
                0x0000000000000000       0x34 /home/mark1/Documents/stm32/libopencm3/lib/libopencm3_stm32f1.a(timer_common_all.o)
 .text.timer_set_oc_slow_mode
                0x0000000000000000       0x34 /home/mark1/Documents/stm32/libopencm3/lib/libopencm3_stm32f1.a(timer_common_all.o)
 .text.timer_enable_oc_preload
                0x0000000000000000       0x34 /home/mark1/Documents/stm32/libopencm3/lib/libopencm3_stm32f1.a(timer_common_all.o)
 .text.timer_set_oc_polarity_low
                0x0000000000000000       0x4a /home/mark1/Documents/stm32/libopencm3/lib/libopencm3_stm32f1.a(timer_common_all.o)
 .text.timer_disable_oc_output
                0x0000000000000000       0x4a /home/mark1/Documents/stm32/libopencm3/lib/libopencm3_stm32f1.a(timer_common_all.o)
 .text.timer_set_oc_idle_state_set
                0x0000000000000000       0x4a /home/mark1/Documents/stm32/libopencm3/lib/libopencm3_stm32f1.a(timer_common_all.o)
 .text.timer_set_oc_idle_state_unset
                0x0000000000000000       0x4a /home/mark1/Documents/stm32/libopencm3/lib/libopencm3_stm32f1.a(timer_common_all.o)
 .text.timer_enable_break_main_output
                0x0000000000000000        0xa /home/mark1/Documents/stm32/libopencm3/lib/libopencm3_stm32f1.a(timer_common_all.o)
 .text.timer_disable_break_main_output
                0x0000000000000000        0xa /home/mark1/Documents/stm32/libopencm3/lib/libopencm3_stm32f1.a(timer_common_all.o)
 .text.timer_enable_break_automatic_output
                0x0000000000000000        0xa /home/mark1/Documents/stm32/libopencm3/lib/libopencm3_stm32f1.a(timer_common_all.o)
 .text.timer_disable_break_automatic_output
                0x0000000000000000        0xa /home/mark1/Documents/stm32/libopencm3/lib/libopencm3_stm32f1.a(timer_common_all.o)
 .text.timer_set_break_polarity_high
                0x0000000000000000        0xa /home/mark1/Documents/stm32/libopencm3/lib/libopencm3_stm32f1.a(timer_common_all.o)
 .text.timer_set_break_polarity_low
                0x0000000000000000        0xa /home/mark1/Documents/stm32/libopencm3/lib/libopencm3_stm32f1.a(timer_common_all.o)
 .text.timer_enable_break
                0x0000000000000000        0xa /home/mark1/Documents/stm32/libopencm3/lib/libopencm3_stm32f1.a(timer_common_all.o)
 .text.timer_disable_break
                0x0000000000000000        0xa /home/mark1/Documents/stm32/libopencm3/lib/libopencm3_stm32f1.a(timer_common_all.o)
 .text.timer_set_enabled_off_state_in_run_mode
                0x0000000000000000        0xa /home/mark1/Documents/stm32/libopencm3/lib/libopencm3_stm32f1.a(timer_common_all.o)
 .text.timer_set_disabled_off_state_in_run_mode
                0x0000000000000000        0xa /home/mark1/Documents/stm32/libopencm3/lib/libopencm3_stm32f1.a(timer_common_all.o)
 .text.timer_set_enabled_off_state_in_idle_mode
                0x0000000000000000        0xa /home/mark1/Documents/stm32/libopencm3/lib/libopencm3_stm32f1.a(timer_common_all.o)
 .text.timer_set_disabled_off_state_in_idle_mode
                0x0000000000000000        0xa /home/mark1/Documents/stm32/libopencm3/lib/libopencm3_stm32f1.a(timer_common_all.o)
 .text.timer_set_break_lock
                0x0000000000000000        0x8 /home/mark1/Documents/stm32/libopencm3/lib/libopencm3_stm32f1.a(timer_common_all.o)
 .text.timer_set_deadtime
                0x0000000000000000        0x4 /home/mark1/Documents/stm32/libopencm3/lib/libopencm3_stm32f1.a(timer_common_all.o)
 .text.timer_generate_event
                0x0000000000000000        0x8 /home/mark1/Documents/stm32/libopencm3/lib/libopencm3_stm32f1.a(timer_common_all.o)
 .text.timer_get_counter
                0x0000000000000000        0x4 /home/mark1/Documents/stm32/libopencm3/lib/libopencm3_stm32f1.a(timer_common_all.o)
 .text.timer_set_counter
                0x0000000000000000        0x4 /home/mark1/Documents/stm32/libopencm3/lib/libopencm3_stm32f1.a(timer_common_all.o)
 .text.timer_ic_set_filter
                0x0000000000000000       0x50 /home/mark1/Documents/stm32/libopencm3/lib/libopencm3_stm32f1.a(timer_common_all.o)
 .text.timer_ic_set_prescaler
                0x0000000000000000       0x50 /home/mark1/Documents/stm32/libopencm3/lib/libopencm3_stm32f1.a(timer_common_all.o)
 .text.timer_ic_set_input
                0x0000000000000000       0x66 /home/mark1/Documents/stm32/libopencm3/lib/libopencm3_stm32f1.a(timer_common_all.o)
 .text.timer_ic_enable
                0x0000000000000000        0xe /home/mark1/Documents/stm32/libopencm3/lib/libopencm3_stm32f1.a(timer_common_all.o)
 .text.timer_ic_disable
                0x0000000000000000       0x12 /home/mark1/Documents/stm32/libopencm3/lib/libopencm3_stm32f1.a(timer_common_all.o)
 .text.timer_slave_set_filter
                0x0000000000000000       0x12 /home/mark1/Documents/stm32/libopencm3/lib/libopencm3_stm32f1.a(timer_common_all.o)
 .text.timer_slave_set_prescaler
                0x0000000000000000       0x12 /home/mark1/Documents/stm32/libopencm3/lib/libopencm3_stm32f1.a(timer_common_all.o)
 .text.timer_slave_set_polarity
                0x0000000000000000       0x12 /home/mark1/Documents/stm32/libopencm3/lib/libopencm3_stm32f1.a(timer_common_all.o)
 .text.timer_slave_set_mode
                0x0000000000000000       0x10 /home/mark1/Documents/stm32/libopencm3/lib/libopencm3_stm32f1.a(timer_common_all.o)
 .text.timer_slave_set_trigger
                0x0000000000000000       0x10 /home/mark1/Documents/stm32/libopencm3/lib/libopencm3_stm32f1.a(timer_common_all.o)
 .debug_macro   0x0000000000000000      0xa4e /home/mark1/Documents/stm32/libopencm3/lib/libopencm3_stm32f1.a(timer_common_all.o)
 .debug_macro   0x0000000000000000       0x1c /home/mark1/Documents/stm32/libopencm3/lib/libopencm3_stm32f1.a(timer_common_all.o)
 .debug_macro   0x0000000000000000       0x22 /home/mark1/Documents/stm32/libopencm3/lib/libopencm3_stm32f1.a(timer_common_all.o)
 .debug_macro   0x0000000000000000       0x56 /home/mark1/Documents/stm32/libopencm3/lib/libopencm3_stm32f1.a(timer_common_all.o)
 .debug_macro   0x0000000000000000       0x51 /home/mark1/Documents/stm32/libopencm3/lib/libopencm3_stm32f1.a(timer_common_all.o)
 .debug_macro   0x0000000000000000       0xef /home/mark1/Documents/stm32/libopencm3/lib/libopencm3_stm32f1.a(timer_common_all.o)
 .debug_macro   0x0000000000000000       0x6a /home/mark1/Documents/stm32/libopencm3/lib/libopencm3_stm32f1.a(timer_common_all.o)
 .debug_macro   0x0000000000000000      0x1df /home/mark1/Documents/stm32/libopencm3/lib/libopencm3_stm32f1.a(timer_common_all.o)
 .debug_macro   0x0000000000000000       0x22 /home/mark1/Documents/stm32/libopencm3/lib/libopencm3_stm32f1.a(timer_common_all.o)
 .debug_macro   0x0000000000000000       0xe8 /home/mark1/Documents/stm32/libopencm3/lib/libopencm3_stm32f1.a(timer_common_all.o)
 .debug_macro   0x0000000000000000       0x76 /home/mark1/Documents/stm32/libopencm3/lib/libopencm3_stm32f1.a(timer_common_all.o)
 .debug_macro   0x0000000000000000      0x1b4 /home/mark1/Documents/stm32/libopencm3/lib/libopencm3_stm32f1.a(timer_common_all.o)
 .debug_macro   0x0000000000000000      0x82c /home/mark1/Documents/stm32/libopencm3/lib/libopencm3_stm32f1.a(timer_common_all.o)
 .group         0x0000000000000000        0xc /home/mark1/Documents/stm32/libopencm3/lib/libopencm3_stm32f1.a(vector.o)
 .group         0x0000000000000000        0xc /home/mark1/Documents/stm32/libopencm3/lib/libopencm3_stm32f1.a(vector.o)
 .group         0x0000000000000000        0xc /home/mark1/Documents/stm32/libopencm3/lib/libopencm3_stm32f1.a(vector.o)
 .group         0x0000000000000000        0xc /home/mark1/Documents/stm32/libopencm3/lib/libopencm3_stm32f1.a(vector.o)
 .group         0x0000000000000000        0xc /home/mark1/Documents/stm32/libopencm3/lib/libopencm3_stm32f1.a(vector.o)
 .group         0x0000000000000000        0xc /home/mark1/Documents/stm32/libopencm3/lib/libopencm3_stm32f1.a(vector.o)
 .group         0x0000000000000000        0xc /home/mark1/Documents/stm32/libopencm3/lib/libopencm3_stm32f1.a(vector.o)
 .group         0x0000000000000000        0xc /home/mark1/Documents/stm32/libopencm3/lib/libopencm3_stm32f1.a(vector.o)
 .group         0x0000000000000000        0xc /home/mark1/Documents/stm32/libopencm3/lib/libopencm3_stm32f1.a(vector.o)
 .group         0x0000000000000000        0xc /home/mark1/Documents/stm32/libopencm3/lib/libopencm3_stm32f1.a(vector.o)
 .group         0x0000000000000000        0xc /home/mark1/Documents/stm32/libopencm3/lib/libopencm3_stm32f1.a(vector.o)
 .group         0x0000000000000000        0xc /home/mark1/Documents/stm32/libopencm3/lib/libopencm3_stm32f1.a(vector.o)
 .group         0x0000000000000000        0xc /home/mark1/Documents/stm32/libopencm3/lib/libopencm3_stm32f1.a(vector.o)
 .group         0x0000000000000000        0xc /home/mark1/Documents/stm32/libopencm3/lib/libopencm3_stm32f1.a(vector.o)
 .text          0x0000000000000000        0x0 /home/mark1/Documents/stm32/libopencm3/lib/libopencm3_stm32f1.a(vector.o)
 .data          0x0000000000000000        0x0 /home/mark1/Documents/stm32/libopencm3/lib/libopencm3_stm32f1.a(vector.o)
 .bss           0x0000000000000000        0x0 /home/mark1/Documents/stm32/libopencm3/lib/libopencm3_stm32f1.a(vector.o)
 .debug_macro   0x0000000000000000      0xa4e /home/mark1/Documents/stm32/libopencm3/lib/libopencm3_stm32f1.a(vector.o)
 .debug_macro   0x0000000000000000       0x76 /home/mark1/Documents/stm32/libopencm3/lib/libopencm3_stm32f1.a(vector.o)
 .debug_macro   0x0000000000000000       0x1c /home/mark1/Documents/stm32/libopencm3/lib/libopencm3_stm32f1.a(vector.o)
 .debug_macro   0x0000000000000000       0x22 /home/mark1/Documents/stm32/libopencm3/lib/libopencm3_stm32f1.a(vector.o)
 .debug_macro   0x0000000000000000       0x56 /home/mark1/Documents/stm32/libopencm3/lib/libopencm3_stm32f1.a(vector.o)
 .debug_macro   0x0000000000000000       0x51 /home/mark1/Documents/stm32/libopencm3/lib/libopencm3_stm32f1.a(vector.o)
 .debug_macro   0x0000000000000000       0xef /home/mark1/Documents/stm32/libopencm3/lib/libopencm3_stm32f1.a(vector.o)
 .debug_macro   0x0000000000000000       0x6a /home/mark1/Documents/stm32/libopencm3/lib/libopencm3_stm32f1.a(vector.o)
 .debug_macro   0x0000000000000000      0x1df /home/mark1/Documents/stm32/libopencm3/lib/libopencm3_stm32f1.a(vector.o)
 .debug_macro   0x0000000000000000       0x22 /home/mark1/Documents/stm32/libopencm3/lib/libopencm3_stm32f1.a(vector.o)
 .debug_macro   0x0000000000000000       0xe8 /home/mark1/Documents/stm32/libopencm3/lib/libopencm3_stm32f1.a(vector.o)
 .group         0x0000000000000000        0xc /home/mark1/Documents/stm32/libopencm3/lib/libopencm3_stm32f1.a(assert.o)
 .group         0x0000000000000000        0xc /home/mark1/Documents/stm32/libopencm3/lib/libopencm3_stm32f1.a(assert.o)
 .group         0x0000000000000000        0xc /home/mark1/Documents/stm32/libopencm3/lib/libopencm3_stm32f1.a(assert.o)
 .group         0x0000000000000000        0xc /home/mark1/Documents/stm32/libopencm3/lib/libopencm3_stm32f1.a(assert.o)
 .group         0x0000000000000000        0xc /home/mark1/Documents/stm32/libopencm3/lib/libopencm3_stm32f1.a(assert.o)
 .group         0x0000000000000000        0xc /home/mark1/Documents/stm32/libopencm3/lib/libopencm3_stm32f1.a(assert.o)
 .group         0x0000000000000000        0xc /home/mark1/Documents/stm32/libopencm3/lib/libopencm3_stm32f1.a(assert.o)
 .group         0x0000000000000000        0xc /home/mark1/Documents/stm32/libopencm3/lib/libopencm3_stm32f1.a(assert.o)
 .group         0x0000000000000000        0xc /home/mark1/Documents/stm32/libopencm3/lib/libopencm3_stm32f1.a(assert.o)
 .group         0x0000000000000000        0xc /home/mark1/Documents/stm32/libopencm3/lib/libopencm3_stm32f1.a(assert.o)
 .group         0x0000000000000000        0xc /home/mark1/Documents/stm32/libopencm3/lib/libopencm3_stm32f1.a(assert.o)
 .text          0x0000000000000000        0x0 /home/mark1/Documents/stm32/libopencm3/lib/libopencm3_stm32f1.a(assert.o)
 .data          0x0000000000000000        0x0 /home/mark1/Documents/stm32/libopencm3/lib/libopencm3_stm32f1.a(assert.o)
 .bss           0x0000000000000000        0x0 /home/mark1/Documents/stm32/libopencm3/lib/libopencm3_stm32f1.a(assert.o)
 .text.cm3_assert_failed
                0x0000000000000000        0x2 /home/mark1/Documents/stm32/libopencm3/lib/libopencm3_stm32f1.a(assert.o)
 .text.cm3_assert_failed_verbose
                0x0000000000000000        0x6 /home/mark1/Documents/stm32/libopencm3/lib/libopencm3_stm32f1.a(assert.o)
 .debug_info    0x0000000000000000       0xee /home/mark1/Documents/stm32/libopencm3/lib/libopencm3_stm32f1.a(assert.o)
 .debug_abbrev  0x0000000000000000       0x8f /home/mark1/Documents/stm32/libopencm3/lib/libopencm3_stm32f1.a(assert.o)
 .debug_loc     0x0000000000000000       0x84 /home/mark1/Documents/stm32/libopencm3/lib/libopencm3_stm32f1.a(assert.o)
 .debug_aranges
                0x0000000000000000       0x28 /home/mark1/Documents/stm32/libopencm3/lib/libopencm3_stm32f1.a(assert.o)
 .debug_ranges  0x0000000000000000       0x18 /home/mark1/Documents/stm32/libopencm3/lib/libopencm3_stm32f1.a(assert.o)
 .debug_macro   0x0000000000000000       0x89 /home/mark1/Documents/stm32/libopencm3/lib/libopencm3_stm32f1.a(assert.o)
 .debug_macro   0x0000000000000000      0xa4e /home/mark1/Documents/stm32/libopencm3/lib/libopencm3_stm32f1.a(assert.o)
 .debug_macro   0x0000000000000000       0x1c /home/mark1/Documents/stm32/libopencm3/lib/libopencm3_stm32f1.a(assert.o)
 .debug_macro   0x0000000000000000       0x22 /home/mark1/Documents/stm32/libopencm3/lib/libopencm3_stm32f1.a(assert.o)
 .debug_macro   0x0000000000000000       0x56 /home/mark1/Documents/stm32/libopencm3/lib/libopencm3_stm32f1.a(assert.o)
 .debug_macro   0x0000000000000000       0x51 /home/mark1/Documents/stm32/libopencm3/lib/libopencm3_stm32f1.a(assert.o)
 .debug_macro   0x0000000000000000       0xef /home/mark1/Documents/stm32/libopencm3/lib/libopencm3_stm32f1.a(assert.o)
 .debug_macro   0x0000000000000000       0x6a /home/mark1/Documents/stm32/libopencm3/lib/libopencm3_stm32f1.a(assert.o)
 .debug_macro   0x0000000000000000      0x1df /home/mark1/Documents/stm32/libopencm3/lib/libopencm3_stm32f1.a(assert.o)
 .debug_macro   0x0000000000000000       0x22 /home/mark1/Documents/stm32/libopencm3/lib/libopencm3_stm32f1.a(assert.o)
 .debug_macro   0x0000000000000000       0xe8 /home/mark1/Documents/stm32/libopencm3/lib/libopencm3_stm32f1.a(assert.o)
 .debug_macro   0x0000000000000000       0x16 /home/mark1/Documents/stm32/libopencm3/lib/libopencm3_stm32f1.a(assert.o)
 .debug_line    0x0000000000000000      0x172 /home/mark1/Documents/stm32/libopencm3/lib/libopencm3_stm32f1.a(assert.o)
 .debug_str     0x0000000000000000     0x3fe7 /home/mark1/Documents/stm32/libopencm3/lib/libopencm3_stm32f1.a(assert.o)
 .comment       0x0000000000000000       0x58 /home/mark1/Documents/stm32/libopencm3/lib/libopencm3_stm32f1.a(assert.o)
 .debug_frame   0x0000000000000000       0x38 /home/mark1/Documents/stm32/libopencm3/lib/libopencm3_stm32f1.a(assert.o)
 .ARM.attributes
                0x0000000000000000       0x33 /home/mark1/Documents/stm32/libopencm3/lib/libopencm3_stm32f1.a(assert.o)
 .group         0x0000000000000000        0xc /home/mark1/Documents/stm32/libopencm3/lib/libopencm3_stm32f1.a(flash_common_all.o)
 .group         0x0000000000000000        0xc /home/mark1/Documents/stm32/libopencm3/lib/libopencm3_stm32f1.a(flash_common_all.o)
 .group         0x0000000000000000        0xc /home/mark1/Documents/stm32/libopencm3/lib/libopencm3_stm32f1.a(flash_common_all.o)
 .group         0x0000000000000000        0xc /home/mark1/Documents/stm32/libopencm3/lib/libopencm3_stm32f1.a(flash_common_all.o)
 .group         0x0000000000000000        0xc /home/mark1/Documents/stm32/libopencm3/lib/libopencm3_stm32f1.a(flash_common_all.o)
 .group         0x0000000000000000        0xc /home/mark1/Documents/stm32/libopencm3/lib/libopencm3_stm32f1.a(flash_common_all.o)
 .group         0x0000000000000000        0xc /home/mark1/Documents/stm32/libopencm3/lib/libopencm3_stm32f1.a(flash_common_all.o)
 .group         0x0000000000000000        0xc /home/mark1/Documents/stm32/libopencm3/lib/libopencm3_stm32f1.a(flash_common_all.o)
 .group         0x0000000000000000        0xc /home/mark1/Documents/stm32/libopencm3/lib/libopencm3_stm32f1.a(flash_common_all.o)
 .group         0x0000000000000000        0xc /home/mark1/Documents/stm32/libopencm3/lib/libopencm3_stm32f1.a(flash_common_all.o)
 .group         0x0000000000000000        0xc /home/mark1/Documents/stm32/libopencm3/lib/libopencm3_stm32f1.a(flash_common_all.o)
 .group         0x0000000000000000        0xc /home/mark1/Documents/stm32/libopencm3/lib/libopencm3_stm32f1.a(flash_common_all.o)
 .group         0x0000000000000000        0xc /home/mark1/Documents/stm32/libopencm3/lib/libopencm3_stm32f1.a(flash_common_all.o)
 .group         0x0000000000000000        0xc /home/mark1/Documents/stm32/libopencm3/lib/libopencm3_stm32f1.a(flash_common_all.o)
 .text          0x0000000000000000        0x0 /home/mark1/Documents/stm32/libopencm3/lib/libopencm3_stm32f1.a(flash_common_all.o)
 .data          0x0000000000000000        0x0 /home/mark1/Documents/stm32/libopencm3/lib/libopencm3_stm32f1.a(flash_common_all.o)
 .bss           0x0000000000000000        0x0 /home/mark1/Documents/stm32/libopencm3/lib/libopencm3_stm32f1.a(flash_common_all.o)
 .text.flash_prefetch_enable
                0x0000000000000000       0x10 /home/mark1/Documents/stm32/libopencm3/lib/libopencm3_stm32f1.a(flash_common_all.o)
 .text.flash_prefetch_disable
                0x0000000000000000       0x10 /home/mark1/Documents/stm32/libopencm3/lib/libopencm3_stm32f1.a(flash_common_all.o)
 .text.flash_unlock_option_bytes
                0x0000000000000000       0x18 /home/mark1/Documents/stm32/libopencm3/lib/libopencm3_stm32f1.a(flash_common_all.o)
 .debug_macro   0x0000000000000000      0xa4e /home/mark1/Documents/stm32/libopencm3/lib/libopencm3_stm32f1.a(flash_common_all.o)
 .debug_macro   0x0000000000000000       0x1c /home/mark1/Documents/stm32/libopencm3/lib/libopencm3_stm32f1.a(flash_common_all.o)
 .debug_macro   0x0000000000000000       0x22 /home/mark1/Documents/stm32/libopencm3/lib/libopencm3_stm32f1.a(flash_common_all.o)
 .debug_macro   0x0000000000000000       0x56 /home/mark1/Documents/stm32/libopencm3/lib/libopencm3_stm32f1.a(flash_common_all.o)
 .debug_macro   0x0000000000000000       0x51 /home/mark1/Documents/stm32/libopencm3/lib/libopencm3_stm32f1.a(flash_common_all.o)
 .debug_macro   0x0000000000000000       0xef /home/mark1/Documents/stm32/libopencm3/lib/libopencm3_stm32f1.a(flash_common_all.o)
 .debug_macro   0x0000000000000000       0x6a /home/mark1/Documents/stm32/libopencm3/lib/libopencm3_stm32f1.a(flash_common_all.o)
 .debug_macro   0x0000000000000000      0x1df /home/mark1/Documents/stm32/libopencm3/lib/libopencm3_stm32f1.a(flash_common_all.o)
 .debug_macro   0x0000000000000000       0x22 /home/mark1/Documents/stm32/libopencm3/lib/libopencm3_stm32f1.a(flash_common_all.o)
 .debug_macro   0x0000000000000000       0xe8 /home/mark1/Documents/stm32/libopencm3/lib/libopencm3_stm32f1.a(flash_common_all.o)
 .debug_macro   0x0000000000000000       0x76 /home/mark1/Documents/stm32/libopencm3/lib/libopencm3_stm32f1.a(flash_common_all.o)
 .debug_macro   0x0000000000000000      0x1b4 /home/mark1/Documents/stm32/libopencm3/lib/libopencm3_stm32f1.a(flash_common_all.o)
 .debug_macro   0x0000000000000000       0xee /home/mark1/Documents/stm32/libopencm3/lib/libopencm3_stm32f1.a(flash_common_all.o)
 .debug_macro   0x0000000000000000       0x82 /home/mark1/Documents/stm32/libopencm3/lib/libopencm3_stm32f1.a(flash_common_all.o)

Memory Configuration

Name             Origin             Length             Attributes
rom              0x0000000008000000 0x0000000000010000 xr
ram              0x0000000020000000 0x0000000000005000 xrw
*default*        0x0000000000000000 0xffffffffffffffff

Linker script and memory map

LOAD main.o
LOAD rtos/heap_4.o
LOAD rtos/list.o
LOAD rtos/port.o
LOAD rtos/queue.o
LOAD rtos/tasks.o
LOAD rtos/opencm3.o
START GROUP
LOAD /usr/lib/gcc/arm-none-eabi/7.3.1/../../../arm-none-eabi/lib/thumb/v7-m/libc.a
LOAD /usr/lib/gcc/arm-none-eabi/7.3.1/thumb/v7-m/libgcc.a
LOAD /usr/lib/gcc/arm-none-eabi/7.3.1/../../../arm-none-eabi/lib/thumb/v7-m/libnosys.a
END GROUP
LOAD /home/mark1/Documents/stm32//rtos/libwwg/libwwg.a
LOAD /home/mark1/Documents/stm32/libopencm3/lib/libopencm3_stm32f1.a
START GROUP
LOAD /usr/lib/gcc/arm-none-eabi/7.3.1/thumb/v7-m/libgcc.a
LOAD /usr/lib/gcc/arm-none-eabi/7.3.1/../../../arm-none-eabi/lib/thumb/v7-m/libc.a
END GROUP
START GROUP
LOAD /usr/lib/gcc/arm-none-eabi/7.3.1/thumb/v7-m/libgcc.a
LOAD /usr/lib/gcc/arm-none-eabi/7.3.1/../../../arm-none-eabi/lib/thumb/v7-m/libc.a
LOAD /usr/lib/gcc/arm-none-eabi/7.3.1/../../../arm-none-eabi/lib/thumb/v7-m/libnosys.a
END GROUP

.text           0x0000000008000000     0x11d0
 *(.vectors)
 .vectors       0x0000000008000000      0x150 /home/mark1/Documents/stm32/libopencm3/lib/libopencm3_stm32f1.a(vector.o)
                0x0000000008000000                vector_table
 *(.text*)
 .text.timer_task
                0x0000000008000150       0xf0 main.o
 .text.startup.main
                0x0000000008000240       0x28 main.o
                0x0000000008000240                main
 .text.prvInsertBlockIntoFreeList
                0x0000000008000268       0x48 rtos/heap_4.o
 .text.pvPortMalloc
                0x00000000080002b0       0xf4 rtos/heap_4.o
                0x00000000080002b0                pvPortMalloc
 .text.vPortFree
                0x00000000080003a4       0x4c rtos/heap_4.o
                0x00000000080003a4                vPortFree
 .text.vListInitialise
                0x00000000080003f0       0x16 rtos/list.o
                0x00000000080003f0                vListInitialise
 .text.vListInitialiseItem
                0x0000000008000406        0x6 rtos/list.o
                0x0000000008000406                vListInitialiseItem
 .text.vListInsertEnd
                0x000000000800040c       0x18 rtos/list.o
                0x000000000800040c                vListInsertEnd
 .text.vListInsert
                0x0000000008000424       0x2e rtos/list.o
                0x0000000008000424                vListInsert
 .text.uxListRemove
                0x0000000008000452       0x20 rtos/list.o
                0x0000000008000452                uxListRemove
 .text.prvTaskExitError
                0x0000000008000472       0x12 rtos/port.o
 .text.prvPortStartFirstTask
                0x0000000008000484       0x20 rtos/port.o
 .text.pxPortInitialiseStack
                0x00000000080004a4       0x24 rtos/port.o
                0x00000000080004a4                pxPortInitialiseStack
 *fill*         0x00000000080004c8        0x8 
 .text.vPortSVCHandler
                0x00000000080004d0       0x24 rtos/port.o
                0x00000000080004d0                vPortSVCHandler
 .text.vPortEnterCritical
                0x00000000080004f4       0x20 rtos/port.o
                0x00000000080004f4                vPortEnterCritical
 .text.vPortExitCritical
                0x0000000008000514       0x14 rtos/port.o
                0x0000000008000514                vPortExitCritical
 *fill*         0x0000000008000528        0x8 
 .text.xPortPendSVHandler
                0x0000000008000530       0x44 rtos/port.o
                0x0000000008000530                xPortPendSVHandler
 .text.xPortSysTickHandler
                0x0000000008000574       0x2c rtos/port.o
                0x0000000008000574                xPortSysTickHandler
 .text.vPortSetupTimerInterrupt
                0x00000000080005a0       0x14 rtos/port.o
                0x00000000080005a0                vPortSetupTimerInterrupt
 .text.xPortStartScheduler
                0x00000000080005b4       0x30 rtos/port.o
                0x00000000080005b4                xPortStartScheduler
 .text.prvResetNextTaskUnblockTime
                0x00000000080005e4       0x24 rtos/tasks.o
 .text.prvAddCurrentTaskToDelayedList
                0x0000000008000608       0x8c rtos/tasks.o
 .text.xTaskCreate
                0x0000000008000694      0x1c0 rtos/tasks.o
                0x0000000008000694                xTaskCreate
 .text.vTaskStartScheduler
                0x0000000008000854       0x60 rtos/tasks.o
                0x0000000008000854                vTaskStartScheduler
 .text.vTaskSuspendAll
                0x00000000080008b4       0x10 rtos/tasks.o
                0x00000000080008b4                vTaskSuspendAll
 .text.xTaskIncrementTick
                0x00000000080008c4      0x10c rtos/tasks.o
                0x00000000080008c4                xTaskIncrementTick
 .text.xTaskResumeAll
                0x00000000080009d0       0xd8 rtos/tasks.o
                0x00000000080009d0                xTaskResumeAll
 .text.vTaskDelay
                0x0000000008000aa8       0x30 rtos/tasks.o
                0x0000000008000aa8                vTaskDelay
 .text.prvIdleTask
                0x0000000008000ad8       0x74 rtos/tasks.o
 .text.vTaskSwitchContext
                0x0000000008000b4c       0x60 rtos/tasks.o
                0x0000000008000b4c                vTaskSwitchContext
 .text.sv_call_handler
                0x0000000008000bac        0x4 rtos/opencm3.o
                0x0000000008000bac                sv_call_handler
 .text.pend_sv_handler
                0x0000000008000bb0        0x4 rtos/opencm3.o
                0x0000000008000bb0                pend_sv_handler
 .text.sys_tick_handler
                0x0000000008000bb4        0x4 rtos/opencm3.o
                0x0000000008000bb4                sys_tick_handler
 .text.gpio_set_mode
                0x0000000008000bb8       0x62 /home/mark1/Documents/stm32/libopencm3/lib/libopencm3_stm32f1.a(gpio.o)
                0x0000000008000bb8                gpio_set_mode
 *fill*         0x0000000008000c1a        0x2 
 .text.gpio_primary_remap
                0x0000000008000c1c       0x14 /home/mark1/Documents/stm32/libopencm3/lib/libopencm3_stm32f1.a(gpio.o)
                0x0000000008000c1c                gpio_primary_remap
 .text.rcc_osc_on.part.1
                0x0000000008000c30       0x10 /home/mark1/Documents/stm32/libopencm3/lib/libopencm3_stm32f1.a(rcc.o)
 .text.rcc_is_osc_ready
                0x0000000008000c40       0x5c /home/mark1/Documents/stm32/libopencm3/lib/libopencm3_stm32f1.a(rcc.o)
                0x0000000008000c40                rcc_is_osc_ready
 .text.rcc_wait_for_osc_ready
                0x0000000008000c9c       0x10 /home/mark1/Documents/stm32/libopencm3/lib/libopencm3_stm32f1.a(rcc.o)
                0x0000000008000c9c                rcc_wait_for_osc_ready
 .text.rcc_osc_on
                0x0000000008000cac       0x54 /home/mark1/Documents/stm32/libopencm3/lib/libopencm3_stm32f1.a(rcc.o)
                0x0000000008000cac                rcc_osc_on
 .text.rcc_set_sysclk_source
                0x0000000008000d00       0x14 /home/mark1/Documents/stm32/libopencm3/lib/libopencm3_stm32f1.a(rcc.o)
                0x0000000008000d00                rcc_set_sysclk_source
 .text.rcc_set_pll_multiplication_factor
                0x0000000008000d14       0x14 /home/mark1/Documents/stm32/libopencm3/lib/libopencm3_stm32f1.a(rcc.o)
                0x0000000008000d14                rcc_set_pll_multiplication_factor
 .text.rcc_set_pll_source
                0x0000000008000d28       0x14 /home/mark1/Documents/stm32/libopencm3/lib/libopencm3_stm32f1.a(rcc.o)
                0x0000000008000d28                rcc_set_pll_source
 .text.rcc_set_pllxtpre
                0x0000000008000d3c       0x14 /home/mark1/Documents/stm32/libopencm3/lib/libopencm3_stm32f1.a(rcc.o)
                0x0000000008000d3c                rcc_set_pllxtpre
 .text.rcc_set_adcpre
                0x0000000008000d50       0x14 /home/mark1/Documents/stm32/libopencm3/lib/libopencm3_stm32f1.a(rcc.o)
                0x0000000008000d50                rcc_set_adcpre
 .text.rcc_set_ppre2
                0x0000000008000d64       0x14 /home/mark1/Documents/stm32/libopencm3/lib/libopencm3_stm32f1.a(rcc.o)
                0x0000000008000d64                rcc_set_ppre2
 .text.rcc_set_ppre1
                0x0000000008000d78       0x14 /home/mark1/Documents/stm32/libopencm3/lib/libopencm3_stm32f1.a(rcc.o)
                0x0000000008000d78                rcc_set_ppre1
 .text.rcc_set_hpre
                0x0000000008000d8c       0x14 /home/mark1/Documents/stm32/libopencm3/lib/libopencm3_stm32f1.a(rcc.o)
                0x0000000008000d8c                rcc_set_hpre
 .text.rcc_clock_setup_in_hse_8mhz_out_72mhz
                0x0000000008000da0       0x8c /home/mark1/Documents/stm32/libopencm3/lib/libopencm3_stm32f1.a(rcc.o)
                0x0000000008000da0                rcc_clock_setup_in_hse_8mhz_out_72mhz
 .text.rcc_periph_clock_enable
                0x0000000008000e2c       0x1a /home/mark1/Documents/stm32/libopencm3/lib/libopencm3_stm32f1.a(rcc_common_all.o)
                0x0000000008000e2c                rcc_periph_clock_enable
 .text.rcc_periph_reset_pulse
                0x0000000008000e46       0x22 /home/mark1/Documents/stm32/libopencm3/lib/libopencm3_stm32f1.a(rcc_common_all.o)
                0x0000000008000e46                rcc_periph_reset_pulse
 .text.timer_get_flag
                0x0000000008000e68        0xc /home/mark1/Documents/stm32/libopencm3/lib/libopencm3_stm32f1.a(timer_common_all.o)
                0x0000000008000e68                timer_get_flag
 .text.timer_set_mode
                0x0000000008000e74       0x12 /home/mark1/Documents/stm32/libopencm3/lib/libopencm3_stm32f1.a(timer_common_all.o)
                0x0000000008000e74                timer_set_mode
 .text.timer_one_shot_mode
                0x0000000008000e86        0xa /home/mark1/Documents/stm32/libopencm3/lib/libopencm3_stm32f1.a(timer_common_all.o)
                0x0000000008000e86                timer_one_shot_mode
 .text.timer_enable_counter
                0x0000000008000e90        0xa /home/mark1/Documents/stm32/libopencm3/lib/libopencm3_stm32f1.a(timer_common_all.o)
                0x0000000008000e90                timer_enable_counter
 .text.timer_set_prescaler
                0x0000000008000e9a        0x4 /home/mark1/Documents/stm32/libopencm3/lib/libopencm3_stm32f1.a(timer_common_all.o)
                0x0000000008000e9a                timer_set_prescaler
 .text.timer_set_period
                0x0000000008000e9e        0x4 /home/mark1/Documents/stm32/libopencm3/lib/libopencm3_stm32f1.a(timer_common_all.o)
                0x0000000008000e9e                timer_set_period
 .text.timer_set_oc_mode
                0x0000000008000ea2      0x18c /home/mark1/Documents/stm32/libopencm3/lib/libopencm3_stm32f1.a(timer_common_all.o)
                0x0000000008000ea2                timer_set_oc_mode
 .text.timer_disable_oc_preload
                0x000000000800102e       0x34 /home/mark1/Documents/stm32/libopencm3/lib/libopencm3_stm32f1.a(timer_common_all.o)
                0x000000000800102e                timer_disable_oc_preload
 .text.timer_set_oc_polarity_high
                0x0000000008001062       0x4a /home/mark1/Documents/stm32/libopencm3/lib/libopencm3_stm32f1.a(timer_common_all.o)
                0x0000000008001062                timer_set_oc_polarity_high
 .text.timer_enable_oc_output
                0x00000000080010ac       0x4a /home/mark1/Documents/stm32/libopencm3/lib/libopencm3_stm32f1.a(timer_common_all.o)
                0x00000000080010ac                timer_enable_oc_output
 .text.timer_set_oc_value
                0x00000000080010f6       0x20 /home/mark1/Documents/stm32/libopencm3/lib/libopencm3_stm32f1.a(timer_common_all.o)
                0x00000000080010f6                timer_set_oc_value
 .text.blocking_handler
                0x0000000008001116        0x2 /home/mark1/Documents/stm32/libopencm3/lib/libopencm3_stm32f1.a(vector.o)
                0x0000000008001116                usart3_isr
                0x0000000008001116                rtc_isr
                0x0000000008001116                tim7_isr
                0x0000000008001116                adc1_2_isr
                0x0000000008001116                tim1_trg_com_isr
                0x0000000008001116                usb_hp_can_tx_isr
                0x0000000008001116                tim6_isr
                0x0000000008001116                usb_wakeup_isr
                0x0000000008001116                blocking_handler
                0x0000000008001116                tim5_isr
                0x0000000008001116                otg_fs_isr
                0x0000000008001116                spi1_isr
                0x0000000008001116                exti2_isr
                0x0000000008001116                dma1_channel6_isr
                0x0000000008001116                can_rx1_isr
                0x0000000008001116                dma1_channel5_isr
                0x0000000008001116                dma2_channel5_isr
                0x0000000008001116                usart1_isr
                0x0000000008001116                usage_fault_handler
                0x0000000008001116                tim8_trg_com_isr
                0x0000000008001116                can2_rx0_isr
                0x0000000008001116                tim1_brk_isr
                0x0000000008001116                can2_rx1_isr
                0x0000000008001116                tim1_cc_isr
                0x0000000008001116                sdio_isr
                0x0000000008001116                eth_isr
                0x0000000008001116                dma1_channel4_isr
                0x0000000008001116                tim8_brk_isr
                0x0000000008001116                dma2_channel4_5_isr
                0x0000000008001116                pvd_isr
                0x0000000008001116                rcc_isr
                0x0000000008001116                flash_isr
                0x0000000008001116                uart4_isr
                0x0000000008001116                rtc_alarm_isr
                0x0000000008001116                exti15_10_isr
                0x0000000008001116                hard_fault_handler
                0x0000000008001116                exti1_isr
                0x0000000008001116                i2c1_ev_isr
                0x0000000008001116                dma2_channel1_isr
                0x0000000008001116                spi2_isr
                0x0000000008001116                tim8_up_isr
                0x0000000008001116                dma2_channel2_isr
                0x0000000008001116                exti3_isr
                0x0000000008001116                adc3_isr
                0x0000000008001116                tim3_isr
                0x0000000008001116                usart2_isr
                0x0000000008001116                usb_lp_can_rx0_isr
                0x0000000008001116                i2c2_er_isr
                0x0000000008001116                i2c2_ev_isr
                0x0000000008001116                uart5_isr
                0x0000000008001116                fsmc_isr
                0x0000000008001116                dma1_channel1_isr
                0x0000000008001116                exti4_isr
                0x0000000008001116                mem_manage_handler
                0x0000000008001116                can2_tx_isr
                0x0000000008001116                exti9_5_isr
                0x0000000008001116                dma2_channel3_isr
                0x0000000008001116                dma1_channel7_isr
                0x0000000008001116                tim1_up_isr
                0x0000000008001116                can2_sce_isr
                0x0000000008001116                tim4_isr
                0x0000000008001116                dma1_channel2_isr
                0x0000000008001116                i2c1_er_isr
                0x0000000008001116                can_sce_isr
                0x0000000008001116                tim8_cc_isr
                0x0000000008001116                tamper_isr
                0x0000000008001116                eth_wkup_isr
                0x0000000008001116                bus_fault_handler
                0x0000000008001116                wwdg_isr
                0x0000000008001116                dma1_channel3_isr
                0x0000000008001116                spi3_isr
                0x0000000008001116                tim2_isr
                0x0000000008001116                exti0_isr
 .text.null_handler
                0x0000000008001118        0x2 /home/mark1/Documents/stm32/libopencm3/lib/libopencm3_stm32f1.a(vector.o)
                0x0000000008001118                null_handler
                0x0000000008001118                debug_monitor_handler
                0x0000000008001118                nmi_handler
 *fill*         0x000000000800111a        0x2 
 .text.reset_handler
                0x000000000800111c       0x94 /home/mark1/Documents/stm32/libopencm3/lib/libopencm3_stm32f1.a(vector.o)
                0x000000000800111c                reset_handler
 .text.flash_set_ws
                0x00000000080011b0       0x14 /home/mark1/Documents/stm32/libopencm3/lib/libopencm3_stm32f1.a(flash_common_all.o)
                0x00000000080011b0                flash_set_ws
                0x00000000080011c4                . = ALIGN (0x4)
 *(.rodata*)
 .rodata.main.str1.1
                0x00000000080011c4        0x6 main.o
 .rodata.vTaskStartScheduler.str1.1
                0x00000000080011ca        0x5 rtos/tasks.o
                0x00000000080011d0                . = ALIGN (0x4)
 *fill*         0x00000000080011cf        0x1 

.glue_7         0x00000000080011d0        0x0
 .glue_7        0x00000000080011d0        0x0 linker stubs

.glue_7t        0x00000000080011d0        0x0
 .glue_7t       0x00000000080011d0        0x0 linker stubs

.vfp11_veneer   0x00000000080011d0        0x0
 .vfp11_veneer  0x00000000080011d0        0x0 linker stubs

.v4_bx          0x00000000080011d0        0x0
 .v4_bx         0x00000000080011d0        0x0 linker stubs

.iplt           0x00000000080011d0        0x0
 .iplt          0x00000000080011d0        0x0 main.o

.rel.dyn        0x00000000080011d0        0x0
 .rel.iplt      0x00000000080011d0        0x0 main.o

.preinit_array  0x00000000080011d0        0x0
                0x00000000080011d0                . = ALIGN (0x4)
                0x00000000080011d0                __preinit_array_start = .
 *(.preinit_array)
                0x00000000080011d0                __preinit_array_end = .

.init_array     0x00000000080011d0        0x0
                0x00000000080011d0                . = ALIGN (0x4)
                0x00000000080011d0                __init_array_start = .
 *(SORT_BY_NAME(.init_array.*))
 *(.init_array)
                0x00000000080011d0                __init_array_end = .

.fini_array     0x00000000080011d0        0x0
                0x00000000080011d0                . = ALIGN (0x4)
                0x00000000080011d0                __fini_array_start = .
 *(.fini_array)
 *(SORT_BY_NAME(.fini_array.*))
                0x00000000080011d0                __fini_array_end = .

.ARM.extab
 *(.ARM.extab*)

.ARM.exidx      0x00000000080011d0        0x0
                0x00000000080011d0                __exidx_start = .
 *(.ARM.exidx*)
                0x00000000080011d0                __exidx_end = .
                0x00000000080011d0                . = ALIGN (0x4)
                0x00000000080011d0                _etext = .

.data           0x0000000020000000       0x10 load address 0x00000000080011d0
                0x0000000020000000                _data = .
 *(.data*)
 .data.uxCriticalNesting
                0x0000000020000000        0x4 rtos/port.o
 .data.rcc_ahb_frequency
                0x0000000020000004        0x4 /home/mark1/Documents/stm32/libopencm3/lib/libopencm3_stm32f1.a(rcc.o)
                0x0000000020000004                rcc_ahb_frequency
 .data.rcc_apb1_frequency
                0x0000000020000008        0x4 /home/mark1/Documents/stm32/libopencm3/lib/libopencm3_stm32f1.a(rcc.o)
                0x0000000020000008                rcc_apb1_frequency
 .data.rcc_apb2_frequency
                0x000000002000000c        0x4 /home/mark1/Documents/stm32/libopencm3/lib/libopencm3_stm32f1.a(rcc.o)
                0x000000002000000c                rcc_apb2_frequency
                0x0000000020000010                . = ALIGN (0x4)
                0x0000000020000010                _edata = .
                0x00000000080011d0                _data_loadaddr = LOADADDR (.data)

.igot.plt       0x0000000020000010        0x0 load address 0x00000000080011e0
 .igot.plt      0x0000000020000010        0x0 main.o

.bss            0x0000000020000010     0x451c load address 0x00000000080011e0
 *(.bss*)
 .bss.pxEnd     0x0000000020000010        0x4 rtos/heap_4.o
 .bss.ucHeap    0x0000000020000014     0x4400 rtos/heap_4.o
 .bss.xBlockAllocatedBit
                0x0000000020004414        0x4 rtos/heap_4.o
 .bss.xFreeBytesRemaining
                0x0000000020004418        0x4 rtos/heap_4.o
 .bss.xMinimumEverFreeBytesRemaining
                0x000000002000441c        0x4 rtos/heap_4.o
 .bss.xStart    0x0000000020004420        0x8 rtos/heap_4.o
 .bss.pxCurrentTCB
                0x0000000020004428        0x4 rtos/tasks.o
                0x0000000020004428                pxCurrentTCB
 .bss.pxDelayedTaskList
                0x000000002000442c        0x4 rtos/tasks.o
 .bss.pxOverflowDelayedTaskList
                0x0000000020004430        0x4 rtos/tasks.o
 .bss.pxReadyTasksLists
                0x0000000020004434       0x64 rtos/tasks.o
 .bss.uxCurrentNumberOfTasks
                0x0000000020004498        0x4 rtos/tasks.o
 .bss.uxDeletedTasksWaitingCleanUp
                0x000000002000449c        0x4 rtos/tasks.o
 .bss.uxPendedTicks
                0x00000000200044a0        0x4 rtos/tasks.o
 .bss.uxSchedulerSuspended
                0x00000000200044a4        0x4 rtos/tasks.o
 .bss.uxTaskNumber
                0x00000000200044a8        0x4 rtos/tasks.o
 .bss.uxTopReadyPriority
                0x00000000200044ac        0x4 rtos/tasks.o
 .bss.xDelayedTaskList1
                0x00000000200044b0       0x14 rtos/tasks.o
 .bss.xDelayedTaskList2
                0x00000000200044c4       0x14 rtos/tasks.o
 .bss.xIdleTaskHandle
                0x00000000200044d8        0x4 rtos/tasks.o
 .bss.xNextTaskUnblockTime
                0x00000000200044dc        0x4 rtos/tasks.o
 .bss.xNumOfOverflows
                0x00000000200044e0        0x4 rtos/tasks.o
 .bss.xPendingReadyList
                0x00000000200044e4       0x14 rtos/tasks.o
 .bss.xSchedulerRunning
                0x00000000200044f8        0x4 rtos/tasks.o
 .bss.xSuspendedTaskList
                0x00000000200044fc       0x14 rtos/tasks.o
 .bss.xTasksWaitingTermination
                0x0000000020004510       0x14 rtos/tasks.o
 .bss.xTickCount
                0x0000000020004524        0x4 rtos/tasks.o
 .bss.xYieldPending
                0x0000000020004528        0x4 rtos/tasks.o
 *(COMMON)
                0x000000002000452c                . = ALIGN (0x4)
                0x000000002000452c                _ebss = .

/DISCARD/
 *(.eh_frame)
                0x000000002000452c                . = ALIGN (0x4)
                0x000000002000452c                end = .
                0x0000000020005000                PROVIDE (_stack = (ORIGIN (ram) + LENGTH (ram)))
OUTPUT(main.elf elf32-littlearm)

.debug_info     0x0000000000000000     0x7ddf
 .debug_info    0x0000000000000000     0x1025 main.o
 .debug_info    0x0000000000001025      0xbc9 rtos/heap_4.o
 .debug_info    0x0000000000001bee      0xaa1 rtos/list.o
 .debug_info    0x000000000000268f      0x2fb rtos/port.o
 .debug_info    0x000000000000298a     0x265e rtos/tasks.o
 .debug_info    0x0000000000004fe8      0x12b rtos/opencm3.o
 .debug_info    0x0000000000005113      0x1db /home/mark1/Documents/stm32/libopencm3/lib/libopencm3_stm32f1.a(gpio.o)
 .debug_info    0x00000000000052ee     0x1160 /home/mark1/Documents/stm32/libopencm3/lib/libopencm3_stm32f1.a(rcc.o)
 .debug_info    0x000000000000644e      0x5f5 /home/mark1/Documents/stm32/libopencm3/lib/libopencm3_stm32f1.a(rcc_common_all.o)
 .debug_info    0x0000000000006a43     0x1008 /home/mark1/Documents/stm32/libopencm3/lib/libopencm3_stm32f1.a(timer_common_all.o)
 .debug_info    0x0000000000007a4b      0x2a8 /home/mark1/Documents/stm32/libopencm3/lib/libopencm3_stm32f1.a(vector.o)
 .debug_info    0x0000000000007cf3       0xec /home/mark1/Documents/stm32/libopencm3/lib/libopencm3_stm32f1.a(flash_common_all.o)

.debug_abbrev   0x0000000000000000     0x160c
 .debug_abbrev  0x0000000000000000      0x277 main.o
 .debug_abbrev  0x0000000000000277      0x303 rtos/heap_4.o
 .debug_abbrev  0x000000000000057a      0x208 rtos/list.o
 .debug_abbrev  0x0000000000000782      0x1d4 rtos/port.o
 .debug_abbrev  0x0000000000000956      0x48e rtos/tasks.o
 .debug_abbrev  0x0000000000000de4       0x81 rtos/opencm3.o
 .debug_abbrev  0x0000000000000e65       0xb7 /home/mark1/Documents/stm32/libopencm3/lib/libopencm3_stm32f1.a(gpio.o)
 .debug_abbrev  0x0000000000000f1c      0x285 /home/mark1/Documents/stm32/libopencm3/lib/libopencm3_stm32f1.a(rcc.o)
 .debug_abbrev  0x00000000000011a1      0x139 /home/mark1/Documents/stm32/libopencm3/lib/libopencm3_stm32f1.a(rcc_common_all.o)
 .debug_abbrev  0x00000000000012da      0x181 /home/mark1/Documents/stm32/libopencm3/lib/libopencm3_stm32f1.a(timer_common_all.o)
 .debug_abbrev  0x000000000000145b      0x127 /home/mark1/Documents/stm32/libopencm3/lib/libopencm3_stm32f1.a(vector.o)
 .debug_abbrev  0x0000000000001582       0x8a /home/mark1/Documents/stm32/libopencm3/lib/libopencm3_stm32f1.a(flash_common_all.o)

.debug_loc      0x0000000000000000     0x2765
 .debug_loc     0x0000000000000000       0x21 main.o
 .debug_loc     0x0000000000000021      0x342 rtos/heap_4.o
 .debug_loc     0x0000000000000363       0x94 rtos/list.o
 .debug_loc     0x00000000000003f7       0xa8 rtos/port.o
 .debug_loc     0x000000000000049f     0x1384 rtos/tasks.o
 .debug_loc     0x0000000000001823      0x48a /home/mark1/Documents/stm32/libopencm3/lib/libopencm3_stm32f1.a(gpio.o)
 .debug_loc     0x0000000000001cad      0x480 /home/mark1/Documents/stm32/libopencm3/lib/libopencm3_stm32f1.a(rcc.o)
 .debug_loc     0x000000000000212d      0x108 /home/mark1/Documents/stm32/libopencm3/lib/libopencm3_stm32f1.a(rcc_common_all.o)
 .debug_loc     0x0000000000002235      0x407 /home/mark1/Documents/stm32/libopencm3/lib/libopencm3_stm32f1.a(timer_common_all.o)
 .debug_loc     0x000000000000263c       0xea /home/mark1/Documents/stm32/libopencm3/lib/libopencm3_stm32f1.a(vector.o)
 .debug_loc     0x0000000000002726       0x3f /home/mark1/Documents/stm32/libopencm3/lib/libopencm3_stm32f1.a(flash_common_all.o)

.debug_aranges  0x0000000000000000      0x770
 .debug_aranges
                0x0000000000000000       0x28 main.o
 .debug_aranges
                0x0000000000000028       0x48 rtos/heap_4.o
 .debug_aranges
                0x0000000000000070       0x40 rtos/list.o
 .debug_aranges
                0x00000000000000b0       0x70 rtos/port.o
 .debug_aranges
                0x0000000000000120      0x158 rtos/tasks.o
 .debug_aranges
                0x0000000000000278       0x30 rtos/opencm3.o
 .debug_aranges
                0x00000000000002a8       0x38 /home/mark1/Documents/stm32/libopencm3/lib/libopencm3_stm32f1.a(gpio.o)
 .debug_aranges
                0x00000000000002e0      0x158 /home/mark1/Documents/stm32/libopencm3/lib/libopencm3_stm32f1.a(rcc.o)
 .debug_aranges
                0x0000000000000438       0x68 /home/mark1/Documents/stm32/libopencm3/lib/libopencm3_stm32f1.a(rcc_common_all.o)
 .debug_aranges
                0x00000000000004a0      0x268 /home/mark1/Documents/stm32/libopencm3/lib/libopencm3_stm32f1.a(timer_common_all.o)
 .debug_aranges
                0x0000000000000708       0x30 /home/mark1/Documents/stm32/libopencm3/lib/libopencm3_stm32f1.a(vector.o)
 .debug_aranges
                0x0000000000000738       0x38 /home/mark1/Documents/stm32/libopencm3/lib/libopencm3_stm32f1.a(flash_common_all.o)

.debug_ranges   0x0000000000000000      0x888
 .debug_ranges  0x0000000000000000       0x30 main.o
 .debug_ranges  0x0000000000000030       0x38 rtos/heap_4.o
 .debug_ranges  0x0000000000000068       0x30 rtos/list.o
 .debug_ranges  0x0000000000000098       0x60 rtos/port.o
 .debug_ranges  0x00000000000000f8      0x2a8 rtos/tasks.o
 .debug_ranges  0x00000000000003a0       0x20 rtos/opencm3.o
 .debug_ranges  0x00000000000003c0       0x28 /home/mark1/Documents/stm32/libopencm3/lib/libopencm3_stm32f1.a(gpio.o)
 .debug_ranges  0x00000000000003e8      0x1a8 /home/mark1/Documents/stm32/libopencm3/lib/libopencm3_stm32f1.a(rcc.o)
 .debug_ranges  0x0000000000000590       0x58 /home/mark1/Documents/stm32/libopencm3/lib/libopencm3_stm32f1.a(rcc_common_all.o)
 .debug_ranges  0x00000000000005e8      0x258 /home/mark1/Documents/stm32/libopencm3/lib/libopencm3_stm32f1.a(timer_common_all.o)
 .debug_ranges  0x0000000000000840       0x20 /home/mark1/Documents/stm32/libopencm3/lib/libopencm3_stm32f1.a(vector.o)
 .debug_ranges  0x0000000000000860       0x28 /home/mark1/Documents/stm32/libopencm3/lib/libopencm3_stm32f1.a(flash_common_all.o)

.debug_line     0x0000000000000000     0x2a31
 .debug_line    0x0000000000000000      0x25f main.o
 .debug_line    0x000000000000025f      0x1e4 rtos/heap_4.o
 .debug_line    0x0000000000000443      0x175 rtos/list.o
 .debug_line    0x00000000000005b8      0x1b1 rtos/port.o
 .debug_line    0x0000000000000769      0x880 rtos/tasks.o
 .debug_line    0x0000000000000fe9      0x100 rtos/opencm3.o
 .debug_line    0x00000000000010e9      0x263 /home/mark1/Documents/stm32/libopencm3/lib/libopencm3_stm32f1.a(gpio.o)
 .debug_line    0x000000000000134c      0x65e /home/mark1/Documents/stm32/libopencm3/lib/libopencm3_stm32f1.a(rcc.o)
 .debug_line    0x00000000000019aa      0x2cf /home/mark1/Documents/stm32/libopencm3/lib/libopencm3_stm32f1.a(rcc_common_all.o)
 .debug_line    0x0000000000001c79      0x87c /home/mark1/Documents/stm32/libopencm3/lib/libopencm3_stm32f1.a(timer_common_all.o)
 .debug_line    0x00000000000024f5      0x2b1 /home/mark1/Documents/stm32/libopencm3/lib/libopencm3_stm32f1.a(vector.o)
 .debug_line    0x00000000000027a6      0x28b /home/mark1/Documents/stm32/libopencm3/lib/libopencm3_stm32f1.a(flash_common_all.o)

.debug_str      0x0000000000000000    0x13dea
 .debug_str     0x0000000000000000      0xb98 main.o
                                        0xc59 (size before relaxing)
 .debug_str     0x0000000000000b98      0x1fc rtos/heap_4.o
                                        0x75b (size before relaxing)
 .debug_str     0x0000000000000d94      0x135 rtos/list.o
                                        0x6b6 (size before relaxing)
 .debug_str     0x0000000000000ec9      0x183 rtos/port.o
                                        0x331 (size before relaxing)
 .debug_str     0x000000000000104c      0x9b4 rtos/tasks.o
                                       0x11ba (size before relaxing)
 .debug_str     0x0000000000001a00       0x40 rtos/opencm3.o
                                        0x23b (size before relaxing)
 .debug_str     0x0000000000001a40     0x82f4 /home/mark1/Documents/stm32/libopencm3/lib/libopencm3_stm32f1.a(gpio.o)
                                       0x84b6 (size before relaxing)
 .debug_str     0x0000000000009d34     0x30bc /home/mark1/Documents/stm32/libopencm3/lib/libopencm3_stm32f1.a(rcc.o)
                                       0x7da9 (size before relaxing)
 .debug_str     0x000000000000cdf0      0x168 /home/mark1/Documents/stm32/libopencm3/lib/libopencm3_stm32f1.a(rcc_common_all.o)
                                       0x76bf (size before relaxing)
 .debug_str     0x000000000000cf58     0x49a9 /home/mark1/Documents/stm32/libopencm3/lib/libopencm3_stm32f1.a(timer_common_all.o)
                                       0xbc78 (size before relaxing)
 .debug_str     0x0000000000011901     0x2485 /home/mark1/Documents/stm32/libopencm3/lib/libopencm3_stm32f1.a(vector.o)
                                       0x657f (size before relaxing)
 .debug_str     0x0000000000013d86       0x64 /home/mark1/Documents/stm32/libopencm3/lib/libopencm3_stm32f1.a(flash_common_all.o)
                                       0x5482 (size before relaxing)

.comment        0x0000000000000000       0x57
 .comment       0x0000000000000000       0x57 main.o
                                         0x58 (size before relaxing)
 .comment       0x0000000000000057       0x58 rtos/heap_4.o
 .comment       0x0000000000000057       0x58 rtos/list.o
 .comment       0x0000000000000057       0x58 rtos/port.o
 .comment       0x0000000000000057       0x58 rtos/tasks.o
 .comment       0x0000000000000057       0x58 rtos/opencm3.o
 .comment       0x0000000000000057       0x58 /home/mark1/Documents/stm32/libopencm3/lib/libopencm3_stm32f1.a(gpio.o)
 .comment       0x0000000000000057       0x58 /home/mark1/Documents/stm32/libopencm3/lib/libopencm3_stm32f1.a(rcc.o)
 .comment       0x0000000000000057       0x58 /home/mark1/Documents/stm32/libopencm3/lib/libopencm3_stm32f1.a(rcc_common_all.o)
 .comment       0x0000000000000057       0x58 /home/mark1/Documents/stm32/libopencm3/lib/libopencm3_stm32f1.a(timer_common_all.o)
 .comment       0x0000000000000057       0x58 /home/mark1/Documents/stm32/libopencm3/lib/libopencm3_stm32f1.a(vector.o)
 .comment       0x0000000000000057       0x58 /home/mark1/Documents/stm32/libopencm3/lib/libopencm3_stm32f1.a(flash_common_all.o)

.ARM.attributes
                0x0000000000000000       0x31
 .ARM.attributes
                0x0000000000000000       0x33 main.o
 .ARM.attributes
                0x0000000000000033       0x33 rtos/heap_4.o
 .ARM.attributes
                0x0000000000000066       0x33 rtos/list.o
 .ARM.attributes
                0x0000000000000099       0x33 rtos/port.o
 .ARM.attributes
                0x00000000000000cc       0x33 rtos/tasks.o
 .ARM.attributes
                0x00000000000000ff       0x33 rtos/opencm3.o
 .ARM.attributes
                0x0000000000000132       0x33 /home/mark1/Documents/stm32/libopencm3/lib/libopencm3_stm32f1.a(gpio.o)
 .ARM.attributes
                0x0000000000000165       0x33 /home/mark1/Documents/stm32/libopencm3/lib/libopencm3_stm32f1.a(rcc.o)
 .ARM.attributes
                0x0000000000000198       0x33 /home/mark1/Documents/stm32/libopencm3/lib/libopencm3_stm32f1.a(rcc_common_all.o)
 .ARM.attributes
                0x00000000000001cb       0x33 /home/mark1/Documents/stm32/libopencm3/lib/libopencm3_stm32f1.a(timer_common_all.o)
 .ARM.attributes
                0x00000000000001fe       0x33 /home/mark1/Documents/stm32/libopencm3/lib/libopencm3_stm32f1.a(vector.o)
 .ARM.attributes
                0x0000000000000231       0x33 /home/mark1/Documents/stm32/libopencm3/lib/libopencm3_stm32f1.a(flash_common_all.o)

.debug_frame    0x0000000000000000     0x1048
 .debug_frame   0x0000000000000000       0x40 main.o
 .debug_frame   0x0000000000000040       0x98 rtos/heap_4.o
 .debug_frame   0x00000000000000d8       0x6c rtos/list.o
 .debug_frame   0x0000000000000144       0xd0 rtos/port.o
 .debug_frame   0x0000000000000214      0x474 rtos/tasks.o
 .debug_frame   0x0000000000000688       0x40 rtos/opencm3.o
 .debug_frame   0x00000000000006c8       0x64 /home/mark1/Documents/stm32/libopencm3/lib/libopencm3_stm32f1.a(gpio.o)
 .debug_frame   0x000000000000072c      0x2e0 /home/mark1/Documents/stm32/libopencm3/lib/libopencm3_stm32f1.a(rcc.o)
 .debug_frame   0x0000000000000a0c       0xd0 /home/mark1/Documents/stm32/libopencm3/lib/libopencm3_stm32f1.a(rcc_common_all.o)
 .debug_frame   0x0000000000000adc      0x4d0 /home/mark1/Documents/stm32/libopencm3/lib/libopencm3_stm32f1.a(timer_common_all.o)
 .debug_frame   0x0000000000000fac       0x4c /home/mark1/Documents/stm32/libopencm3/lib/libopencm3_stm32f1.a(vector.o)
 .debug_frame   0x0000000000000ff8       0x50 /home/mark1/Documents/stm32/libopencm3/lib/libopencm3_stm32f1.a(flash_common_all.o)

.debug_macro    0x0000000000000000     0x43d1
 .debug_macro   0x0000000000000000       0xb8 /home/mark1/Documents/stm32/libopencm3/lib/libopencm3_stm32f1.a(gpio.o)
 .debug_macro   0x00000000000000b8      0xa4e /home/mark1/Documents/stm32/libopencm3/lib/libopencm3_stm32f1.a(gpio.o)
 .debug_macro   0x0000000000000b06       0x1c /home/mark1/Documents/stm32/libopencm3/lib/libopencm3_stm32f1.a(gpio.o)
 .debug_macro   0x0000000000000b22       0x22 /home/mark1/Documents/stm32/libopencm3/lib/libopencm3_stm32f1.a(gpio.o)
 .debug_macro   0x0000000000000b44       0x56 /home/mark1/Documents/stm32/libopencm3/lib/libopencm3_stm32f1.a(gpio.o)
 .debug_macro   0x0000000000000b9a       0x51 /home/mark1/Documents/stm32/libopencm3/lib/libopencm3_stm32f1.a(gpio.o)
 .debug_macro   0x0000000000000beb       0xef /home/mark1/Documents/stm32/libopencm3/lib/libopencm3_stm32f1.a(gpio.o)
 .debug_macro   0x0000000000000cda       0x6a /home/mark1/Documents/stm32/libopencm3/lib/libopencm3_stm32f1.a(gpio.o)
 .debug_macro   0x0000000000000d44      0x1df /home/mark1/Documents/stm32/libopencm3/lib/libopencm3_stm32f1.a(gpio.o)
 .debug_macro   0x0000000000000f23       0x22 /home/mark1/Documents/stm32/libopencm3/lib/libopencm3_stm32f1.a(gpio.o)
 .debug_macro   0x0000000000000f45       0xe8 /home/mark1/Documents/stm32/libopencm3/lib/libopencm3_stm32f1.a(gpio.o)
 .debug_macro   0x000000000000102d       0x76 /home/mark1/Documents/stm32/libopencm3/lib/libopencm3_stm32f1.a(gpio.o)
 .debug_macro   0x00000000000010a3      0x1b4 /home/mark1/Documents/stm32/libopencm3/lib/libopencm3_stm32f1.a(gpio.o)
 .debug_macro   0x0000000000001257       0x76 /home/mark1/Documents/stm32/libopencm3/lib/libopencm3_stm32f1.a(gpio.o)
 .debug_macro   0x00000000000012cd      0xe04 /home/mark1/Documents/stm32/libopencm3/lib/libopencm3_stm32f1.a(gpio.o)
 .debug_macro   0x00000000000020d1       0xe7 /home/mark1/Documents/stm32/libopencm3/lib/libopencm3_stm32f1.a(rcc.o)
 .debug_macro   0x00000000000021b8       0x16 /home/mark1/Documents/stm32/libopencm3/lib/libopencm3_stm32f1.a(rcc.o)
 .debug_macro   0x00000000000021ce      0x82c /home/mark1/Documents/stm32/libopencm3/lib/libopencm3_stm32f1.a(rcc.o)
 .debug_macro   0x00000000000029fa       0xee /home/mark1/Documents/stm32/libopencm3/lib/libopencm3_stm32f1.a(rcc.o)
 .debug_macro   0x0000000000002ae8       0x82 /home/mark1/Documents/stm32/libopencm3/lib/libopencm3_stm32f1.a(rcc.o)
 .debug_macro   0x0000000000002b6a       0xce /home/mark1/Documents/stm32/libopencm3/lib/libopencm3_stm32f1.a(rcc_common_all.o)
 .debug_macro   0x0000000000002c38       0xcb /home/mark1/Documents/stm32/libopencm3/lib/libopencm3_stm32f1.a(timer_common_all.o)
 .debug_macro   0x0000000000002d03      0xf9a /home/mark1/Documents/stm32/libopencm3/lib/libopencm3_stm32f1.a(timer_common_all.o)
 .debug_macro   0x0000000000003c9d       0xcf /home/mark1/Documents/stm32/libopencm3/lib/libopencm3_stm32f1.a(vector.o)
 .debug_macro   0x0000000000003d6c      0x395 /home/mark1/Documents/stm32/libopencm3/lib/libopencm3_stm32f1.a(vector.o)
 .debug_macro   0x0000000000004101       0x6e /home/mark1/Documents/stm32/libopencm3/lib/libopencm3_stm32f1.a(vector.o)
 .debug_macro   0x000000000000416f      0x1a2 /home/mark1/Documents/stm32/libopencm3/lib/libopencm3_stm32f1.a(vector.o)
 .debug_macro   0x0000000000004311       0xc0 /home/mark1/Documents/stm32/libopencm3/lib/libopencm3_stm32f1.a(flash_common_all.o)
