Archive member included to satisfy reference by file (symbol)

/usr/lib/gcc/arm-none-eabi/7.3.1/../../../arm-none-eabi/lib/thumb/v7-m/libc.a(lib_a-memcpy.o)
                              rtos/queue.o (memcpy)
/usr/lib/gcc/arm-none-eabi/7.3.1/../../../arm-none-eabi/lib/thumb/v7-m/libc.a(lib_a-setjmp.o)
                              main.o (setjmp)
/home/mark1/Documents/stm32//rtos/libwwg/libwwg.a(usbcdc.o)
                              main.o (usb_getc)
/home/mark1/Documents/stm32//rtos/libwwg/libwwg.a(miniprintf.o)
                              /home/mark1/Documents/stm32//rtos/libwwg/libwwg.a(usbcdc.o) (mini_vprintf_cooked)
/home/mark1/Documents/stm32//rtos/libwwg/libwwg.a(getline.o)
                              /home/mark1/Documents/stm32//rtos/libwwg/libwwg.a(usbcdc.o) (getline)
/home/mark1/Documents/stm32/libopencm3/lib/libopencm3_stm32f1.a(exti_common_all.o)
                              main.o (exti_set_trigger)
/home/mark1/Documents/stm32/libopencm3/lib/libopencm3_stm32f1.a(gpio.o)
                              main.o (gpio_set_mode)
/home/mark1/Documents/stm32/libopencm3/lib/libopencm3_stm32f1.a(gpio_common_all.o)
                              main.o (gpio_set)
/home/mark1/Documents/stm32/libopencm3/lib/libopencm3_stm32f1.a(i2c_common_v1.o)
                              i2c.o (i2c_reset)
/home/mark1/Documents/stm32/libopencm3/lib/libopencm3_stm32f1.a(rcc.o)
                              main.o (rcc_clock_setup_in_hse_8mhz_out_72mhz)
/home/mark1/Documents/stm32/libopencm3/lib/libopencm3_stm32f1.a(rcc_common_all.o)
                              main.o (rcc_periph_clock_enable)
/home/mark1/Documents/stm32/libopencm3/lib/libopencm3_stm32f1.a(usb.o)
                              /home/mark1/Documents/stm32//rtos/libwwg/libwwg.a(usbcdc.o) (usbd_init)
/home/mark1/Documents/stm32/libopencm3/lib/libopencm3_stm32f1.a(usb_control.o)
                              /home/mark1/Documents/stm32//rtos/libwwg/libwwg.a(usbcdc.o) (usbd_register_control_callback)
/home/mark1/Documents/stm32/libopencm3/lib/libopencm3_stm32f1.a(usb_standard.o)
                              /home/mark1/Documents/stm32//rtos/libwwg/libwwg.a(usbcdc.o) (usbd_register_set_config_callback)
/home/mark1/Documents/stm32/libopencm3/lib/libopencm3_stm32f1.a(st_usbfs_v1.o)
                              /home/mark1/Documents/stm32//rtos/libwwg/libwwg.a(usbcdc.o) (st_usbfs_v1_usb_driver)
/home/mark1/Documents/stm32/libopencm3/lib/libopencm3_stm32f1.a(vector.o)
                              (reset_handler)
/home/mark1/Documents/stm32/libopencm3/lib/libopencm3_stm32f1.a(nvic.o)
                              main.o (nvic_enable_irq)
/home/mark1/Documents/stm32/libopencm3/lib/libopencm3_stm32f1.a(assert.o)
                              /home/mark1/Documents/stm32/libopencm3/lib/libopencm3_stm32f1.a(rcc.o) (cm3_assert_failed)
/home/mark1/Documents/stm32/libopencm3/lib/libopencm3_stm32f1.a(flash_common_all.o)
                              /home/mark1/Documents/stm32/libopencm3/lib/libopencm3_stm32f1.a(rcc.o) (flash_set_ws)
/home/mark1/Documents/stm32/libopencm3/lib/libopencm3_stm32f1.a(st_usbfs_core.o)
                              /home/mark1/Documents/stm32/libopencm3/lib/libopencm3_stm32f1.a(st_usbfs_v1.o) (st_usbfs_set_address)
/usr/lib/gcc/arm-none-eabi/7.3.1/../../../arm-none-eabi/lib/thumb/v7-m/libc.a(lib_a-memmove.o)
                              /home/mark1/Documents/stm32//rtos/libwwg/libwwg.a(getline.o) (memmove)
/usr/lib/gcc/arm-none-eabi/7.3.1/../../../arm-none-eabi/lib/thumb/v7-m/libc.a(lib_a-strlen-stub.o)
                              /home/mark1/Documents/stm32//rtos/libwwg/libwwg.a(miniprintf.o) (strlen)

Discarded input sections

 .text          0x0000000000000000        0x0 main.o
 .data          0x0000000000000000        0x0 main.o
 .bss           0x0000000000000000        0x0 main.o
 .text          0x0000000000000000        0x0 i2c.o
 .data          0x0000000000000000        0x0 i2c.o
 .bss           0x0000000000000000        0x0 i2c.o
 .text.i2c_write
                0x0000000000000000       0x4c i2c.o
 .text          0x0000000000000000        0x0 rtos/heap_4.o
 .data          0x0000000000000000        0x0 rtos/heap_4.o
 .bss           0x0000000000000000        0x0 rtos/heap_4.o
 .text.xPortGetFreeHeapSize
                0x0000000000000000        0xc rtos/heap_4.o
 .text.xPortGetMinimumEverFreeHeapSize
                0x0000000000000000        0xc rtos/heap_4.o
 .text.vPortInitialiseBlocks
                0x0000000000000000        0x2 rtos/heap_4.o
 .text          0x0000000000000000        0x0 rtos/list.o
 .data          0x0000000000000000        0x0 rtos/list.o
 .bss           0x0000000000000000        0x0 rtos/list.o
 .text          0x0000000000000000        0x0 rtos/port.o
 .data          0x0000000000000000        0x0 rtos/port.o
 .bss           0x0000000000000000        0x0 rtos/port.o
 .text.vPortEndScheduler
                0x0000000000000000        0x2 rtos/port.o
 .text          0x0000000000000000        0x0 rtos/queue.o
[...]
Memory Configuration

Name             Origin             Length             Attributes
rom              0x0000000008000000 0x0000000000010000 xr
ram              0x0000000020000000 0x0000000000005000 xrw
*default*        0x0000000000000000 0xffffffffffffffff

Linker script and memory map

LOAD main.o
LOAD i2c.o
LOAD rtos/heap_4.o
LOAD rtos/list.o
LOAD rtos/port.o
LOAD rtos/queue.o
LOAD rtos/tasks.o
LOAD rtos/opencm3.o
START GROUP
LOAD /usr/lib/gcc/arm-none-eabi/7.3.1/../../../arm-none-eabi/lib/thumb/v7-m/libc.a
LOAD /usr/lib/gcc/arm-none-eabi/7.3.1/thumb/v7-m/libgcc.a
LOAD /usr/lib/gcc/arm-none-eabi/7.3.1/../../../arm-none-eabi/lib/thumb/v7-m/libnosys.a
END GROUP
LOAD /home/mark1/Documents/stm32//rtos/libwwg/libwwg.a
LOAD /home/mark1/Documents/stm32/libopencm3/lib/libopencm3_stm32f1.a
START GROUP
LOAD /usr/lib/gcc/arm-none-eabi/7.3.1/thumb/v7-m/libgcc.a
LOAD /usr/lib/gcc/arm-none-eabi/7.3.1/../../../arm-none-eabi/lib/thumb/v7-m/libc.a
END GROUP
START GROUP
LOAD /usr/lib/gcc/arm-none-eabi/7.3.1/thumb/v7-m/libgcc.a
LOAD /usr/lib/gcc/arm-none-eabi/7.3.1/../../../arm-none-eabi/lib/thumb/v7-m/libc.a
LOAD /usr/lib/gcc/arm-none-eabi/7.3.1/../../../arm-none-eabi/lib/thumb/v7-m/libnosys.a
END GROUP

.text           0x0000000008000000     0x325c
 *(.vectors)
 .vectors       0x0000000008000000      0x150 /home/mark1/Documents/stm32/libopencm3/lib/libopencm3_stm32f1.a(vector.o)
                0x0000000008000000                vector_table
 *(.text*)
 .text.task1    0x0000000008000150      0x1d4 main.o
 .text.exti15_10_isr
                0x0000000008000324       0x30 main.o
                0x0000000008000324                exti15_10_isr
 .text.startup.main
                0x0000000008000354       0xbc main.o
                0x0000000008000354                main
 .text.i2c_error
                0x0000000008000410       0x18 i2c.o
                0x0000000008000410                i2c_error
 .text.i2c_configure
                0x0000000008000428       0x56 i2c.o
                0x0000000008000428                i2c_configure
 *fill*         0x000000000800047e        0x2 
 .text.i2c_wait_busy
                0x0000000008000480       0x20 i2c.o
                0x0000000008000480                i2c_wait_busy
 .text.i2c_start_addr
                0x00000000080004a0       0xc8 i2c.o
                0x00000000080004a0                i2c_start_addr
 .text.i2c_read
                0x0000000008000568       0x54 i2c.o
                0x0000000008000568                i2c_read
 .text.i2c_write_restart
                0x00000000080005bc       0xe4 i2c.o
                0x00000000080005bc                i2c_write_restart
 .text.prvInsertBlockIntoFreeList
                0x00000000080006a0       0x48 rtos/heap_4.o
 .text.pvPortMalloc
                0x00000000080006e8       0xf4 rtos/heap_4.o
                0x00000000080006e8                pvPortMalloc
 .text.vPortFree
                0x00000000080007dc       0x4c rtos/heap_4.o
                0x00000000080007dc                vPortFree
 .text.vListInitialise
                0x0000000008000828       0x16 rtos/list.o
                0x0000000008000828                vListInitialise
 .text.vListInitialiseItem
                0x000000000800083e        0x6 rtos/list.o
                0x000000000800083e                vListInitialiseItem
 .text.vListInsertEnd
                0x0000000008000844       0x18 rtos/list.o
                0x0000000008000844                vListInsertEnd
 .text.vListInsert
                0x000000000800085c       0x2e rtos/list.o
                0x000000000800085c                vListInsert
 .text.uxListRemove
                0x000000000800088a       0x20 rtos/list.o
                0x000000000800088a                uxListRemove
 .text.prvTaskExitError
                0x00000000080008aa       0x12 rtos/port.o
 .text.prvPortStartFirstTask
                0x00000000080008bc       0x20 rtos/port.o
 .text.pxPortInitialiseStack
                0x00000000080008dc       0x24 rtos/port.o
                0x00000000080008dc                pxPortInitialiseStack
 .text.vPortSVCHandler
                0x0000000008000900       0x24 rtos/port.o
                0x0000000008000900                vPortSVCHandler
 .text.vPortEnterCritical
                0x0000000008000924       0x20 rtos/port.o
                0x0000000008000924                vPortEnterCritical
 .text.vPortExitCritical
                0x0000000008000944       0x14 rtos/port.o
                0x0000000008000944                vPortExitCritical
 *fill*         0x0000000008000958        0x8 
 .text.xPortPendSVHandler
                0x0000000008000960       0x44 rtos/port.o
                0x0000000008000960                xPortPendSVHandler
 .text.xPortSysTickHandler
                0x00000000080009a4       0x2c rtos/port.o
                0x00000000080009a4                xPortSysTickHandler
 .text.vPortSetupTimerInterrupt
                0x00000000080009d0       0x14 rtos/port.o
                0x00000000080009d0                vPortSetupTimerInterrupt
 .text.xPortStartScheduler
                0x00000000080009e4       0x30 rtos/port.o
                0x00000000080009e4                xPortStartScheduler
 .text.prvCopyDataToQueue
                0x0000000008000a14       0x66 rtos/queue.o
 .text.prvCopyDataFromQueue
                0x0000000008000a7a       0x28 rtos/queue.o
 .text.prvUnlockQueue
                0x0000000008000aa2       0x70 rtos/queue.o
 *fill*         0x0000000008000b12        0x2 
 .text.xQueueGenericReset
                0x0000000008000b14       0x6c rtos/queue.o
                0x0000000008000b14                xQueueGenericReset
 .text.xQueueGenericCreate
                0x0000000008000b80       0x2e rtos/queue.o
                0x0000000008000b80                xQueueGenericCreate
 *fill*         0x0000000008000bae        0x2 
 .text.xQueueGenericSend
                0x0000000008000bb0       0xfc rtos/queue.o
                0x0000000008000bb0                xQueueGenericSend
 .text.xQueueGenericReceive
                0x0000000008000cac      0x130 rtos/queue.o
                0x0000000008000cac                xQueueGenericReceive
 .text.uxQueueSpacesAvailable
                0x0000000008000ddc       0x16 rtos/queue.o
                0x0000000008000ddc                uxQueueSpacesAvailable
 *fill*         0x0000000008000df2        0x2 
 .text.prvResetNextTaskUnblockTime
                0x0000000008000df4       0x24 rtos/tasks.o
 .text.prvAddCurrentTaskToDelayedList
                0x0000000008000e18       0x8c rtos/tasks.o
 .text.xTaskCreate
                0x0000000008000ea4      0x1c0 rtos/tasks.o
                0x0000000008000ea4                xTaskCreate
 .text.vTaskStartScheduler
                0x0000000008001064       0x60 rtos/tasks.o
                0x0000000008001064                vTaskStartScheduler
 .text.vTaskSuspendAll
                0x00000000080010c4       0x10 rtos/tasks.o
                0x00000000080010c4                vTaskSuspendAll
 .text.xTaskGetTickCount
                0x00000000080010d4        0xc rtos/tasks.o
                0x00000000080010d4                xTaskGetTickCount
 .text.xTaskIncrementTick
                0x00000000080010e0      0x10c rtos/tasks.o
                0x00000000080010e0                xTaskIncrementTick
 .text.xTaskResumeAll
                0x00000000080011ec       0xd8 rtos/tasks.o
                0x00000000080011ec                xTaskResumeAll
 .text.prvIdleTask
                0x00000000080012c4       0x74 rtos/tasks.o
 .text.vTaskSwitchContext
                0x0000000008001338       0x60 rtos/tasks.o
                0x0000000008001338                vTaskSwitchContext
 .text.vTaskPlaceOnEventList
                0x0000000008001398       0x20 rtos/tasks.o
                0x0000000008001398                vTaskPlaceOnEventList
 .text.xTaskRemoveFromEventList
                0x00000000080013b8       0x70 rtos/tasks.o
                0x00000000080013b8                xTaskRemoveFromEventList
 .text.vTaskSetTimeOutState
                0x0000000008001428       0x18 rtos/tasks.o
                0x0000000008001428                vTaskSetTimeOutState
 .text.xTaskCheckForTimeOut
                0x0000000008001440       0x4c rtos/tasks.o
                0x0000000008001440                xTaskCheckForTimeOut
 .text.vTaskMissedYield
                0x000000000800148c        0xc rtos/tasks.o
                0x000000000800148c                vTaskMissedYield
 .text.vTaskPriorityInherit
                0x0000000008001498       0x94 rtos/tasks.o
                0x0000000008001498                vTaskPriorityInherit
 .text.xTaskPriorityDisinherit
                0x000000000800152c       0x70 rtos/tasks.o
                0x000000000800152c                xTaskPriorityDisinherit
 .text.pvTaskIncrementMutexHeldCount
                0x000000000800159c       0x18 rtos/tasks.o
                0x000000000800159c                pvTaskIncrementMutexHeldCount
 .text.sv_call_handler
                0x00000000080015b4        0x4 rtos/opencm3.o
                0x00000000080015b4                sv_call_handler
 .text.pend_sv_handler
                0x00000000080015b8        0x4 rtos/opencm3.o
                0x00000000080015b8                pend_sv_handler
 .text.sys_tick_handler
                0x00000000080015bc        0x4 rtos/opencm3.o
                0x00000000080015bc                sys_tick_handler
 .text          0x00000000080015c0       0xec /usr/lib/gcc/arm-none-eabi/7.3.1/../../../arm-none-eabi/lib/thumb/v7-m/libc.a(lib_a-memcpy.o)
                0x00000000080015c0                memcpy
 .text          0x00000000080016ac       0x1c /usr/lib/gcc/arm-none-eabi/7.3.1/../../../arm-none-eabi/lib/thumb/v7-m/libc.a(lib_a-setjmp.o)
                0x00000000080016ac                setjmp
                0x00000000080016b8                longjmp
 .text.cdcacm_control_request
                0x00000000080016c8       0x1c /home/mark1/Documents/stm32//rtos/libwwg/libwwg.a(usbcdc.o)
 .text.usb_putc
                0x00000000080016e4       0x5c /home/mark1/Documents/stm32//rtos/libwwg/libwwg.a(usbcdc.o)
                0x00000000080016e4                usb_putc
 .text.usb_getc
                0x0000000008001740       0x2c /home/mark1/Documents/stm32//rtos/libwwg/libwwg.a(usbcdc.o)
                0x0000000008001740                usb_getc
 .text.usb_task
                0x000000000800176c       0x68 /home/mark1/Documents/stm32//rtos/libwwg/libwwg.a(usbcdc.o)
 .text.cdcacm_set_config
                0x00000000080017d4       0x54 /home/mark1/Documents/stm32//rtos/libwwg/libwwg.a(usbcdc.o)
 .text.cdcacm_data_rx_cb
                0x0000000008001828       0x44 /home/mark1/Documents/stm32//rtos/libwwg/libwwg.a(usbcdc.o)
 .text.usb_puts
                0x000000000800186c       0x12 /home/mark1/Documents/stm32//rtos/libwwg/libwwg.a(usbcdc.o)
                0x000000000800186c                usb_puts
 *fill*         0x000000000800187e        0x2 
 .text.usb_printf
                0x0000000008001880       0x20 /home/mark1/Documents/stm32//rtos/libwwg/libwwg.a(usbcdc.o)
                0x0000000008001880                usb_printf
 .text.usb_peek
                0x00000000080018a0       0x28 /home/mark1/Documents/stm32//rtos/libwwg/libwwg.a(usbcdc.o)
                0x00000000080018a0                usb_peek
 .text.usb_start
                0x00000000080018c8       0x98 /home/mark1/Documents/stm32//rtos/libwwg/libwwg.a(usbcdc.o)
                0x00000000080018c8                usb_start
 .text.mini_write
                0x0000000008001960       0x16 /home/mark1/Documents/stm32//rtos/libwwg/libwwg.a(miniprintf.o)
 .text.mini_putc
                0x0000000008001976       0x2a /home/mark1/Documents/stm32//rtos/libwwg/libwwg.a(miniprintf.o)
 .text.mini_pad
                0x00000000080019a0       0x24 /home/mark1/Documents/stm32//rtos/libwwg/libwwg.a(miniprintf.o)
 .text.internal_vprintf
                0x00000000080019c4      0x1c8 /home/mark1/Documents/stm32//rtos/libwwg/libwwg.a(miniprintf.o)
 .text.mini_vprintf_cooked
                0x0000000008001b8c       0x30 /home/mark1/Documents/stm32//rtos/libwwg/libwwg.a(miniprintf.o)
                0x0000000008001b8c                mini_vprintf_cooked
 .text.exti_set_trigger
                0x0000000008001bbc       0x3c /home/mark1/Documents/stm32/libopencm3/lib/libopencm3_stm32f1.a(exti_common_all.o)
                0x0000000008001bbc                exti_set_trigger
 .text.exti_enable_request
                0x0000000008001bf8       0x14 /home/mark1/Documents/stm32/libopencm3/lib/libopencm3_stm32f1.a(exti_common_all.o)
                0x0000000008001bf8                exti_enable_request
 .text.exti_reset_request
                0x0000000008001c0c        0xc /home/mark1/Documents/stm32/libopencm3/lib/libopencm3_stm32f1.a(exti_common_all.o)
                0x0000000008001c0c                exti_reset_request
 .text.exti_select_source
                0x0000000008001c18       0xa0 /home/mark1/Documents/stm32/libopencm3/lib/libopencm3_stm32f1.a(exti_common_all.o)
                0x0000000008001c18                exti_select_source
 .text.gpio_set_mode
                0x0000000008001cb8       0x62 /home/mark1/Documents/stm32/libopencm3/lib/libopencm3_stm32f1.a(gpio.o)
                0x0000000008001cb8                gpio_set_mode
 *fill*         0x0000000008001d1a        0x2 
 .text.gpio_primary_remap
                0x0000000008001d1c       0x14 /home/mark1/Documents/stm32/libopencm3/lib/libopencm3_stm32f1.a(gpio.o)
                0x0000000008001d1c                gpio_primary_remap
 .text.gpio_set
                0x0000000008001d30        0x4 /home/mark1/Documents/stm32/libopencm3/lib/libopencm3_stm32f1.a(gpio_common_all.o)
                0x0000000008001d30                gpio_set
 .text.gpio_toggle
                0x0000000008001d34       0x12 /home/mark1/Documents/stm32/libopencm3/lib/libopencm3_stm32f1.a(gpio_common_all.o)
                0x0000000008001d34                gpio_toggle
 *fill*         0x0000000008001d46        0x2 
 .text.i2c_reset
                0x0000000008001d48       0x24 /home/mark1/Documents/stm32/libopencm3/lib/libopencm3_stm32f1.a(i2c_common_v1.o)
                0x0000000008001d48                i2c_reset
 .text.i2c_peripheral_enable
                0x0000000008001d6c        0xa /home/mark1/Documents/stm32/libopencm3/lib/libopencm3_stm32f1.a(i2c_common_v1.o)
                0x0000000008001d6c                i2c_peripheral_enable
 .text.i2c_peripheral_disable
                0x0000000008001d76        0xa /home/mark1/Documents/stm32/libopencm3/lib/libopencm3_stm32f1.a(i2c_common_v1.o)
                0x0000000008001d76                i2c_peripheral_disable
 .text.i2c_send_start
                0x0000000008001d80        0xa /home/mark1/Documents/stm32/libopencm3/lib/libopencm3_stm32f1.a(i2c_common_v1.o)
                0x0000000008001d80                i2c_send_start
 .text.i2c_send_stop
                0x0000000008001d8a        0xa /home/mark1/Documents/stm32/libopencm3/lib/libopencm3_stm32f1.a(i2c_common_v1.o)
                0x0000000008001d8a                i2c_send_stop
 .text.i2c_clear_stop
                0x0000000008001d94        0xa /home/mark1/Documents/stm32/libopencm3/lib/libopencm3_stm32f1.a(i2c_common_v1.o)
                0x0000000008001d94                i2c_clear_stop
 .text.i2c_set_own_7bit_slave_address
                0x0000000008001d9e        0xa /home/mark1/Documents/stm32/libopencm3/lib/libopencm3_stm32f1.a(i2c_common_v1.o)
                0x0000000008001d9e                i2c_set_own_7bit_slave_address
 .text.i2c_set_clock_frequency
                0x0000000008001da8        0xe /home/mark1/Documents/stm32/libopencm3/lib/libopencm3_stm32f1.a(i2c_common_v1.o)
                0x0000000008001da8                i2c_set_clock_frequency
 .text.i2c_send_data
                0x0000000008001db6        0x4 /home/mark1/Documents/stm32/libopencm3/lib/libopencm3_stm32f1.a(i2c_common_v1.o)
                0x0000000008001db6                i2c_send_data
 .text.i2c_set_standard_mode
                0x0000000008001dba        0xa /home/mark1/Documents/stm32/libopencm3/lib/libopencm3_stm32f1.a(i2c_common_v1.o)
                0x0000000008001dba                i2c_set_standard_mode
 .text.i2c_set_ccr
                0x0000000008001dc4        0xc /home/mark1/Documents/stm32/libopencm3/lib/libopencm3_stm32f1.a(i2c_common_v1.o)
                0x0000000008001dc4                i2c_set_ccr
 .text.i2c_set_trise
                0x0000000008001dd0        0x4 /home/mark1/Documents/stm32/libopencm3/lib/libopencm3_stm32f1.a(i2c_common_v1.o)
                0x0000000008001dd0                i2c_set_trise
 .text.i2c_send_7bit_address
                0x0000000008001dd4        0xa /home/mark1/Documents/stm32/libopencm3/lib/libopencm3_stm32f1.a(i2c_common_v1.o)
                0x0000000008001dd4                i2c_send_7bit_address
 .text.i2c_get_data
                0x0000000008001dde        0x6 /home/mark1/Documents/stm32/libopencm3/lib/libopencm3_stm32f1.a(i2c_common_v1.o)
                0x0000000008001dde                i2c_get_data
 .text.i2c_enable_ack
                0x0000000008001de4        0xa /home/mark1/Documents/stm32/libopencm3/lib/libopencm3_stm32f1.a(i2c_common_v1.o)
                0x0000000008001de4                i2c_enable_ack
 .text.i2c_disable_ack
                0x0000000008001dee        0xa /home/mark1/Documents/stm32/libopencm3/lib/libopencm3_stm32f1.a(i2c_common_v1.o)
                0x0000000008001dee                i2c_disable_ack
 .text.i2c_set_dutycycle
                0x0000000008001df8       0x12 /home/mark1/Documents/stm32/libopencm3/lib/libopencm3_stm32f1.a(i2c_common_v1.o)
                0x0000000008001df8                i2c_set_dutycycle
 *fill*         0x0000000008001e0a        0x2 
 .text.rcc_osc_on.part.1
                0x0000000008001e0c       0x10 /home/mark1/Documents/stm32/libopencm3/lib/libopencm3_stm32f1.a(rcc.o)
 .text.rcc_is_osc_ready
                0x0000000008001e1c       0x5c /home/mark1/Documents/stm32/libopencm3/lib/libopencm3_stm32f1.a(rcc.o)
                0x0000000008001e1c                rcc_is_osc_ready
 .text.rcc_wait_for_osc_ready
                0x0000000008001e78       0x10 /home/mark1/Documents/stm32/libopencm3/lib/libopencm3_stm32f1.a(rcc.o)
                0x0000000008001e78                rcc_wait_for_osc_ready
 .text.rcc_osc_on
                0x0000000008001e88       0x54 /home/mark1/Documents/stm32/libopencm3/lib/libopencm3_stm32f1.a(rcc.o)
                0x0000000008001e88                rcc_osc_on
 .text.rcc_set_sysclk_source
                0x0000000008001edc       0x14 /home/mark1/Documents/stm32/libopencm3/lib/libopencm3_stm32f1.a(rcc.o)
                0x0000000008001edc                rcc_set_sysclk_source
 .text.rcc_set_pll_multiplication_factor
                0x0000000008001ef0       0x14 /home/mark1/Documents/stm32/libopencm3/lib/libopencm3_stm32f1.a(rcc.o)
                0x0000000008001ef0                rcc_set_pll_multiplication_factor
 .text.rcc_set_pll_source
                0x0000000008001f04       0x14 /home/mark1/Documents/stm32/libopencm3/lib/libopencm3_stm32f1.a(rcc.o)
                0x0000000008001f04                rcc_set_pll_source
 .text.rcc_set_pllxtpre
                0x0000000008001f18       0x14 /home/mark1/Documents/stm32/libopencm3/lib/libopencm3_stm32f1.a(rcc.o)
                0x0000000008001f18                rcc_set_pllxtpre
 .text.rcc_set_adcpre
                0x0000000008001f2c       0x14 /home/mark1/Documents/stm32/libopencm3/lib/libopencm3_stm32f1.a(rcc.o)
                0x0000000008001f2c                rcc_set_adcpre
 .text.rcc_set_ppre2
                0x0000000008001f40       0x14 /home/mark1/Documents/stm32/libopencm3/lib/libopencm3_stm32f1.a(rcc.o)
                0x0000000008001f40                rcc_set_ppre2
 .text.rcc_set_ppre1
                0x0000000008001f54       0x14 /home/mark1/Documents/stm32/libopencm3/lib/libopencm3_stm32f1.a(rcc.o)
                0x0000000008001f54                rcc_set_ppre1
 .text.rcc_set_hpre
                0x0000000008001f68       0x14 /home/mark1/Documents/stm32/libopencm3/lib/libopencm3_stm32f1.a(rcc.o)
                0x0000000008001f68                rcc_set_hpre
 .text.rcc_clock_setup_in_hse_8mhz_out_72mhz
                0x0000000008001f7c       0x8c /home/mark1/Documents/stm32/libopencm3/lib/libopencm3_stm32f1.a(rcc.o)
                0x0000000008001f7c                rcc_clock_setup_in_hse_8mhz_out_72mhz
 .text.rcc_periph_clock_enable
                0x0000000008002008       0x1a /home/mark1/Documents/stm32/libopencm3/lib/libopencm3_stm32f1.a(rcc_common_all.o)
                0x0000000008002008                rcc_periph_clock_enable
 .text.rcc_periph_reset_pulse
                0x0000000008002022       0x22 /home/mark1/Documents/stm32/libopencm3/lib/libopencm3_stm32f1.a(rcc_common_all.o)
                0x0000000008002022                rcc_periph_reset_pulse
 .text.usbd_init
                0x0000000008002044       0x50 /home/mark1/Documents/stm32/libopencm3/lib/libopencm3_stm32f1.a(usb.o)
                0x0000000008002044                usbd_init
 .text.usbd_poll
                0x0000000008002094        0x8 /home/mark1/Documents/stm32/libopencm3/lib/libopencm3_stm32f1.a(usb.o)
                0x0000000008002094                usbd_poll
 .text.usbd_ep_setup
                0x000000000800209c        0xe /home/mark1/Documents/stm32/libopencm3/lib/libopencm3_stm32f1.a(usb.o)
                0x000000000800209c                usbd_ep_setup
 .text._usbd_reset
                0x00000000080020aa       0x32 /home/mark1/Documents/stm32/libopencm3/lib/libopencm3_stm32f1.a(usb.o)
                0x00000000080020aa                _usbd_reset
 .text.usbd_ep_write_packet
                0x00000000080020dc        0xe /home/mark1/Documents/stm32/libopencm3/lib/libopencm3_stm32f1.a(usb.o)
                0x00000000080020dc                usbd_ep_write_packet
 .text.usbd_ep_read_packet
                0x00000000080020ea        0xe /home/mark1/Documents/stm32/libopencm3/lib/libopencm3_stm32f1.a(usb.o)
                0x00000000080020ea                usbd_ep_read_packet
 .text.usbd_ep_stall_set
                0x00000000080020f8        0x8 /home/mark1/Documents/stm32/libopencm3/lib/libopencm3_stm32f1.a(usb.o)
                0x00000000080020f8                usbd_ep_stall_set
 .text.usbd_ep_stall_get
                0x0000000008002100        0x8 /home/mark1/Documents/stm32/libopencm3/lib/libopencm3_stm32f1.a(usb.o)
                0x0000000008002100                usbd_ep_stall_get
 .text.usbd_ep_nak_set
                0x0000000008002108        0x8 /home/mark1/Documents/stm32/libopencm3/lib/libopencm3_stm32f1.a(usb.o)
                0x0000000008002108                usbd_ep_nak_set
 .text.usb_control_send_chunk
                0x0000000008002110       0x52 /home/mark1/Documents/stm32/libopencm3/lib/libopencm3_stm32f1.a(usb_control.o)
 .text.usb_control_request_dispatch
                0x0000000008002162       0x62 /home/mark1/Documents/stm32/libopencm3/lib/libopencm3_stm32f1.a(usb_control.o)
 .text.stall_transaction
                0x00000000080021c4       0x14 /home/mark1/Documents/stm32/libopencm3/lib/libopencm3_stm32f1.a(usb_control.o)
 .text.usb_control_recv_chunk
                0x00000000080021d8       0x3c /home/mark1/Documents/stm32/libopencm3/lib/libopencm3_stm32f1.a(usb_control.o)
 .text.usb_control_setup_read
                0x0000000008002214       0x6a /home/mark1/Documents/stm32/libopencm3/lib/libopencm3_stm32f1.a(usb_control.o)
 .text.usbd_register_control_callback
                0x000000000800227e       0x26 /home/mark1/Documents/stm32/libopencm3/lib/libopencm3_stm32f1.a(usb_control.o)
                0x000000000800227e                usbd_register_control_callback
 .text._usbd_control_setup
                0x00000000080022a4       0x60 /home/mark1/Documents/stm32/libopencm3/lib/libopencm3_stm32f1.a(usb_control.o)
                0x00000000080022a4                _usbd_control_setup
 .text._usbd_control_out
                0x0000000008002304       0x82 /home/mark1/Documents/stm32/libopencm3/lib/libopencm3_stm32f1.a(usb_control.o)
                0x0000000008002304                _usbd_control_out
 .text._usbd_control_in
                0x0000000008002386       0x64 /home/mark1/Documents/stm32/libopencm3/lib/libopencm3_stm32f1.a(usb_control.o)
                0x0000000008002386                _usbd_control_in
 .text.usb_standard_set_configuration
                0x00000000080023ea       0x92 /home/mark1/Documents/stm32/libopencm3/lib/libopencm3_stm32f1.a(usb_standard.o)
 .text.usb_standard_get_configuration
                0x000000000800247c       0x22 /home/mark1/Documents/stm32/libopencm3/lib/libopencm3_stm32f1.a(usb_standard.o)
 .text.usb_standard_get_interface
                0x000000000800249e       0x34 /home/mark1/Documents/stm32/libopencm3/lib/libopencm3_stm32f1.a(usb_standard.o)
 .text.usb_standard_device_get_status
                0x00000000080024d2       0x18 /home/mark1/Documents/stm32/libopencm3/lib/libopencm3_stm32f1.a(usb_standard.o)
 .text.usb_standard_endpoint_get_status
                0x00000000080024ea       0x2a /home/mark1/Documents/stm32/libopencm3/lib/libopencm3_stm32f1.a(usb_standard.o)
 .text.usb_standard_endpoint_stall
                0x0000000008002514       0x10 /home/mark1/Documents/stm32/libopencm3/lib/libopencm3_stm32f1.a(usb_standard.o)
 .text.usb_standard_endpoint_unstall
                0x0000000008002524       0x10 /home/mark1/Documents/stm32/libopencm3/lib/libopencm3_stm32f1.a(usb_standard.o)
 .text.usb_standard_set_address
                0x0000000008002534       0x28 /home/mark1/Documents/stm32/libopencm3/lib/libopencm3_stm32f1.a(usb_standard.o)
 .text.usb_standard_set_interface
                0x000000000800255c       0x4e /home/mark1/Documents/stm32/libopencm3/lib/libopencm3_stm32f1.a(usb_standard.o)
 .text.usb_standard_get_descriptor
                0x00000000080025aa      0x256 /home/mark1/Documents/stm32/libopencm3/lib/libopencm3_stm32f1.a(usb_standard.o)
 .text.usb_standard_interface_get_status
                0x0000000008002800       0x18 /home/mark1/Documents/stm32/libopencm3/lib/libopencm3_stm32f1.a(usb_standard.o)
 .text.usbd_register_set_config_callback
                0x0000000008002818       0x28 /home/mark1/Documents/stm32/libopencm3/lib/libopencm3_stm32f1.a(usb_standard.o)
                0x0000000008002818                usbd_register_set_config_callback
 .text._usbd_standard_request_device
                0x0000000008002840       0x48 /home/mark1/Documents/stm32/libopencm3/lib/libopencm3_stm32f1.a(usb_standard.o)
                0x0000000008002840                _usbd_standard_request_device
 .text._usbd_standard_request_interface
                0x0000000008002888       0x30 /home/mark1/Documents/stm32/libopencm3/lib/libopencm3_stm32f1.a(usb_standard.o)
                0x0000000008002888                _usbd_standard_request_interface
 .text._usbd_standard_request_endpoint
                0x00000000080028b8       0x3c /home/mark1/Documents/stm32/libopencm3/lib/libopencm3_stm32f1.a(usb_standard.o)
                0x00000000080028b8                _usbd_standard_request_endpoint
 .text._usbd_standard_request
                0x00000000080028f4       0x30 /home/mark1/Documents/stm32/libopencm3/lib/libopencm3_stm32f1.a(usb_standard.o)
                0x00000000080028f4                _usbd_standard_request
 .text.st_usbfs_v1_usbd_init
                0x0000000008002924       0x30 /home/mark1/Documents/stm32/libopencm3/lib/libopencm3_stm32f1.a(st_usbfs_v1.o)
 .text.st_usbfs_copy_to_pm
                0x0000000008002954       0x1c /home/mark1/Documents/stm32/libopencm3/lib/libopencm3_stm32f1.a(st_usbfs_v1.o)
                0x0000000008002954                st_usbfs_copy_to_pm
 .text.st_usbfs_copy_from_pm
                0x0000000008002970       0x2a /home/mark1/Documents/stm32/libopencm3/lib/libopencm3_stm32f1.a(st_usbfs_v1.o)
                0x0000000008002970                st_usbfs_copy_from_pm
 .text.blocking_handler
                0x000000000800299a        0x2 /home/mark1/Documents/stm32/libopencm3/lib/libopencm3_stm32f1.a(vector.o)
                0x000000000800299a                usart3_isr
                0x000000000800299a                rtc_isr
                0x000000000800299a                tim7_isr
                0x000000000800299a                adc1_2_isr
                0x000000000800299a                tim1_trg_com_isr
                0x000000000800299a                usb_hp_can_tx_isr
                0x000000000800299a                tim6_isr
                0x000000000800299a                usb_wakeup_isr
                0x000000000800299a                blocking_handler
                0x000000000800299a                tim5_isr
                0x000000000800299a                otg_fs_isr
                0x000000000800299a                spi1_isr
                0x000000000800299a                exti2_isr
                0x000000000800299a                dma1_channel6_isr
                0x000000000800299a                can_rx1_isr
                0x000000000800299a                dma1_channel5_isr
                0x000000000800299a                dma2_channel5_isr
                0x000000000800299a                usart1_isr
                0x000000000800299a                usage_fault_handler
                0x000000000800299a                tim8_trg_com_isr
                0x000000000800299a                can2_rx0_isr
                0x000000000800299a                tim1_brk_isr
                0x000000000800299a                can2_rx1_isr
                0x000000000800299a                tim1_cc_isr
                0x000000000800299a                sdio_isr
                0x000000000800299a                eth_isr
                0x000000000800299a                dma1_channel4_isr
                0x000000000800299a                tim8_brk_isr
                0x000000000800299a                dma2_channel4_5_isr
                0x000000000800299a                pvd_isr
                0x000000000800299a                rcc_isr
                0x000000000800299a                flash_isr
                0x000000000800299a                uart4_isr
                0x000000000800299a                rtc_alarm_isr
                0x000000000800299a                hard_fault_handler
                0x000000000800299a                exti1_isr
                0x000000000800299a                i2c1_ev_isr
                0x000000000800299a                dma2_channel1_isr
                0x000000000800299a                spi2_isr
                0x000000000800299a                tim8_up_isr
                0x000000000800299a                dma2_channel2_isr
                0x000000000800299a                exti3_isr
                0x000000000800299a                adc3_isr
                0x000000000800299a                tim3_isr
                0x000000000800299a                usart2_isr
                0x000000000800299a                usb_lp_can_rx0_isr
                0x000000000800299a                i2c2_er_isr
                0x000000000800299a                i2c2_ev_isr
                0x000000000800299a                uart5_isr
                0x000000000800299a                fsmc_isr
                0x000000000800299a                dma1_channel1_isr
                0x000000000800299a                exti4_isr
                0x000000000800299a                mem_manage_handler
                0x000000000800299a                can2_tx_isr
                0x000000000800299a                exti9_5_isr
                0x000000000800299a                dma2_channel3_isr
                0x000000000800299a                dma1_channel7_isr
                0x000000000800299a                tim1_up_isr
                0x000000000800299a                can2_sce_isr
                0x000000000800299a                tim4_isr
                0x000000000800299a                dma1_channel2_isr
                0x000000000800299a                i2c1_er_isr
                0x000000000800299a                can_sce_isr
                0x000000000800299a                tim8_cc_isr
                0x000000000800299a                tamper_isr
                0x000000000800299a                eth_wkup_isr
                0x000000000800299a                bus_fault_handler
                0x000000000800299a                wwdg_isr
                0x000000000800299a                dma1_channel3_isr
                0x000000000800299a                spi3_isr
                0x000000000800299a                tim2_isr
                0x000000000800299a                exti0_isr
 .text.null_handler
                0x000000000800299c        0x2 /home/mark1/Documents/stm32/libopencm3/lib/libopencm3_stm32f1.a(vector.o)
                0x000000000800299c                null_handler
                0x000000000800299c                debug_monitor_handler
                0x000000000800299c                nmi_handler
 *fill*         0x000000000800299e        0x2 
 .text.reset_handler
                0x00000000080029a0       0x94 /home/mark1/Documents/stm32/libopencm3/lib/libopencm3_stm32f1.a(vector.o)
                0x00000000080029a0                reset_handler
 .text.nvic_enable_irq
                0x0000000008002a34       0x1a /home/mark1/Documents/stm32/libopencm3/lib/libopencm3_stm32f1.a(nvic.o)
                0x0000000008002a34                nvic_enable_irq
 *fill*         0x0000000008002a4e        0x2 
 .text.flash_set_ws
                0x0000000008002a50       0x14 /home/mark1/Documents/stm32/libopencm3/lib/libopencm3_stm32f1.a(flash_common_all.o)
                0x0000000008002a50                flash_set_ws
 .text.st_usbfs_set_address
                0x0000000008002a64       0x10 /home/mark1/Documents/stm32/libopencm3/lib/libopencm3_stm32f1.a(st_usbfs_core.o)
                0x0000000008002a64                st_usbfs_set_address
 .text.st_usbfs_set_ep_rx_bufsize
                0x0000000008002a74       0x3c /home/mark1/Documents/stm32/libopencm3/lib/libopencm3_stm32f1.a(st_usbfs_core.o)
                0x0000000008002a74                st_usbfs_set_ep_rx_bufsize
 .text.st_usbfs_ep_setup
                0x0000000008002ab0      0x11c /home/mark1/Documents/stm32/libopencm3/lib/libopencm3_stm32f1.a(st_usbfs_core.o)
                0x0000000008002ab0                st_usbfs_ep_setup
 .text.st_usbfs_endpoints_reset
                0x0000000008002bcc       0x44 /home/mark1/Documents/stm32/libopencm3/lib/libopencm3_stm32f1.a(st_usbfs_core.o)
                0x0000000008002bcc                st_usbfs_endpoints_reset
 .text.st_usbfs_ep_stall_set
                0x0000000008002c10       0xbc /home/mark1/Documents/stm32/libopencm3/lib/libopencm3_stm32f1.a(st_usbfs_core.o)
                0x0000000008002c10                st_usbfs_ep_stall_set
 .text.st_usbfs_ep_stall_get
                0x0000000008002ccc       0x38 /home/mark1/Documents/stm32/libopencm3/lib/libopencm3_stm32f1.a(st_usbfs_core.o)
                0x0000000008002ccc                st_usbfs_ep_stall_get
 .text.st_usbfs_ep_nak_set
                0x0000000008002d04       0x3c /home/mark1/Documents/stm32/libopencm3/lib/libopencm3_stm32f1.a(st_usbfs_core.o)
                0x0000000008002d04                st_usbfs_ep_nak_set
 .text.st_usbfs_ep_write_packet
                0x0000000008002d40       0x7c /home/mark1/Documents/stm32/libopencm3/lib/libopencm3_stm32f1.a(st_usbfs_core.o)
                0x0000000008002d40                st_usbfs_ep_write_packet
 .text.st_usbfs_ep_read_packet
                0x0000000008002dbc       0xa8 /home/mark1/Documents/stm32/libopencm3/lib/libopencm3_stm32f1.a(st_usbfs_core.o)
                0x0000000008002dbc                st_usbfs_ep_read_packet
 .text.st_usbfs_poll
                0x0000000008002e64       0xe8 /home/mark1/Documents/stm32/libopencm3/lib/libopencm3_stm32f1.a(st_usbfs_core.o)
                0x0000000008002e64                st_usbfs_poll
 .text          0x0000000008002f4c       0x5c /usr/lib/gcc/arm-none-eabi/7.3.1/../../../arm-none-eabi/lib/thumb/v7-m/libc.a(lib_a-strlen-stub.o)
                0x0000000008002f4c                strlen
                0x0000000008002fa8                . = ALIGN (0x4)
 *(.rodata*)
 .rodata.main.str1.1
                0x0000000008002fa8        0x6 main.o
 .rodata.task1.str1.1
                0x0000000008002fae      0x137 main.o
 .rodata.i2c_error.str1.1
                0x00000000080030e5       0x13 i2c.o
 .rodata.i2c_msg
                0x00000000080030f8       0x14 i2c.o
 .rodata.str1.1
                0x000000000800310c       0x3a i2c.o
 .rodata.vTaskStartScheduler.str1.1
                0x0000000008003146        0x5 rtos/tasks.o
 .rodata.cdcacm_functional_descriptors
                0x000000000800314b       0x13 /home/mark1/Documents/stm32//rtos/libwwg/libwwg.a(usbcdc.o)
 .rodata.comm_endp
                0x000000000800315e        0xf /home/mark1/Documents/stm32//rtos/libwwg/libwwg.a(usbcdc.o)
 .rodata.comm_iface
                0x000000000800316d       0x15 /home/mark1/Documents/stm32//rtos/libwwg/libwwg.a(usbcdc.o)
 .rodata.config
                0x0000000008003182        0xd /home/mark1/Documents/stm32//rtos/libwwg/libwwg.a(usbcdc.o)
 .rodata.cr.5600
                0x000000000800318f        0x1 /home/mark1/Documents/stm32//rtos/libwwg/libwwg.a(usbcdc.o)
 .rodata.data_endp
                0x0000000008003190       0x1e /home/mark1/Documents/stm32//rtos/libwwg/libwwg.a(usbcdc.o)
 .rodata.data_iface
                0x00000000080031ae       0x15 /home/mark1/Documents/stm32//rtos/libwwg/libwwg.a(usbcdc.o)
 .rodata.dev    0x00000000080031c3       0x12 /home/mark1/Documents/stm32//rtos/libwwg/libwwg.a(usbcdc.o)
 *fill*         0x00000000080031d5        0x3 
 .rodata.ifaces
                0x00000000080031d8       0x20 /home/mark1/Documents/stm32//rtos/libwwg/libwwg.a(usbcdc.o)
 .rodata.str1.1
                0x00000000080031f8       0x29 /home/mark1/Documents/stm32//rtos/libwwg/libwwg.a(usbcdc.o)
 .rodata.usb_start.str1.1
                0x0000000008003221        0x4 /home/mark1/Documents/stm32//rtos/libwwg/libwwg.a(usbcdc.o)
 .rodata.internal_vprintf.str1.1
                0x0000000008003225        0x3 /home/mark1/Documents/stm32//rtos/libwwg/libwwg.a(miniprintf.o)
 .rodata.st_usbfs_v1_usb_driver
                0x0000000008003228       0x34 /home/mark1/Documents/stm32/libopencm3/lib/libopencm3_stm32f1.a(st_usbfs_v1.o)
                0x0000000008003228                st_usbfs_v1_usb_driver
                0x000000000800325c                . = ALIGN (0x4)

.glue_7         0x000000000800325c        0x0
 .glue_7        0x000000000800325c        0x0 linker stubs

.glue_7t        0x000000000800325c        0x0
 .glue_7t       0x000000000800325c        0x0 linker stubs

.vfp11_veneer   0x000000000800325c        0x0
 .vfp11_veneer  0x000000000800325c        0x0 linker stubs

.v4_bx          0x000000000800325c        0x0
 .v4_bx         0x000000000800325c        0x0 linker stubs

.iplt           0x000000000800325c        0x0
 .iplt          0x000000000800325c        0x0 main.o

.rel.dyn        0x000000000800325c        0x0
 .rel.iplt      0x000000000800325c        0x0 main.o

.preinit_array  0x000000000800325c        0x0
                0x000000000800325c                . = ALIGN (0x4)
                0x000000000800325c                __preinit_array_start = .
 *(.preinit_array)
                0x000000000800325c                __preinit_array_end = .

.init_array     0x000000000800325c        0x0
                0x000000000800325c                . = ALIGN (0x4)
                0x000000000800325c                __init_array_start = .
 *(SORT_BY_NAME(.init_array.*))
 *(.init_array)
                0x000000000800325c                __init_array_end = .

.fini_array     0x000000000800325c        0x0
                0x000000000800325c                . = ALIGN (0x4)
                0x000000000800325c                __fini_array_start = .
 *(.fini_array)
 *(SORT_BY_NAME(.fini_array.*))
                0x000000000800325c                __fini_array_end = .

.ARM.extab
 *(.ARM.extab*)

.ARM.exidx      0x000000000800325c        0x0
                0x000000000800325c                __exidx_start = .
 *(.ARM.exidx*)
                0x000000000800325c                __exidx_end = .
                0x000000000800325c                . = ALIGN (0x4)
                0x000000000800325c                _etext = .

.data           0x0000000020000000       0x1c load address 0x000000000800325c
                0x0000000020000000                _data = .
 *(.data*)
 .data.uxCriticalNesting
                0x0000000020000000        0x4 rtos/port.o
 .data.usb_strings
                0x0000000020000004        0xc /home/mark1/Documents/stm32//rtos/libwwg/libwwg.a(usbcdc.o)
 .data.rcc_ahb_frequency
                0x0000000020000010        0x4 /home/mark1/Documents/stm32/libopencm3/lib/libopencm3_stm32f1.a(rcc.o)
                0x0000000020000010                rcc_ahb_frequency
 .data.rcc_apb1_frequency
                0x0000000020000014        0x4 /home/mark1/Documents/stm32/libopencm3/lib/libopencm3_stm32f1.a(rcc.o)
                0x0000000020000014                rcc_apb1_frequency
 .data.rcc_apb2_frequency
                0x0000000020000018        0x4 /home/mark1/Documents/stm32/libopencm3/lib/libopencm3_stm32f1.a(rcc.o)
                0x0000000020000018                rcc_apb2_frequency
                0x000000002000001c                . = ALIGN (0x4)
                0x000000002000001c                _edata = .
                0x000000000800325c                _data_loadaddr = LOADADDR (.data)

.igot.plt       0x000000002000001c        0x0 load address 0x0000000008003278
 .igot.plt      0x000000002000001c        0x0 main.o

.bss            0x000000002000001c     0x4718 load address 0x0000000008003278
 *(.bss*)
 .bss.i2c       0x000000002000001c        0x8 main.o
 .bss.isr_count
                0x0000000020000024        0x4 main.o
 .bss.readf     0x0000000020000028        0x1 main.o
 .bss.startedf.5775
                0x0000000020000029        0x1 main.o
 *fill*         0x000000002000002a        0x2 
 .bss.i2c_exception
                0x000000002000002c       0x5c i2c.o
                0x000000002000002c                i2c_exception
 .bss.pxEnd     0x0000000020000088        0x4 rtos/heap_4.o
 .bss.ucHeap    0x000000002000008c     0x4400 rtos/heap_4.o
 .bss.xBlockAllocatedBit
                0x000000002000448c        0x4 rtos/heap_4.o
 .bss.xFreeBytesRemaining
                0x0000000020004490        0x4 rtos/heap_4.o
 .bss.xMinimumEverFreeBytesRemaining
                0x0000000020004494        0x4 rtos/heap_4.o
 .bss.xStart    0x0000000020004498        0x8 rtos/heap_4.o
 .bss.pxCurrentTCB
                0x00000000200044a0        0x4 rtos/tasks.o
                0x00000000200044a0                pxCurrentTCB
 .bss.pxDelayedTaskList
                0x00000000200044a4        0x4 rtos/tasks.o
 .bss.pxOverflowDelayedTaskList
                0x00000000200044a8        0x4 rtos/tasks.o
 .bss.pxReadyTasksLists
                0x00000000200044ac       0x64 rtos/tasks.o
 .bss.uxCurrentNumberOfTasks
                0x0000000020004510        0x4 rtos/tasks.o
 .bss.uxDeletedTasksWaitingCleanUp
                0x0000000020004514        0x4 rtos/tasks.o
 .bss.uxPendedTicks
                0x0000000020004518        0x4 rtos/tasks.o
 .bss.uxSchedulerSuspended
                0x000000002000451c        0x4 rtos/tasks.o
 .bss.uxTaskNumber
                0x0000000020004520        0x4 rtos/tasks.o
 .bss.uxTopReadyPriority
                0x0000000020004524        0x4 rtos/tasks.o
 .bss.xDelayedTaskList1
                0x0000000020004528       0x14 rtos/tasks.o
 .bss.xDelayedTaskList2
                0x000000002000453c       0x14 rtos/tasks.o
 .bss.xIdleTaskHandle
                0x0000000020004550        0x4 rtos/tasks.o
 .bss.xNextTaskUnblockTime
                0x0000000020004554        0x4 rtos/tasks.o
 .bss.xNumOfOverflows
                0x0000000020004558        0x4 rtos/tasks.o
 .bss.xPendingReadyList
                0x000000002000455c       0x14 rtos/tasks.o
 .bss.xSchedulerRunning
                0x0000000020004570        0x4 rtos/tasks.o
 .bss.xSuspendedTaskList
                0x0000000020004574       0x14 rtos/tasks.o
 .bss.xTasksWaitingTermination
                0x0000000020004588       0x14 rtos/tasks.o
 .bss.xTickCount
                0x000000002000459c        0x4 rtos/tasks.o
 .bss.xYieldPending
                0x00000000200045a0        0x4 rtos/tasks.o
 .bss.initialized
                0x00000000200045a4        0x1 /home/mark1/Documents/stm32//rtos/libwwg/libwwg.a(usbcdc.o)
 *fill*         0x00000000200045a5        0x3 
 .bss.usb_rxq   0x00000000200045a8        0x4 /home/mark1/Documents/stm32//rtos/libwwg/libwwg.a(usbcdc.o)
 .bss.usb_txq   0x00000000200045ac        0x4 /home/mark1/Documents/stm32//rtos/libwwg/libwwg.a(usbcdc.o)
 .bss.usbd_control_buffer
                0x00000000200045b0       0x80 /home/mark1/Documents/stm32//rtos/libwwg/libwwg.a(usbcdc.o)
                0x00000000200045b0                usbd_control_buffer
 .bss.st_usbfs_dev
                0x0000000020004630       0xfc /home/mark1/Documents/stm32/libopencm3/lib/libopencm3_stm32f1.a(st_usbfs_core.o)
                0x0000000020004630                st_usbfs_dev
 .bss.st_usbfs_force_nak
                0x000000002000472c        0x8 /home/mark1/Documents/stm32/libopencm3/lib/libopencm3_stm32f1.a(st_usbfs_core.o)
                0x000000002000472c                st_usbfs_force_nak
 *(COMMON)
                0x0000000020004734                . = ALIGN (0x4)
                0x0000000020004734                _ebss = .

/DISCARD/
 *(.eh_frame)
                0x0000000020004734                . = ALIGN (0x4)
                0x0000000020004734                end = .
                0x0000000020005000                PROVIDE (_stack = (ORIGIN (ram) + LENGTH (ram)))
OUTPUT(main.elf elf32-littlearm)

.debug_info     0x0000000000000000    0x13c45
 .debug_info    0x0000000000000000     0x1227 main.o
 .debug_info    0x0000000000001227      0x78b i2c.o
 .debug_info    0x00000000000019b2      0xbc9 rtos/heap_4.o
 .debug_info    0x000000000000257b      0xaa1 rtos/list.o
 .debug_info    0x000000000000301c      0x2fb rtos/port.o
 .debug_info    0x0000000000003317     0x1a55 rtos/queue.o
 .debug_info    0x0000000000004d6c     0x265e rtos/tasks.o
 .debug_info    0x00000000000073ca      0x12b rtos/opencm3.o
 .debug_info    0x00000000000074f5       0x26 /usr/lib/gcc/arm-none-eabi/7.3.1/../../../arm-none-eabi/lib/thumb/v7-m/libc.a(lib_a-memcpy.o)
 .debug_info    0x000000000000751b       0x26 /usr/lib/gcc/arm-none-eabi/7.3.1/../../../arm-none-eabi/lib/thumb/v7-m/libc.a(lib_a-setjmp.o)
 .debug_info    0x0000000000007541     0x19c9 /home/mark1/Documents/stm32//rtos/libwwg/libwwg.a(usbcdc.o)
 .debug_info    0x0000000000008f0a     0x101e /home/mark1/Documents/stm32//rtos/libwwg/libwwg.a(miniprintf.o)
 .debug_info    0x0000000000009f28      0x205 /home/mark1/Documents/stm32/libopencm3/lib/libopencm3_stm32f1.a(exti_common_all.o)
 .debug_info    0x000000000000a12d      0x1db /home/mark1/Documents/stm32/libopencm3/lib/libopencm3_stm32f1.a(gpio.o)
 .debug_info    0x000000000000a308      0x22c /home/mark1/Documents/stm32/libopencm3/lib/libopencm3_stm32f1.a(gpio_common_all.o)
 .debug_info    0x000000000000a534      0xb36 /home/mark1/Documents/stm32/libopencm3/lib/libopencm3_stm32f1.a(i2c_common_v1.o)
 .debug_info    0x000000000000b06a     0x1160 /home/mark1/Documents/stm32/libopencm3/lib/libopencm3_stm32f1.a(rcc.o)
 .debug_info    0x000000000000c1ca      0x5f5 /home/mark1/Documents/stm32/libopencm3/lib/libopencm3_stm32f1.a(rcc_common_all.o)
 .debug_info    0x000000000000c7bf     0x1622 /home/mark1/Documents/stm32/libopencm3/lib/libopencm3_stm32f1.a(usb.o)
 .debug_info    0x000000000000dde1     0x1770 /home/mark1/Documents/stm32/libopencm3/lib/libopencm3_stm32f1.a(usb_control.o)
 .debug_info    0x000000000000f551     0x1ca2 /home/mark1/Documents/stm32/libopencm3/lib/libopencm3_stm32f1.a(usb_standard.o)
 .debug_info    0x00000000000111f3      0xcd9 /home/mark1/Documents/stm32/libopencm3/lib/libopencm3_stm32f1.a(st_usbfs_v1.o)
 .debug_info    0x0000000000011ecc      0x2a8 /home/mark1/Documents/stm32/libopencm3/lib/libopencm3_stm32f1.a(vector.o)
 .debug_info    0x0000000000012174      0x214 /home/mark1/Documents/stm32/libopencm3/lib/libopencm3_stm32f1.a(nvic.o)
 .debug_info    0x0000000000012388       0xec /home/mark1/Documents/stm32/libopencm3/lib/libopencm3_stm32f1.a(flash_common_all.o)
 .debug_info    0x0000000000012474      0xf17 /home/mark1/Documents/stm32/libopencm3/lib/libopencm3_stm32f1.a(st_usbfs_core.o)
 .debug_info    0x000000000001338b      0x8ba /usr/lib/gcc/arm-none-eabi/7.3.1/../../../arm-none-eabi/lib/thumb/v7-m/libc.a(lib_a-strlen-stub.o)

.debug_abbrev   0x0000000000000000     0x3a33
 .debug_abbrev  0x0000000000000000      0x37c main.o
 .debug_abbrev  0x000000000000037c      0x1f4 i2c.o
 .debug_abbrev  0x0000000000000570      0x303 rtos/heap_4.o
 .debug_abbrev  0x0000000000000873      0x208 rtos/list.o
 .debug_abbrev  0x0000000000000a7b      0x1d4 rtos/port.o
 .debug_abbrev  0x0000000000000c4f      0x36f rtos/queue.o
 .debug_abbrev  0x0000000000000fbe      0x48e rtos/tasks.o
 .debug_abbrev  0x000000000000144c       0x81 rtos/opencm3.o
 .debug_abbrev  0x00000000000014cd       0x14 /usr/lib/gcc/arm-none-eabi/7.3.1/../../../arm-none-eabi/lib/thumb/v7-m/libc.a(lib_a-memcpy.o)
 .debug_abbrev  0x00000000000014e1       0x14 /usr/lib/gcc/arm-none-eabi/7.3.1/../../../arm-none-eabi/lib/thumb/v7-m/libc.a(lib_a-setjmp.o)
 .debug_abbrev  0x00000000000014f5      0x3e8 /home/mark1/Documents/stm32//rtos/libwwg/libwwg.a(usbcdc.o)
 .debug_abbrev  0x00000000000018dd      0x3d6 /home/mark1/Documents/stm32//rtos/libwwg/libwwg.a(miniprintf.o)
 .debug_abbrev  0x0000000000001cb3       0xe7 /home/mark1/Documents/stm32/libopencm3/lib/libopencm3_stm32f1.a(exti_common_all.o)
 .debug_abbrev  0x0000000000001d9a       0xb7 /home/mark1/Documents/stm32/libopencm3/lib/libopencm3_stm32f1.a(gpio.o)
 .debug_abbrev  0x0000000000001e51       0xf4 /home/mark1/Documents/stm32/libopencm3/lib/libopencm3_stm32f1.a(gpio_common_all.o)
 .debug_abbrev  0x0000000000001f45      0x2ac /home/mark1/Documents/stm32/libopencm3/lib/libopencm3_stm32f1.a(i2c_common_v1.o)
 .debug_abbrev  0x00000000000021f1      0x285 /home/mark1/Documents/stm32/libopencm3/lib/libopencm3_stm32f1.a(rcc.o)
 .debug_abbrev  0x0000000000002476      0x139 /home/mark1/Documents/stm32/libopencm3/lib/libopencm3_stm32f1.a(rcc_common_all.o)
 .debug_abbrev  0x00000000000025af      0x2e5 /home/mark1/Documents/stm32/libopencm3/lib/libopencm3_stm32f1.a(usb.o)
 .debug_abbrev  0x0000000000002894      0x3fb /home/mark1/Documents/stm32/libopencm3/lib/libopencm3_stm32f1.a(usb_control.o)
 .debug_abbrev  0x0000000000002c8f      0x4e6 /home/mark1/Documents/stm32/libopencm3/lib/libopencm3_stm32f1.a(usb_standard.o)
 .debug_abbrev  0x0000000000003175      0x23f /home/mark1/Documents/stm32/libopencm3/lib/libopencm3_stm32f1.a(st_usbfs_v1.o)
 .debug_abbrev  0x00000000000033b4      0x127 /home/mark1/Documents/stm32/libopencm3/lib/libopencm3_stm32f1.a(vector.o)
 .debug_abbrev  0x00000000000034db       0xa6 /home/mark1/Documents/stm32/libopencm3/lib/libopencm3_stm32f1.a(nvic.o)
 .debug_abbrev  0x0000000000003581       0x8a /home/mark1/Documents/stm32/libopencm3/lib/libopencm3_stm32f1.a(flash_common_all.o)
 .debug_abbrev  0x000000000000360b      0x281 /home/mark1/Documents/stm32/libopencm3/lib/libopencm3_stm32f1.a(st_usbfs_core.o)
 .debug_abbrev  0x000000000000388c      0x1a7 /usr/lib/gcc/arm-none-eabi/7.3.1/../../../arm-none-eabi/lib/thumb/v7-m/libc.a(lib_a-strlen-stub.o)

.debug_loc      0x0000000000000000     0x6e7b
 .debug_loc     0x0000000000000000       0x52 main.o
 .debug_loc     0x0000000000000052      0x321 i2c.o
 .debug_loc     0x0000000000000373      0x342 rtos/heap_4.o
 .debug_loc     0x00000000000006b5       0x94 rtos/list.o
 .debug_loc     0x0000000000000749       0xa8 rtos/port.o
 .debug_loc     0x00000000000007f1      0xd0e rtos/queue.o
 .debug_loc     0x00000000000014ff     0x1384 rtos/tasks.o
 .debug_loc     0x0000000000002883      0x42c /home/mark1/Documents/stm32//rtos/libwwg/libwwg.a(usbcdc.o)
 .debug_loc     0x0000000000002caf      0x82e /home/mark1/Documents/stm32//rtos/libwwg/libwwg.a(miniprintf.o)
 .debug_loc     0x00000000000034dd      0x183 /home/mark1/Documents/stm32/libopencm3/lib/libopencm3_stm32f1.a(exti_common_all.o)
 .debug_loc     0x0000000000003660      0x48a /home/mark1/Documents/stm32/libopencm3/lib/libopencm3_stm32f1.a(gpio.o)
 .debug_loc     0x0000000000003aea       0x97 /home/mark1/Documents/stm32/libopencm3/lib/libopencm3_stm32f1.a(gpio_common_all.o)
 .debug_loc     0x0000000000003b81      0x4c1 /home/mark1/Documents/stm32/libopencm3/lib/libopencm3_stm32f1.a(i2c_common_v1.o)
 .debug_loc     0x0000000000004042      0x480 /home/mark1/Documents/stm32/libopencm3/lib/libopencm3_stm32f1.a(rcc.o)
 .debug_loc     0x00000000000044c2      0x108 /home/mark1/Documents/stm32/libopencm3/lib/libopencm3_stm32f1.a(rcc_common_all.o)
 .debug_loc     0x00000000000045ca      0x499 /home/mark1/Documents/stm32/libopencm3/lib/libopencm3_stm32f1.a(usb.o)
 .debug_loc     0x0000000000004a63      0x6fe /home/mark1/Documents/stm32/libopencm3/lib/libopencm3_stm32f1.a(usb_control.o)
 .debug_loc     0x0000000000005161     0x11fd /home/mark1/Documents/stm32/libopencm3/lib/libopencm3_stm32f1.a(usb_standard.o)
 .debug_loc     0x000000000000635e      0x185 /home/mark1/Documents/stm32/libopencm3/lib/libopencm3_stm32f1.a(st_usbfs_v1.o)
 .debug_loc     0x00000000000064e3       0xea /home/mark1/Documents/stm32/libopencm3/lib/libopencm3_stm32f1.a(vector.o)
 .debug_loc     0x00000000000065cd      0x129 /home/mark1/Documents/stm32/libopencm3/lib/libopencm3_stm32f1.a(nvic.o)
 .debug_loc     0x00000000000066f6       0x3f /home/mark1/Documents/stm32/libopencm3/lib/libopencm3_stm32f1.a(flash_common_all.o)
 .debug_loc     0x0000000000006735      0x725 /home/mark1/Documents/stm32/libopencm3/lib/libopencm3_stm32f1.a(st_usbfs_core.o)
 .debug_loc     0x0000000000006e5a       0x21 /usr/lib/gcc/arm-none-eabi/7.3.1/../../../arm-none-eabi/lib/thumb/v7-m/libc.a(lib_a-strlen-stub.o)

.debug_aranges  0x0000000000000000      0xb80
 .debug_aranges
                0x0000000000000000       0x30 main.o
 .debug_aranges
                0x0000000000000030       0x50 i2c.o
 .debug_aranges
                0x0000000000000080       0x48 rtos/heap_4.o
 .debug_aranges
                0x00000000000000c8       0x40 rtos/list.o
 .debug_aranges
                0x0000000000000108       0x70 rtos/port.o
 .debug_aranges
                0x0000000000000178       0xa8 rtos/queue.o
 .debug_aranges
                0x0000000000000220      0x158 rtos/tasks.o
 .debug_aranges
                0x0000000000000378       0x30 rtos/opencm3.o
 .debug_aranges
                0x00000000000003a8       0x20 /usr/lib/gcc/arm-none-eabi/7.3.1/../../../arm-none-eabi/lib/thumb/v7-m/libc.a(lib_a-memcpy.o)
 .debug_aranges
                0x00000000000003c8       0x20 /usr/lib/gcc/arm-none-eabi/7.3.1/../../../arm-none-eabi/lib/thumb/v7-m/libc.a(lib_a-setjmp.o)
 .debug_aranges
                0x00000000000003e8       0x98 /home/mark1/Documents/stm32//rtos/libwwg/libwwg.a(usbcdc.o)
 .debug_aranges
                0x0000000000000480       0x58 /home/mark1/Documents/stm32//rtos/libwwg/libwwg.a(miniprintf.o)
 .debug_aranges
                0x00000000000004d8       0x48 /home/mark1/Documents/stm32/libopencm3/lib/libopencm3_stm32f1.a(exti_common_all.o)
 .debug_aranges
                0x0000000000000520       0x38 /home/mark1/Documents/stm32/libopencm3/lib/libopencm3_stm32f1.a(gpio.o)
 .debug_aranges
                0x0000000000000558       0x50 /home/mark1/Documents/stm32/libopencm3/lib/libopencm3_stm32f1.a(gpio_common_all.o)
 .debug_aranges
                0x00000000000005a8      0x118 /home/mark1/Documents/stm32/libopencm3/lib/libopencm3_stm32f1.a(i2c_common_v1.o)
 .debug_aranges
                0x00000000000006c0      0x158 /home/mark1/Documents/stm32/libopencm3/lib/libopencm3_stm32f1.a(rcc.o)
 .debug_aranges
                0x0000000000000818       0x68 /home/mark1/Documents/stm32/libopencm3/lib/libopencm3_stm32f1.a(rcc_common_all.o)
 .debug_aranges
                0x0000000000000880       0x88 /home/mark1/Documents/stm32/libopencm3/lib/libopencm3_stm32f1.a(usb.o)
 .debug_aranges
                0x0000000000000908       0x60 /home/mark1/Documents/stm32/libopencm3/lib/libopencm3_stm32f1.a(usb_control.o)
 .debug_aranges
                0x0000000000000968       0x98 /home/mark1/Documents/stm32/libopencm3/lib/libopencm3_stm32f1.a(usb_standard.o)
 .debug_aranges
                0x0000000000000a00       0x30 /home/mark1/Documents/stm32/libopencm3/lib/libopencm3_stm32f1.a(st_usbfs_v1.o)
 .debug_aranges
                0x0000000000000a30       0x30 /home/mark1/Documents/stm32/libopencm3/lib/libopencm3_stm32f1.a(vector.o)
 .debug_aranges
                0x0000000000000a60       0x60 /home/mark1/Documents/stm32/libopencm3/lib/libopencm3_stm32f1.a(nvic.o)
 .debug_aranges
                0x0000000000000ac0       0x38 /home/mark1/Documents/stm32/libopencm3/lib/libopencm3_stm32f1.a(flash_common_all.o)
 .debug_aranges
                0x0000000000000af8       0x68 /home/mark1/Documents/stm32/libopencm3/lib/libopencm3_stm32f1.a(st_usbfs_core.o)
 .debug_aranges
                0x0000000000000b60       0x20 /usr/lib/gcc/arm-none-eabi/7.3.1/../../../arm-none-eabi/lib/thumb/v7-m/libc.a(lib_a-strlen-stub.o)

.debug_ranges   0x0000000000000000      0xe80
 .debug_ranges  0x0000000000000000       0x68 main.o
 .debug_ranges  0x0000000000000068       0x40 i2c.o
 .debug_ranges  0x00000000000000a8       0x38 rtos/heap_4.o
 .debug_ranges  0x00000000000000e0       0x30 rtos/list.o
 .debug_ranges  0x0000000000000110       0x60 rtos/port.o
 .debug_ranges  0x0000000000000170      0x1a0 rtos/queue.o
 .debug_ranges  0x0000000000000310      0x2a8 rtos/tasks.o
 .debug_ranges  0x00000000000005b8       0x20 rtos/opencm3.o
 .debug_ranges  0x00000000000005d8       0xa0 /home/mark1/Documents/stm32//rtos/libwwg/libwwg.a(usbcdc.o)
 .debug_ranges  0x0000000000000678       0x60 /home/mark1/Documents/stm32//rtos/libwwg/libwwg.a(miniprintf.o)
 .debug_ranges  0x00000000000006d8       0x50 /home/mark1/Documents/stm32/libopencm3/lib/libopencm3_stm32f1.a(exti_common_all.o)
 .debug_ranges  0x0000000000000728       0x28 /home/mark1/Documents/stm32/libopencm3/lib/libopencm3_stm32f1.a(gpio.o)
 .debug_ranges  0x0000000000000750       0x40 /home/mark1/Documents/stm32/libopencm3/lib/libopencm3_stm32f1.a(gpio_common_all.o)
 .debug_ranges  0x0000000000000790      0x120 /home/mark1/Documents/stm32/libopencm3/lib/libopencm3_stm32f1.a(i2c_common_v1.o)
 .debug_ranges  0x00000000000008b0      0x1a8 /home/mark1/Documents/stm32/libopencm3/lib/libopencm3_stm32f1.a(rcc.o)
 .debug_ranges  0x0000000000000a58       0x58 /home/mark1/Documents/stm32/libopencm3/lib/libopencm3_stm32f1.a(rcc_common_all.o)
 .debug_ranges  0x0000000000000ab0       0x78 /home/mark1/Documents/stm32/libopencm3/lib/libopencm3_stm32f1.a(usb.o)
 .debug_ranges  0x0000000000000b28       0x90 /home/mark1/Documents/stm32/libopencm3/lib/libopencm3_stm32f1.a(usb_control.o)
 .debug_ranges  0x0000000000000bb8       0xe0 /home/mark1/Documents/stm32/libopencm3/lib/libopencm3_stm32f1.a(usb_standard.o)
 .debug_ranges  0x0000000000000c98       0x20 /home/mark1/Documents/stm32/libopencm3/lib/libopencm3_stm32f1.a(st_usbfs_v1.o)
 .debug_ranges  0x0000000000000cb8       0x20 /home/mark1/Documents/stm32/libopencm3/lib/libopencm3_stm32f1.a(vector.o)
 .debug_ranges  0x0000000000000cd8       0x50 /home/mark1/Documents/stm32/libopencm3/lib/libopencm3_stm32f1.a(nvic.o)
 .debug_ranges  0x0000000000000d28       0x28 /home/mark1/Documents/stm32/libopencm3/lib/libopencm3_stm32f1.a(flash_common_all.o)
 .debug_ranges  0x0000000000000d50      0x120 /home/mark1/Documents/stm32/libopencm3/lib/libopencm3_stm32f1.a(st_usbfs_core.o)
 .debug_ranges  0x0000000000000e70       0x10 /usr/lib/gcc/arm-none-eabi/7.3.1/../../../arm-none-eabi/lib/thumb/v7-m/libc.a(lib_a-strlen-stub.o)

.debug_line     0x0000000000000000     0x526c
 .debug_line    0x0000000000000000      0x346 main.o
 .debug_line    0x0000000000000346      0x279 i2c.o
 .debug_line    0x00000000000005bf      0x1e4 rtos/heap_4.o
 .debug_line    0x00000000000007a3      0x175 rtos/list.o
 .debug_line    0x0000000000000918      0x1b1 rtos/port.o
 .debug_line    0x0000000000000ac9      0x477 rtos/queue.o
 .debug_line    0x0000000000000f40      0x880 rtos/tasks.o
 .debug_line    0x00000000000017c0      0x100 rtos/opencm3.o
 .debug_line    0x00000000000018c0       0xbe /usr/lib/gcc/arm-none-eabi/7.3.1/../../../arm-none-eabi/lib/thumb/v7-m/libc.a(lib_a-memcpy.o)
 .debug_line    0x000000000000197e       0x78 /usr/lib/gcc/arm-none-eabi/7.3.1/../../../arm-none-eabi/lib/thumb/v7-m/libc.a(lib_a-setjmp.o)
 .debug_line    0x00000000000019f6      0x414 /home/mark1/Documents/stm32//rtos/libwwg/libwwg.a(usbcdc.o)
 .debug_line    0x0000000000001e0a      0x249 /home/mark1/Documents/stm32//rtos/libwwg/libwwg.a(miniprintf.o)
 .debug_line    0x0000000000002053      0x2f7 /home/mark1/Documents/stm32/libopencm3/lib/libopencm3_stm32f1.a(exti_common_all.o)
 .debug_line    0x000000000000234a      0x263 /home/mark1/Documents/stm32/libopencm3/lib/libopencm3_stm32f1.a(gpio.o)
 .debug_line    0x00000000000025ad      0x29a /home/mark1/Documents/stm32/libopencm3/lib/libopencm3_stm32f1.a(gpio_common_all.o)
 .debug_line    0x0000000000002847      0x4dc /home/mark1/Documents/stm32/libopencm3/lib/libopencm3_stm32f1.a(i2c_common_v1.o)
 .debug_line    0x0000000000002d23      0x65e /home/mark1/Documents/stm32/libopencm3/lib/libopencm3_stm32f1.a(rcc.o)
 .debug_line    0x0000000000003381      0x2cf /home/mark1/Documents/stm32/libopencm3/lib/libopencm3_stm32f1.a(rcc_common_all.o)
 .debug_line    0x0000000000003650      0x328 /home/mark1/Documents/stm32/libopencm3/lib/libopencm3_stm32f1.a(usb.o)
 .debug_line    0x0000000000003978      0x395 /home/mark1/Documents/stm32/libopencm3/lib/libopencm3_stm32f1.a(usb_control.o)
 .debug_line    0x0000000000003d0d      0x4e6 /home/mark1/Documents/stm32/libopencm3/lib/libopencm3_stm32f1.a(usb_standard.o)
 .debug_line    0x00000000000041f3      0x32d /home/mark1/Documents/stm32/libopencm3/lib/libopencm3_stm32f1.a(st_usbfs_v1.o)
 .debug_line    0x0000000000004520      0x2b1 /home/mark1/Documents/stm32/libopencm3/lib/libopencm3_stm32f1.a(vector.o)
 .debug_line    0x00000000000047d1      0x275 /home/mark1/Documents/stm32/libopencm3/lib/libopencm3_stm32f1.a(nvic.o)
 .debug_line    0x0000000000004a46      0x28b /home/mark1/Documents/stm32/libopencm3/lib/libopencm3_stm32f1.a(flash_common_all.o)
 .debug_line    0x0000000000004cd1      0x449 /home/mark1/Documents/stm32/libopencm3/lib/libopencm3_stm32f1.a(st_usbfs_core.o)
 .debug_line    0x000000000000511a      0x152 /usr/lib/gcc/arm-none-eabi/7.3.1/../../../arm-none-eabi/lib/thumb/v7-m/libc.a(lib_a-strlen-stub.o)

.debug_str      0x0000000000000000    0x165ef
 .debug_str     0x0000000000000000      0x9eb main.o
                                        0xb07 (size before relaxing)
 .debug_str     0x00000000000009eb      0x19a i2c.o
                                        0x455 (size before relaxing)
 .debug_str     0x0000000000000b85      0x1eb rtos/heap_4.o
                                        0x760 (size before relaxing)
 .debug_str     0x0000000000000d70      0x12a rtos/list.o
                                        0x6bb (size before relaxing)
 .debug_str     0x0000000000000e9a      0x15e rtos/port.o
                                        0x336 (size before relaxing)
 .debug_str     0x0000000000000ff8      0x4ca rtos/queue.o
                                        0xbdd (size before relaxing)
 .debug_str     0x00000000000014c2      0x84c rtos/tasks.o
                                       0x11bf (size before relaxing)
 .debug_str     0x0000000000001d0e       0x40 rtos/opencm3.o
                                        0x240 (size before relaxing)
 .debug_str     0x0000000000001d4e       0xb0 /usr/lib/gcc/arm-none-eabi/7.3.1/../../../arm-none-eabi/lib/thumb/v7-m/libc.a(lib_a-memcpy.o)
 .debug_str     0x0000000000001dfe       0x39 /usr/lib/gcc/arm-none-eabi/7.3.1/../../../arm-none-eabi/lib/thumb/v7-m/libc.a(lib_a-setjmp.o)
                                         0xa9 (size before relaxing)
 .debug_str     0x0000000000001e37      0x709 /home/mark1/Documents/stm32//rtos/libwwg/libwwg.a(usbcdc.o)
                                       0x1045 (size before relaxing)
 .debug_str     0x0000000000002540      0x100 /home/mark1/Documents/stm32//rtos/libwwg/libwwg.a(miniprintf.o)
                                        0x6c5 (size before relaxing)
 .debug_str     0x0000000000002640     0x869f /home/mark1/Documents/stm32/libopencm3/lib/libopencm3_stm32f1.a(exti_common_all.o)
                                       0x88df (size before relaxing)
 .debug_str     0x000000000000acdf       0x5d /home/mark1/Documents/stm32/libopencm3/lib/libopencm3_stm32f1.a(gpio.o)
                                       0x84b6 (size before relaxing)
 .debug_str     0x000000000000ad3c       0x6b /home/mark1/Documents/stm32/libopencm3/lib/libopencm3_stm32f1.a(gpio_common_all.o)
                                       0x84aa (size before relaxing)
 .debug_str     0x000000000000ada7     0x3676 /home/mark1/Documents/stm32/libopencm3/lib/libopencm3_stm32f1.a(i2c_common_v1.o)
                                       0x84f4 (size before relaxing)
 .debug_str     0x000000000000e41d      0xc86 /home/mark1/Documents/stm32/libopencm3/lib/libopencm3_stm32f1.a(rcc.o)
                                       0x7da9 (size before relaxing)
 .debug_str     0x000000000000f0a3      0x168 /home/mark1/Documents/stm32/libopencm3/lib/libopencm3_stm32f1.a(rcc_common_all.o)
                                       0x76bf (size before relaxing)
 .debug_str     0x000000000000f20b     0x3282 /home/mark1/Documents/stm32/libopencm3/lib/libopencm3_stm32f1.a(usb.o)
                                       0x7dbd (size before relaxing)
 .debug_str     0x000000000001248d      0x19b /home/mark1/Documents/stm32/libopencm3/lib/libopencm3_stm32f1.a(usb_control.o)
                                       0x7e0a (size before relaxing)
 .debug_str     0x0000000000012628      0x2a4 /home/mark1/Documents/stm32/libopencm3/lib/libopencm3_stm32f1.a(usb_standard.o)
                                       0x7f3d (size before relaxing)
 .debug_str     0x00000000000128cc     0x1594 /home/mark1/Documents/stm32/libopencm3/lib/libopencm3_stm32f1.a(st_usbfs_v1.o)
                                       0x97de (size before relaxing)
 .debug_str     0x0000000000013e60     0x2485 /home/mark1/Documents/stm32/libopencm3/lib/libopencm3_stm32f1.a(vector.o)
                                       0x657f (size before relaxing)
 .debug_str     0x00000000000162e5       0xc4 /home/mark1/Documents/stm32/libopencm3/lib/libopencm3_stm32f1.a(nvic.o)
                                       0x5b61 (size before relaxing)
 .debug_str     0x00000000000163a9       0x64 /home/mark1/Documents/stm32/libopencm3/lib/libopencm3_stm32f1.a(flash_common_all.o)
                                       0x5482 (size before relaxing)
 .debug_str     0x000000000001640d      0x119 /home/mark1/Documents/stm32/libopencm3/lib/libopencm3_stm32f1.a(st_usbfs_core.o)
                                       0x96fa (size before relaxing)
 .debug_str     0x0000000000016526       0xc9 /usr/lib/gcc/arm-none-eabi/7.3.1/../../../arm-none-eabi/lib/thumb/v7-m/libc.a(lib_a-strlen-stub.o)
                                        0x5ad (size before relaxing)

.comment        0x0000000000000000       0xae
 .comment       0x0000000000000000       0x57 main.o
                                         0x58 (size before relaxing)
 .comment       0x0000000000000057       0x58 i2c.o
 .comment       0x0000000000000057       0x58 rtos/heap_4.o
 .comment       0x0000000000000057       0x58 rtos/list.o
 .comment       0x0000000000000057       0x58 rtos/port.o
 .comment       0x0000000000000057       0x58 rtos/queue.o
 .comment       0x0000000000000057       0x58 rtos/tasks.o
 .comment       0x0000000000000057       0x58 rtos/opencm3.o
 .comment       0x0000000000000057       0x58 /home/mark1/Documents/stm32//rtos/libwwg/libwwg.a(usbcdc.o)
 .comment       0x0000000000000057       0x58 /home/mark1/Documents/stm32//rtos/libwwg/libwwg.a(miniprintf.o)
 .comment       0x0000000000000057       0x58 /home/mark1/Documents/stm32/libopencm3/lib/libopencm3_stm32f1.a(exti_common_all.o)
 .comment       0x0000000000000057       0x58 /home/mark1/Documents/stm32/libopencm3/lib/libopencm3_stm32f1.a(gpio.o)
 .comment       0x0000000000000057       0x58 /home/mark1/Documents/stm32/libopencm3/lib/libopencm3_stm32f1.a(gpio_common_all.o)
 .comment       0x0000000000000057       0x58 /home/mark1/Documents/stm32/libopencm3/lib/libopencm3_stm32f1.a(i2c_common_v1.o)
 .comment       0x0000000000000057       0x58 /home/mark1/Documents/stm32/libopencm3/lib/libopencm3_stm32f1.a(rcc.o)
 .comment       0x0000000000000057       0x58 /home/mark1/Documents/stm32/libopencm3/lib/libopencm3_stm32f1.a(rcc_common_all.o)
 .comment       0x0000000000000057       0x58 /home/mark1/Documents/stm32/libopencm3/lib/libopencm3_stm32f1.a(usb.o)
 .comment       0x0000000000000057       0x58 /home/mark1/Documents/stm32/libopencm3/lib/libopencm3_stm32f1.a(usb_control.o)
 .comment       0x0000000000000057       0x58 /home/mark1/Documents/stm32/libopencm3/lib/libopencm3_stm32f1.a(usb_standard.o)
 .comment       0x0000000000000057       0x58 /home/mark1/Documents/stm32/libopencm3/lib/libopencm3_stm32f1.a(st_usbfs_v1.o)
 .comment       0x0000000000000057       0x58 /home/mark1/Documents/stm32/libopencm3/lib/libopencm3_stm32f1.a(vector.o)
 .comment       0x0000000000000057       0x58 /home/mark1/Documents/stm32/libopencm3/lib/libopencm3_stm32f1.a(nvic.o)
 .comment       0x0000000000000057       0x58 /home/mark1/Documents/stm32/libopencm3/lib/libopencm3_stm32f1.a(flash_common_all.o)
 .comment       0x0000000000000057       0x58 /home/mark1/Documents/stm32/libopencm3/lib/libopencm3_stm32f1.a(st_usbfs_core.o)
 .comment       0x0000000000000057       0x57 /usr/lib/gcc/arm-none-eabi/7.3.1/../../../arm-none-eabi/lib/thumb/v7-m/libc.a(lib_a-strlen-stub.o)
                                         0x58 (size before relaxing)

.ARM.attributes
                0x0000000000000000       0x31
 .ARM.attributes
                0x0000000000000000       0x33 main.o
 .ARM.attributes
                0x0000000000000033       0x33 i2c.o
 .ARM.attributes
                0x0000000000000066       0x33 rtos/heap_4.o
 .ARM.attributes
                0x0000000000000099       0x33 rtos/list.o
 .ARM.attributes
                0x00000000000000cc       0x33 rtos/port.o
 .ARM.attributes
                0x00000000000000ff       0x33 rtos/queue.o
 .ARM.attributes
                0x0000000000000132       0x33 rtos/tasks.o
 .ARM.attributes
                0x0000000000000165       0x33 rtos/opencm3.o
 .ARM.attributes
                0x0000000000000198       0x1b /usr/lib/gcc/arm-none-eabi/7.3.1/../../../arm-none-eabi/lib/thumb/v7-m/libc.a(lib_a-memcpy.o)
 .ARM.attributes
                0x00000000000001b3       0x1b /usr/lib/gcc/arm-none-eabi/7.3.1/../../../arm-none-eabi/lib/thumb/v7-m/libc.a(lib_a-setjmp.o)
 .ARM.attributes
                0x00000000000001ce       0x33 /home/mark1/Documents/stm32//rtos/libwwg/libwwg.a(usbcdc.o)
 .ARM.attributes
                0x0000000000000201       0x33 /home/mark1/Documents/stm32//rtos/libwwg/libwwg.a(miniprintf.o)
 .ARM.attributes
                0x0000000000000234       0x33 /home/mark1/Documents/stm32/libopencm3/lib/libopencm3_stm32f1.a(exti_common_all.o)
 .ARM.attributes
                0x0000000000000267       0x33 /home/mark1/Documents/stm32/libopencm3/lib/libopencm3_stm32f1.a(gpio.o)
 .ARM.attributes
                0x000000000000029a       0x33 /home/mark1/Documents/stm32/libopencm3/lib/libopencm3_stm32f1.a(gpio_common_all.o)
 .ARM.attributes
                0x00000000000002cd       0x33 /home/mark1/Documents/stm32/libopencm3/lib/libopencm3_stm32f1.a(i2c_common_v1.o)
 .ARM.attributes
                0x0000000000000300       0x33 /home/mark1/Documents/stm32/libopencm3/lib/libopencm3_stm32f1.a(rcc.o)
 .ARM.attributes
                0x0000000000000333       0x33 /home/mark1/Documents/stm32/libopencm3/lib/libopencm3_stm32f1.a(rcc_common_all.o)
 .ARM.attributes
                0x0000000000000366       0x33 /home/mark1/Documents/stm32/libopencm3/lib/libopencm3_stm32f1.a(usb.o)
 .ARM.attributes
                0x0000000000000399       0x33 /home/mark1/Documents/stm32/libopencm3/lib/libopencm3_stm32f1.a(usb_control.o)
 .ARM.attributes
                0x00000000000003cc       0x33 /home/mark1/Documents/stm32/libopencm3/lib/libopencm3_stm32f1.a(usb_standard.o)
 .ARM.attributes
                0x00000000000003ff       0x33 /home/mark1/Documents/stm32/libopencm3/lib/libopencm3_stm32f1.a(st_usbfs_v1.o)
 .ARM.attributes
                0x0000000000000432       0x33 /home/mark1/Documents/stm32/libopencm3/lib/libopencm3_stm32f1.a(vector.o)
 .ARM.attributes
                0x0000000000000465       0x33 /home/mark1/Documents/stm32/libopencm3/lib/libopencm3_stm32f1.a(nvic.o)
 .ARM.attributes
                0x0000000000000498       0x33 /home/mark1/Documents/stm32/libopencm3/lib/libopencm3_stm32f1.a(flash_common_all.o)
 .ARM.attributes
                0x00000000000004cb       0x33 /home/mark1/Documents/stm32/libopencm3/lib/libopencm3_stm32f1.a(st_usbfs_core.o)
 .ARM.attributes
                0x00000000000004fe       0x2d /usr/lib/gcc/arm-none-eabi/7.3.1/../../../arm-none-eabi/lib/thumb/v7-m/libc.a(lib_a-strlen-stub.o)

.debug_frame    0x0000000000000000     0x1b2c
 .debug_frame   0x0000000000000000       0x5c main.o
 .debug_frame   0x000000000000005c       0xdc i2c.o
 .debug_frame   0x0000000000000138       0x98 rtos/heap_4.o
 .debug_frame   0x00000000000001d0       0x6c rtos/list.o
 .debug_frame   0x000000000000023c       0xd0 rtos/port.o
 .debug_frame   0x000000000000030c      0x208 rtos/queue.o
 .debug_frame   0x0000000000000514      0x474 rtos/tasks.o
 .debug_frame   0x0000000000000988       0x40 rtos/opencm3.o
 .debug_frame   0x00000000000009c8      0x1b4 /home/mark1/Documents/stm32//rtos/libwwg/libwwg.a(usbcdc.o)
 .debug_frame   0x0000000000000b7c      0x110 /home/mark1/Documents/stm32//rtos/libwwg/libwwg.a(miniprintf.o)
 .debug_frame   0x0000000000000c8c       0x88 /home/mark1/Documents/stm32/libopencm3/lib/libopencm3_stm32f1.a(exti_common_all.o)
 .debug_frame   0x0000000000000d14       0x64 /home/mark1/Documents/stm32/libopencm3/lib/libopencm3_stm32f1.a(gpio.o)
 .debug_frame   0x0000000000000d78       0x80 /home/mark1/Documents/stm32/libopencm3/lib/libopencm3_stm32f1.a(gpio_common_all.o)
 .debug_frame   0x0000000000000df8      0x238 /home/mark1/Documents/stm32/libopencm3/lib/libopencm3_stm32f1.a(i2c_common_v1.o)
 .debug_frame   0x0000000000001030      0x2e0 /home/mark1/Documents/stm32/libopencm3/lib/libopencm3_stm32f1.a(rcc.o)
 .debug_frame   0x0000000000001310       0xd0 /home/mark1/Documents/stm32/libopencm3/lib/libopencm3_stm32f1.a(rcc_common_all.o)
 .debug_frame   0x00000000000013e0      0x13c /home/mark1/Documents/stm32/libopencm3/lib/libopencm3_stm32f1.a(usb.o)
 .debug_frame   0x000000000000151c      0x164 /home/mark1/Documents/stm32/libopencm3/lib/libopencm3_stm32f1.a(usb_control.o)
 .debug_frame   0x0000000000001680      0x1e4 /home/mark1/Documents/stm32/libopencm3/lib/libopencm3_stm32f1.a(usb_standard.o)
 .debug_frame   0x0000000000001864       0x58 /home/mark1/Documents/stm32/libopencm3/lib/libopencm3_stm32f1.a(st_usbfs_v1.o)
 .debug_frame   0x00000000000018bc       0x4c /home/mark1/Documents/stm32/libopencm3/lib/libopencm3_stm32f1.a(vector.o)
 .debug_frame   0x0000000000001908       0xa0 /home/mark1/Documents/stm32/libopencm3/lib/libopencm3_stm32f1.a(nvic.o)
 .debug_frame   0x00000000000019a8       0x50 /home/mark1/Documents/stm32/libopencm3/lib/libopencm3_stm32f1.a(flash_common_all.o)
 .debug_frame   0x00000000000019f8      0x114 /home/mark1/Documents/stm32/libopencm3/lib/libopencm3_stm32f1.a(st_usbfs_core.o)
 .debug_frame   0x0000000000001b0c       0x20 /usr/lib/gcc/arm-none-eabi/7.3.1/../../../arm-none-eabi/lib/thumb/v7-m/libc.a(lib_a-strlen-stub.o)

.debug_macro    0x0000000000000000     0x5610
 .debug_macro   0x0000000000000000       0xe4 /home/mark1/Documents/stm32/libopencm3/lib/libopencm3_stm32f1.a(exti_common_all.o)
 .debug_macro   0x00000000000000e4      0xa4e /home/mark1/Documents/stm32/libopencm3/lib/libopencm3_stm32f1.a(exti_common_all.o)
 .debug_macro   0x0000000000000b32       0x1c /home/mark1/Documents/stm32/libopencm3/lib/libopencm3_stm32f1.a(exti_common_all.o)
 .debug_macro   0x0000000000000b4e       0x22 /home/mark1/Documents/stm32/libopencm3/lib/libopencm3_stm32f1.a(exti_common_all.o)
 .debug_macro   0x0000000000000b70       0x56 /home/mark1/Documents/stm32/libopencm3/lib/libopencm3_stm32f1.a(exti_common_all.o)
 .debug_macro   0x0000000000000bc6       0x51 /home/mark1/Documents/stm32/libopencm3/lib/libopencm3_stm32f1.a(exti_common_all.o)
 .debug_macro   0x0000000000000c17       0xef /home/mark1/Documents/stm32/libopencm3/lib/libopencm3_stm32f1.a(exti_common_all.o)
 .debug_macro   0x0000000000000d06       0x6a /home/mark1/Documents/stm32/libopencm3/lib/libopencm3_stm32f1.a(exti_common_all.o)
 .debug_macro   0x0000000000000d70      0x1df /home/mark1/Documents/stm32/libopencm3/lib/libopencm3_stm32f1.a(exti_common_all.o)
 .debug_macro   0x0000000000000f4f       0x22 /home/mark1/Documents/stm32/libopencm3/lib/libopencm3_stm32f1.a(exti_common_all.o)
 .debug_macro   0x0000000000000f71       0xe8 /home/mark1/Documents/stm32/libopencm3/lib/libopencm3_stm32f1.a(exti_common_all.o)
 .debug_macro   0x0000000000001059       0x76 /home/mark1/Documents/stm32/libopencm3/lib/libopencm3_stm32f1.a(exti_common_all.o)
 .debug_macro   0x00000000000010cf      0x1b4 /home/mark1/Documents/stm32/libopencm3/lib/libopencm3_stm32f1.a(exti_common_all.o)
 .debug_macro   0x0000000000001283       0xee /home/mark1/Documents/stm32/libopencm3/lib/libopencm3_stm32f1.a(exti_common_all.o)
 .debug_macro   0x0000000000001371       0x28 /home/mark1/Documents/stm32/libopencm3/lib/libopencm3_stm32f1.a(exti_common_all.o)
 .debug_macro   0x0000000000001399       0x76 /home/mark1/Documents/stm32/libopencm3/lib/libopencm3_stm32f1.a(exti_common_all.o)
 .debug_macro   0x000000000000140f      0xe04 /home/mark1/Documents/stm32/libopencm3/lib/libopencm3_stm32f1.a(exti_common_all.o)
 .debug_macro   0x0000000000002213       0xb8 /home/mark1/Documents/stm32/libopencm3/lib/libopencm3_stm32f1.a(gpio.o)
 .debug_macro   0x00000000000022cb       0xb8 /home/mark1/Documents/stm32/libopencm3/lib/libopencm3_stm32f1.a(gpio_common_all.o)
 .debug_macro   0x0000000000002383       0xda /home/mark1/Documents/stm32/libopencm3/lib/libopencm3_stm32f1.a(i2c_common_v1.o)
 .debug_macro   0x000000000000245d      0x16d /home/mark1/Documents/stm32/libopencm3/lib/libopencm3_stm32f1.a(i2c_common_v1.o)
 .debug_macro   0x00000000000025ca      0x32c /home/mark1/Documents/stm32/libopencm3/lib/libopencm3_stm32f1.a(i2c_common_v1.o)
 .debug_macro   0x00000000000028f6      0x82c /home/mark1/Documents/stm32/libopencm3/lib/libopencm3_stm32f1.a(i2c_common_v1.o)
 .debug_macro   0x0000000000003122       0xe7 /home/mark1/Documents/stm32/libopencm3/lib/libopencm3_stm32f1.a(rcc.o)
 .debug_macro   0x0000000000003209       0x16 /home/mark1/Documents/stm32/libopencm3/lib/libopencm3_stm32f1.a(rcc.o)
 .debug_macro   0x000000000000321f       0xee /home/mark1/Documents/stm32/libopencm3/lib/libopencm3_stm32f1.a(rcc.o)
 .debug_macro   0x000000000000330d       0x82 /home/mark1/Documents/stm32/libopencm3/lib/libopencm3_stm32f1.a(rcc.o)
 .debug_macro   0x000000000000338f       0xce /home/mark1/Documents/stm32/libopencm3/lib/libopencm3_stm32f1.a(rcc_common_all.o)
 .debug_macro   0x000000000000345d      0x148 /home/mark1/Documents/stm32/libopencm3/lib/libopencm3_stm32f1.a(usb.o)
 .debug_macro   0x00000000000035a5       0x4c /home/mark1/Documents/stm32/libopencm3/lib/libopencm3_stm32f1.a(usb.o)
 .debug_macro   0x00000000000035f1       0x18 /home/mark1/Documents/stm32/libopencm3/lib/libopencm3_stm32f1.a(usb.o)
 .debug_macro   0x0000000000003609       0x5c /home/mark1/Documents/stm32/libopencm3/lib/libopencm3_stm32f1.a(usb.o)
 .debug_macro   0x0000000000003665       0x35 /home/mark1/Documents/stm32/libopencm3/lib/libopencm3_stm32f1.a(usb.o)
 .debug_macro   0x000000000000369a       0x34 /home/mark1/Documents/stm32/libopencm3/lib/libopencm3_stm32f1.a(usb.o)
 .debug_macro   0x00000000000036ce       0x57 /home/mark1/Documents/stm32/libopencm3/lib/libopencm3_stm32f1.a(usb.o)
 .debug_macro   0x0000000000003725       0x52 /home/mark1/Documents/stm32/libopencm3/lib/libopencm3_stm32f1.a(usb.o)
 .debug_macro   0x0000000000003777       0x1f /home/mark1/Documents/stm32/libopencm3/lib/libopencm3_stm32f1.a(usb.o)
 .debug_macro   0x0000000000003796       0x43 /home/mark1/Documents/stm32/libopencm3/lib/libopencm3_stm32f1.a(usb.o)
 .debug_macro   0x00000000000037d9       0x20 /home/mark1/Documents/stm32/libopencm3/lib/libopencm3_stm32f1.a(usb.o)
 .debug_macro   0x00000000000037f9      0x18e /home/mark1/Documents/stm32/libopencm3/lib/libopencm3_stm32f1.a(usb.o)
 .debug_macro   0x0000000000003987      0x35c /home/mark1/Documents/stm32/libopencm3/lib/libopencm3_stm32f1.a(usb.o)
 .debug_macro   0x0000000000003ce3       0x10 /home/mark1/Documents/stm32/libopencm3/lib/libopencm3_stm32f1.a(usb.o)
 .debug_macro   0x0000000000003cf3       0x35 /home/mark1/Documents/stm32/libopencm3/lib/libopencm3_stm32f1.a(usb.o)
 .debug_macro   0x0000000000003d28      0x19c /home/mark1/Documents/stm32/libopencm3/lib/libopencm3_stm32f1.a(usb.o)
 .debug_macro   0x0000000000003ec4       0x10 /home/mark1/Documents/stm32/libopencm3/lib/libopencm3_stm32f1.a(usb.o)
 .debug_macro   0x0000000000003ed4       0x1c /home/mark1/Documents/stm32/libopencm3/lib/libopencm3_stm32f1.a(usb.o)
 .debug_macro   0x0000000000003ef0      0x156 /home/mark1/Documents/stm32/libopencm3/lib/libopencm3_stm32f1.a(usb_control.o)
 .debug_macro   0x0000000000004046       0x16 /home/mark1/Documents/stm32/libopencm3/lib/libopencm3_stm32f1.a(usb_control.o)
 .debug_macro   0x000000000000405c      0x10e /home/mark1/Documents/stm32/libopencm3/lib/libopencm3_stm32f1.a(usb_control.o)
 .debug_macro   0x000000000000416a       0x86 /home/mark1/Documents/stm32/libopencm3/lib/libopencm3_stm32f1.a(usb_control.o)
 .debug_macro   0x00000000000041f0       0x22 /home/mark1/Documents/stm32/libopencm3/lib/libopencm3_stm32f1.a(usb_control.o)
 .debug_macro   0x0000000000004212      0x148 /home/mark1/Documents/stm32/libopencm3/lib/libopencm3_stm32f1.a(usb_standard.o)
 .debug_macro   0x000000000000435a      0x10d /home/mark1/Documents/stm32/libopencm3/lib/libopencm3_stm32f1.a(st_usbfs_v1.o)
 .debug_macro   0x0000000000004467       0x3a /home/mark1/Documents/stm32/libopencm3/lib/libopencm3_stm32f1.a(st_usbfs_v1.o)
 .debug_macro   0x00000000000044a1      0x29e /home/mark1/Documents/stm32/libopencm3/lib/libopencm3_stm32f1.a(st_usbfs_v1.o)
 .debug_macro   0x000000000000473f       0x28 /home/mark1/Documents/stm32/libopencm3/lib/libopencm3_stm32f1.a(st_usbfs_v1.o)
 .debug_macro   0x0000000000004767      0x1a2 /home/mark1/Documents/stm32/libopencm3/lib/libopencm3_stm32f1.a(st_usbfs_v1.o)
 .debug_macro   0x0000000000004909       0x10 /home/mark1/Documents/stm32/libopencm3/lib/libopencm3_stm32f1.a(st_usbfs_v1.o)
 .debug_macro   0x0000000000004919       0xcf /home/mark1/Documents/stm32/libopencm3/lib/libopencm3_stm32f1.a(vector.o)
 .debug_macro   0x00000000000049e8      0x395 /home/mark1/Documents/stm32/libopencm3/lib/libopencm3_stm32f1.a(vector.o)
 .debug_macro   0x0000000000004d7d       0x6e /home/mark1/Documents/stm32/libopencm3/lib/libopencm3_stm32f1.a(vector.o)
 .debug_macro   0x0000000000004deb      0x1a2 /home/mark1/Documents/stm32/libopencm3/lib/libopencm3_stm32f1.a(vector.o)
 .debug_macro   0x0000000000004f8d       0xb3 /home/mark1/Documents/stm32/libopencm3/lib/libopencm3_stm32f1.a(nvic.o)
 .debug_macro   0x0000000000005040       0x68 /home/mark1/Documents/stm32/libopencm3/lib/libopencm3_stm32f1.a(nvic.o)
 .debug_macro   0x00000000000050a8      0x39b /home/mark1/Documents/stm32/libopencm3/lib/libopencm3_stm32f1.a(nvic.o)
 .debug_macro   0x0000000000005443       0xc0 /home/mark1/Documents/stm32/libopencm3/lib/libopencm3_stm32f1.a(flash_common_all.o)
 .debug_macro   0x0000000000005503      0x10d /home/mark1/Documents/stm32/libopencm3/lib/libopencm3_stm32f1.a(st_usbfs_core.o)
