Archive member included to satisfy reference by file (symbol)

/usr/lib/gcc/arm-none-eabi/7.3.1/../../../arm-none-eabi/lib/thumb/v7-m/libc.a(lib_a-memcpy.o)
                              rtos/queue.o (memcpy)
/home/mark1/Documents/stm32//rtos/libwwg/libwwg.a(uartlib.o)
                              main.o (open_uart)
/home/mark1/Documents/stm32//rtos/libwwg/libwwg.a(miniprintf.o)
                              /home/mark1/Documents/stm32//rtos/libwwg/libwwg.a(uartlib.o) (mini_vprintf_cooked)
/home/mark1/Documents/stm32//rtos/libwwg/libwwg.a(mcuio.o)
                              main.o (std_printf)
/home/mark1/Documents/stm32//rtos/libwwg/libwwg.a(getline.o)
                              /home/mark1/Documents/stm32//rtos/libwwg/libwwg.a(uartlib.o) (getline)
/home/mark1/Documents/stm32//rtos/libwwg/libwwg.a(usbcdc.o)
                              /home/mark1/Documents/stm32//rtos/libwwg/libwwg.a(mcuio.o) (usb_putc)
/home/mark1/Documents/stm32/libopencm3/lib/libopencm3_stm32f1.a(exti_common_all.o)
                              main.o (exti_set_trigger)
/home/mark1/Documents/stm32/libopencm3/lib/libopencm3_stm32f1.a(gpio.o)
                              main.o (gpio_set_mode)
/home/mark1/Documents/stm32/libopencm3/lib/libopencm3_stm32f1.a(gpio_common_all.o)
                              main.o (gpio_clear)
/home/mark1/Documents/stm32/libopencm3/lib/libopencm3_stm32f1.a(rcc.o)
                              main.o (rcc_enable_rtc_clock)
/home/mark1/Documents/stm32/libopencm3/lib/libopencm3_stm32f1.a(rcc_common_all.o)
                              main.o (rcc_periph_clock_enable)
/home/mark1/Documents/stm32/libopencm3/lib/libopencm3_stm32f1.a(rtc.o)
                              main.o (rtc_awake_from_off)
/home/mark1/Documents/stm32/libopencm3/lib/libopencm3_stm32f1.a(usart_common_all.o)
                              /home/mark1/Documents/stm32//rtos/libwwg/libwwg.a(uartlib.o) (usart_set_baudrate)
/home/mark1/Documents/stm32/libopencm3/lib/libopencm3_stm32f1.a(usart_common_f124.o)
                              /home/mark1/Documents/stm32/libopencm3/lib/libopencm3_stm32f1.a(usart_common_all.o) (usart_send)
/home/mark1/Documents/stm32/libopencm3/lib/libopencm3_stm32f1.a(usb.o)
                              /home/mark1/Documents/stm32//rtos/libwwg/libwwg.a(usbcdc.o) (usbd_init)
/home/mark1/Documents/stm32/libopencm3/lib/libopencm3_stm32f1.a(usb_control.o)
                              /home/mark1/Documents/stm32//rtos/libwwg/libwwg.a(usbcdc.o) (usbd_register_control_callback)
/home/mark1/Documents/stm32/libopencm3/lib/libopencm3_stm32f1.a(usb_standard.o)
                              /home/mark1/Documents/stm32//rtos/libwwg/libwwg.a(usbcdc.o) (usbd_register_set_config_callback)
/home/mark1/Documents/stm32/libopencm3/lib/libopencm3_stm32f1.a(st_usbfs_v1.o)
                              /home/mark1/Documents/stm32//rtos/libwwg/libwwg.a(usbcdc.o) (st_usbfs_v1_usb_driver)
/home/mark1/Documents/stm32/libopencm3/lib/libopencm3_stm32f1.a(vector.o)
                              (reset_handler)
/home/mark1/Documents/stm32/libopencm3/lib/libopencm3_stm32f1.a(nvic.o)
                              main.o (nvic_enable_irq)
/home/mark1/Documents/stm32/libopencm3/lib/libopencm3_stm32f1.a(assert.o)
                              /home/mark1/Documents/stm32/libopencm3/lib/libopencm3_stm32f1.a(rcc.o) (cm3_assert_failed)
/home/mark1/Documents/stm32/libopencm3/lib/libopencm3_stm32f1.a(flash_common_all.o)
                              /home/mark1/Documents/stm32/libopencm3/lib/libopencm3_stm32f1.a(rcc.o) (flash_set_ws)
/home/mark1/Documents/stm32/libopencm3/lib/libopencm3_stm32f1.a(pwr_common_v1.o)
                              /home/mark1/Documents/stm32/libopencm3/lib/libopencm3_stm32f1.a(rtc.o) (pwr_disable_backup_domain_write_protect)
/home/mark1/Documents/stm32/libopencm3/lib/libopencm3_stm32f1.a(st_usbfs_core.o)
                              /home/mark1/Documents/stm32/libopencm3/lib/libopencm3_stm32f1.a(st_usbfs_v1.o) (st_usbfs_set_address)
/usr/lib/gcc/arm-none-eabi/7.3.1/../../../arm-none-eabi/lib/thumb/v7-m/libc.a(lib_a-malloc.o)
                              /home/mark1/Documents/stm32//rtos/libwwg/libwwg.a(uartlib.o) (malloc)
/usr/lib/gcc/arm-none-eabi/7.3.1/../../../arm-none-eabi/lib/thumb/v7-m/libc.a(lib_a-mallocr.o)
                              /usr/lib/gcc/arm-none-eabi/7.3.1/../../../arm-none-eabi/lib/thumb/v7-m/libc.a(lib_a-malloc.o) (_malloc_r)
/usr/lib/gcc/arm-none-eabi/7.3.1/../../../arm-none-eabi/lib/thumb/v7-m/libc.a(lib_a-memmove.o)
                              /home/mark1/Documents/stm32//rtos/libwwg/libwwg.a(getline.o) (memmove)
/usr/lib/gcc/arm-none-eabi/7.3.1/../../../arm-none-eabi/lib/thumb/v7-m/libc.a(lib_a-mlock.o)
                              /usr/lib/gcc/arm-none-eabi/7.3.1/../../../arm-none-eabi/lib/thumb/v7-m/libc.a(lib_a-mallocr.o) (__malloc_lock)
/usr/lib/gcc/arm-none-eabi/7.3.1/../../../arm-none-eabi/lib/thumb/v7-m/libc.a(lib_a-sbrkr.o)
[...]
Memory Configuration

Name             Origin             Length             Attributes
rom              0x0000000008000000 0x0000000000010000 xr
ram              0x0000000020000000 0x0000000000005000 xrw
*default*        0x0000000000000000 0xffffffffffffffff

Linker script and memory map

LOAD main.o
LOAD rtos/heap_4.o
LOAD rtos/list.o
LOAD rtos/port.o
LOAD rtos/queue.o
LOAD rtos/tasks.o
LOAD rtos/opencm3.o
START GROUP
LOAD /usr/lib/gcc/arm-none-eabi/7.3.1/../../../arm-none-eabi/lib/thumb/v7-m/libc.a
LOAD /usr/lib/gcc/arm-none-eabi/7.3.1/thumb/v7-m/libgcc.a
LOAD /usr/lib/gcc/arm-none-eabi/7.3.1/../../../arm-none-eabi/lib/thumb/v7-m/libnosys.a
END GROUP
LOAD /home/mark1/Documents/stm32//rtos/libwwg/libwwg.a
LOAD /home/mark1/Documents/stm32/libopencm3/lib/libopencm3_stm32f1.a
START GROUP
LOAD /usr/lib/gcc/arm-none-eabi/7.3.1/thumb/v7-m/libgcc.a
LOAD /usr/lib/gcc/arm-none-eabi/7.3.1/../../../arm-none-eabi/lib/thumb/v7-m/libc.a
END GROUP
START GROUP
LOAD /usr/lib/gcc/arm-none-eabi/7.3.1/thumb/v7-m/libgcc.a
LOAD /usr/lib/gcc/arm-none-eabi/7.3.1/../../../arm-none-eabi/lib/thumb/v7-m/libc.a
LOAD /usr/lib/gcc/arm-none-eabi/7.3.1/../../../arm-none-eabi/lib/thumb/v7-m/libnosys.a
END GROUP

.text           0x0000000008000000     0x3158
 *(.vectors)
 .vectors       0x0000000008000000      0x150 /home/mark1/Documents/stm32/libopencm3/lib/libopencm3_stm32f1.a(vector.o)
                0x0000000008000000                vector_table
 *(.text*)
 .text.mutex_lock
                0x0000000008000150       0x14 main.o
 .text.mutex_unlock
                0x0000000008000164       0x14 main.o
 .text.task3    0x0000000008000178       0x44 main.o
 .text.task2    0x00000000080001bc       0x78 main.o
 .text.task1    0x0000000008000234      0x148 main.o
 .text.rtc_isr  0x000000000800037c       0xd4 main.o
                0x000000000800037c                rtc_isr
 .text.rtc_alarm_isr
                0x0000000008000450       0x50 main.o
                0x0000000008000450                rtc_alarm_isr
 .text.startup.main
                0x00000000080004a0       0xf8 main.o
                0x00000000080004a0                main
 .text.prvInsertBlockIntoFreeList
                0x0000000008000598       0x48 rtos/heap_4.o
 .text.pvPortMalloc
                0x00000000080005e0       0xf4 rtos/heap_4.o
                0x00000000080005e0                pvPortMalloc
 .text.vPortFree
                0x00000000080006d4       0x4c rtos/heap_4.o
                0x00000000080006d4                vPortFree
 .text.vListInitialise
                0x0000000008000720       0x16 rtos/list.o
                0x0000000008000720                vListInitialise
 .text.vListInitialiseItem
                0x0000000008000736        0x6 rtos/list.o
                0x0000000008000736                vListInitialiseItem
 .text.vListInsertEnd
                0x000000000800073c       0x18 rtos/list.o
                0x000000000800073c                vListInsertEnd
 .text.vListInsert
                0x0000000008000754       0x2e rtos/list.o
                0x0000000008000754                vListInsert
 .text.uxListRemove
                0x0000000008000782       0x20 rtos/list.o
                0x0000000008000782                uxListRemove
 .text.prvTaskExitError
                0x00000000080007a2       0x12 rtos/port.o
 .text.prvPortStartFirstTask
                0x00000000080007b4       0x20 rtos/port.o
 .text.pxPortInitialiseStack
                0x00000000080007d4       0x24 rtos/port.o
                0x00000000080007d4                pxPortInitialiseStack
 *fill*         0x00000000080007f8        0x8 
 .text.vPortSVCHandler
                0x0000000008000800       0x24 rtos/port.o
                0x0000000008000800                vPortSVCHandler
 .text.vPortEnterCritical
                0x0000000008000824       0x20 rtos/port.o
                0x0000000008000824                vPortEnterCritical
 .text.vPortExitCritical
                0x0000000008000844       0x14 rtos/port.o
                0x0000000008000844                vPortExitCritical
 *fill*         0x0000000008000858        0x8 
 .text.xPortPendSVHandler
                0x0000000008000860       0x44 rtos/port.o
                0x0000000008000860                xPortPendSVHandler
 .text.xPortSysTickHandler
                0x00000000080008a4       0x2c rtos/port.o
                0x00000000080008a4                xPortSysTickHandler
 .text.vPortSetupTimerInterrupt
                0x00000000080008d0       0x14 rtos/port.o
                0x00000000080008d0                vPortSetupTimerInterrupt
 .text.xPortStartScheduler
                0x00000000080008e4       0x30 rtos/port.o
                0x00000000080008e4                xPortStartScheduler
 .text.prvCopyDataToQueue
                0x0000000008000914       0x66 rtos/queue.o
 .text.prvCopyDataFromQueue
                0x000000000800097a       0x28 rtos/queue.o
 .text.prvUnlockQueue
                0x00000000080009a2       0x70 rtos/queue.o
 *fill*         0x0000000008000a12        0x2 
 .text.xQueueGenericReset
                0x0000000008000a14       0x6c rtos/queue.o
                0x0000000008000a14                xQueueGenericReset
 .text.xQueueGenericCreate
                0x0000000008000a80       0x2e rtos/queue.o
                0x0000000008000a80                xQueueGenericCreate
 *fill*         0x0000000008000aae        0x2 
 .text.xQueueGenericSend
                0x0000000008000ab0       0xfc rtos/queue.o
                0x0000000008000ab0                xQueueGenericSend
 .text.xQueueCreateMutex
                0x0000000008000bac       0x24 rtos/queue.o
                0x0000000008000bac                xQueueCreateMutex
 .text.xQueueGenericReceive
                0x0000000008000bd0      0x130 rtos/queue.o
                0x0000000008000bd0                xQueueGenericReceive
 .text.prvIdleTask
                0x0000000008000d00        0x2 rtos/tasks.o
 *fill*         0x0000000008000d02        0x2 
 .text.prvResetNextTaskUnblockTime
                0x0000000008000d04       0x24 rtos/tasks.o
 .text.prvAddCurrentTaskToDelayedList
                0x0000000008000d28       0x8c rtos/tasks.o
 .text.xTaskCreate
                0x0000000008000db4      0x1b4 rtos/tasks.o
                0x0000000008000db4                xTaskCreate
 .text.vTaskStartScheduler
                0x0000000008000f68       0x60 rtos/tasks.o
                0x0000000008000f68                vTaskStartScheduler
 .text.vTaskSuspendAll
                0x0000000008000fc8       0x10 rtos/tasks.o
                0x0000000008000fc8                vTaskSuspendAll
 .text.xTaskGetTickCount
                0x0000000008000fd8        0xc rtos/tasks.o
                0x0000000008000fd8                xTaskGetTickCount
 .text.xTaskIncrementTick
                0x0000000008000fe4      0x10c rtos/tasks.o
                0x0000000008000fe4                xTaskIncrementTick
 .text.xTaskResumeAll
                0x00000000080010f0       0xd8 rtos/tasks.o
                0x00000000080010f0                xTaskResumeAll
 .text.vTaskSwitchContext
                0x00000000080011c8       0x60 rtos/tasks.o
                0x00000000080011c8                vTaskSwitchContext
 .text.vTaskPlaceOnEventList
                0x0000000008001228       0x20 rtos/tasks.o
                0x0000000008001228                vTaskPlaceOnEventList
 .text.xTaskRemoveFromEventList
                0x0000000008001248       0x70 rtos/tasks.o
                0x0000000008001248                xTaskRemoveFromEventList
 .text.vTaskSetTimeOutState
                0x00000000080012b8       0x18 rtos/tasks.o
                0x00000000080012b8                vTaskSetTimeOutState
 .text.xTaskCheckForTimeOut
                0x00000000080012d0       0x4c rtos/tasks.o
                0x00000000080012d0                xTaskCheckForTimeOut
 .text.vTaskMissedYield
                0x000000000800131c        0xc rtos/tasks.o
                0x000000000800131c                vTaskMissedYield
 .text.vTaskPriorityInherit
                0x0000000008001328       0x94 rtos/tasks.o
                0x0000000008001328                vTaskPriorityInherit
 .text.xTaskPriorityDisinherit
                0x00000000080013bc       0x70 rtos/tasks.o
                0x00000000080013bc                xTaskPriorityDisinherit
 .text.pvTaskIncrementMutexHeldCount
                0x000000000800142c       0x18 rtos/tasks.o
                0x000000000800142c                pvTaskIncrementMutexHeldCount
 .text.ulTaskNotifyTake
                0x0000000008001444       0x64 rtos/tasks.o
                0x0000000008001444                ulTaskNotifyTake
 .text.vTaskNotifyGiveFromISR
                0x00000000080014a8       0x9c rtos/tasks.o
                0x00000000080014a8                vTaskNotifyGiveFromISR
 .text.sv_call_handler
                0x0000000008001544        0x4 rtos/opencm3.o
                0x0000000008001544                sv_call_handler
 .text.pend_sv_handler
                0x0000000008001548        0x4 rtos/opencm3.o
                0x0000000008001548                pend_sv_handler
 .text.sys_tick_handler
                0x000000000800154c        0x4 rtos/opencm3.o
                0x000000000800154c                sys_tick_handler
 .text          0x0000000008001550       0xec /usr/lib/gcc/arm-none-eabi/7.3.1/../../../arm-none-eabi/lib/thumb/v7-m/libc.a(lib_a-memcpy.o)
                0x0000000008001550                memcpy
 .text.uart_common_isr
                0x000000000800163c       0x40 /home/mark1/Documents/stm32//rtos/libwwg/libwwg.a(uartlib.o)
 .text.usart1_isr
                0x000000000800167c        0x6 /home/mark1/Documents/stm32//rtos/libwwg/libwwg.a(uartlib.o)
                0x000000000800167c                usart1_isr
 .text.usart2_isr
                0x0000000008001682        0x6 /home/mark1/Documents/stm32//rtos/libwwg/libwwg.a(uartlib.o)
                0x0000000008001682                usart2_isr
 .text.usart3_isr
                0x0000000008001688        0x6 /home/mark1/Documents/stm32//rtos/libwwg/libwwg.a(uartlib.o)
                0x0000000008001688                usart3_isr
 *fill*         0x000000000800168e        0x2 
 .text.open_uart
                0x0000000008001690      0x14c /home/mark1/Documents/stm32//rtos/libwwg/libwwg.a(uartlib.o)
                0x0000000008001690                open_uart
 .text.putc_uart
                0x00000000080017dc       0x34 /home/mark1/Documents/stm32//rtos/libwwg/libwwg.a(uartlib.o)
                0x00000000080017dc                putc_uart
 .text.uart1_putc
                0x0000000008001810       0x1c /home/mark1/Documents/stm32//rtos/libwwg/libwwg.a(uartlib.o)
                0x0000000008001810                uart1_putc
 .text.uart2_putc
                0x000000000800182c       0x1c /home/mark1/Documents/stm32//rtos/libwwg/libwwg.a(uartlib.o)
                0x000000000800182c                uart2_putc
 .text.uart3_putc
                0x0000000008001848       0x1c /home/mark1/Documents/stm32//rtos/libwwg/libwwg.a(uartlib.o)
                0x0000000008001848                uart3_putc
 .text.write_uart
                0x0000000008001864       0x48 /home/mark1/Documents/stm32//rtos/libwwg/libwwg.a(uartlib.o)
                0x0000000008001864                write_uart
 .text.puts_uart
                0x00000000080018ac       0x40 /home/mark1/Documents/stm32//rtos/libwwg/libwwg.a(uartlib.o)
                0x00000000080018ac                puts_uart
 .text.getc_uart_nb
                0x00000000080018ec       0x30 /home/mark1/Documents/stm32//rtos/libwwg/libwwg.a(uartlib.o)
                0x00000000080018ec                getc_uart_nb
 .text.getc_uart
                0x000000000800191c       0x48 /home/mark1/Documents/stm32//rtos/libwwg/libwwg.a(uartlib.o)
                0x000000000800191c                getc_uart
 .text.uart1_getc
                0x0000000008001964        0xa /home/mark1/Documents/stm32//rtos/libwwg/libwwg.a(uartlib.o)
                0x0000000008001964                uart1_getc
 .text.uart2_getc
                0x000000000800196e        0xa /home/mark1/Documents/stm32//rtos/libwwg/libwwg.a(uartlib.o)
                0x000000000800196e                uart2_getc
 .text.uart3_getc
                0x0000000008001978        0xa /home/mark1/Documents/stm32//rtos/libwwg/libwwg.a(uartlib.o)
                0x0000000008001978                uart3_getc
 *fill*         0x0000000008001982        0x2 
 .text.getline_uart
                0x0000000008001984       0x20 /home/mark1/Documents/stm32//rtos/libwwg/libwwg.a(uartlib.o)
                0x0000000008001984                getline_uart
 .text.uart1_puts
                0x00000000080019a4        0x8 /home/mark1/Documents/stm32//rtos/libwwg/libwwg.a(uartlib.o)
                0x00000000080019a4                uart1_puts
 .text.uart1_vprintf
                0x00000000080019ac       0x10 /home/mark1/Documents/stm32//rtos/libwwg/libwwg.a(uartlib.o)
                0x00000000080019ac                uart1_vprintf
 .text.uart1_peek
                0x00000000080019bc        0x6 /home/mark1/Documents/stm32//rtos/libwwg/libwwg.a(uartlib.o)
                0x00000000080019bc                uart1_peek
 .text.uart1_gets
                0x00000000080019c2        0xa /home/mark1/Documents/stm32//rtos/libwwg/libwwg.a(uartlib.o)
                0x00000000080019c2                uart1_gets
 .text.uart1_write
                0x00000000080019cc        0xa /home/mark1/Documents/stm32//rtos/libwwg/libwwg.a(uartlib.o)
                0x00000000080019cc                uart1_write
 .text.uart1_getline
                0x00000000080019d6        0x4 /home/mark1/Documents/stm32//rtos/libwwg/libwwg.a(uartlib.o)
                0x00000000080019d6                uart1_getline
 .text.mini_write
                0x00000000080019da       0x16 /home/mark1/Documents/stm32//rtos/libwwg/libwwg.a(miniprintf.o)
 .text.mini_putc
                0x00000000080019f0       0x2a /home/mark1/Documents/stm32//rtos/libwwg/libwwg.a(miniprintf.o)
 .text.mini_pad
                0x0000000008001a1a       0x24 /home/mark1/Documents/stm32//rtos/libwwg/libwwg.a(miniprintf.o)
 *fill*         0x0000000008001a3e        0x2 
 .text.internal_vprintf
                0x0000000008001a40      0x1c8 /home/mark1/Documents/stm32//rtos/libwwg/libwwg.a(miniprintf.o)
 .text.mini_vprintf_cooked
                0x0000000008001c08       0x30 /home/mark1/Documents/stm32//rtos/libwwg/libwwg.a(miniprintf.o)
                0x0000000008001c08                mini_vprintf_cooked
 .text.std_printf
                0x0000000008001c38       0x24 /home/mark1/Documents/stm32//rtos/libwwg/libwwg.a(mcuio.o)
                0x0000000008001c38                std_printf
 .text.getline  0x0000000008001c5c      0x174 /home/mark1/Documents/stm32//rtos/libwwg/libwwg.a(getline.o)
                0x0000000008001c5c                getline
 .text.usb_putc
                0x0000000008001dd0       0x5c /home/mark1/Documents/stm32//rtos/libwwg/libwwg.a(usbcdc.o)
                0x0000000008001dd0                usb_putc
 .text.usb_getc
                0x0000000008001e2c       0x2c /home/mark1/Documents/stm32//rtos/libwwg/libwwg.a(usbcdc.o)
                0x0000000008001e2c                usb_getc
 .text.usb_puts
                0x0000000008001e58       0x12 /home/mark1/Documents/stm32//rtos/libwwg/libwwg.a(usbcdc.o)
                0x0000000008001e58                usb_puts
 *fill*         0x0000000008001e6a        0x2 
 .text.usb_vprintf
                0x0000000008001e6c       0x10 /home/mark1/Documents/stm32//rtos/libwwg/libwwg.a(usbcdc.o)
                0x0000000008001e6c                usb_vprintf
 .text.usb_write
                0x0000000008001e7c       0x24 /home/mark1/Documents/stm32//rtos/libwwg/libwwg.a(usbcdc.o)
                0x0000000008001e7c                usb_write
 .text.usb_peek
                0x0000000008001ea0       0x28 /home/mark1/Documents/stm32//rtos/libwwg/libwwg.a(usbcdc.o)
                0x0000000008001ea0                usb_peek
 .text.usb_gets
                0x0000000008001ec8       0x4e /home/mark1/Documents/stm32//rtos/libwwg/libwwg.a(usbcdc.o)
                0x0000000008001ec8                usb_gets
 *fill*         0x0000000008001f16        0x2 
 .text.usb_getline
                0x0000000008001f18       0x10 /home/mark1/Documents/stm32//rtos/libwwg/libwwg.a(usbcdc.o)
                0x0000000008001f18                usb_getline
 .text.exti_set_trigger
                0x0000000008001f28       0x3c /home/mark1/Documents/stm32/libopencm3/lib/libopencm3_stm32f1.a(exti_common_all.o)
                0x0000000008001f28                exti_set_trigger
 .text.exti_enable_request
                0x0000000008001f64       0x14 /home/mark1/Documents/stm32/libopencm3/lib/libopencm3_stm32f1.a(exti_common_all.o)
                0x0000000008001f64                exti_enable_request
 .text.exti_reset_request
                0x0000000008001f78        0xc /home/mark1/Documents/stm32/libopencm3/lib/libopencm3_stm32f1.a(exti_common_all.o)
                0x0000000008001f78                exti_reset_request
 .text.gpio_set_mode
                0x0000000008001f84       0x62 /home/mark1/Documents/stm32/libopencm3/lib/libopencm3_stm32f1.a(gpio.o)
                0x0000000008001f84                gpio_set_mode
 .text.gpio_clear
                0x0000000008001fe6        0x6 /home/mark1/Documents/stm32/libopencm3/lib/libopencm3_stm32f1.a(gpio_common_all.o)
                0x0000000008001fe6                gpio_clear
 .text.gpio_toggle
                0x0000000008001fec       0x12 /home/mark1/Documents/stm32/libopencm3/lib/libopencm3_stm32f1.a(gpio_common_all.o)
                0x0000000008001fec                gpio_toggle
 *fill*         0x0000000008001ffe        0x2 
 .text.rcc_osc_on.part.1
                0x0000000008002000       0x10 /home/mark1/Documents/stm32/libopencm3/lib/libopencm3_stm32f1.a(rcc.o)
 .text.rcc_is_osc_ready
                0x0000000008002010       0x5c /home/mark1/Documents/stm32/libopencm3/lib/libopencm3_stm32f1.a(rcc.o)
                0x0000000008002010                rcc_is_osc_ready
 .text.rcc_wait_for_osc_ready
                0x000000000800206c       0x10 /home/mark1/Documents/stm32/libopencm3/lib/libopencm3_stm32f1.a(rcc.o)
                0x000000000800206c                rcc_wait_for_osc_ready
 .text.rcc_osc_on
                0x000000000800207c       0x54 /home/mark1/Documents/stm32/libopencm3/lib/libopencm3_stm32f1.a(rcc.o)
                0x000000000800207c                rcc_osc_on
 .text.rcc_set_sysclk_source
                0x00000000080020d0       0x14 /home/mark1/Documents/stm32/libopencm3/lib/libopencm3_stm32f1.a(rcc.o)
                0x00000000080020d0                rcc_set_sysclk_source
 .text.rcc_set_pll_multiplication_factor
                0x00000000080020e4       0x14 /home/mark1/Documents/stm32/libopencm3/lib/libopencm3_stm32f1.a(rcc.o)
                0x00000000080020e4                rcc_set_pll_multiplication_factor
 .text.rcc_set_pll_source
                0x00000000080020f8       0x14 /home/mark1/Documents/stm32/libopencm3/lib/libopencm3_stm32f1.a(rcc.o)
                0x00000000080020f8                rcc_set_pll_source
 .text.rcc_set_pllxtpre
                0x000000000800210c       0x14 /home/mark1/Documents/stm32/libopencm3/lib/libopencm3_stm32f1.a(rcc.o)
                0x000000000800210c                rcc_set_pllxtpre
 .text.rcc_enable_rtc_clock
                0x0000000008002120       0x10 /home/mark1/Documents/stm32/libopencm3/lib/libopencm3_stm32f1.a(rcc.o)
                0x0000000008002120                rcc_enable_rtc_clock
 .text.rcc_set_rtc_clock_source
                0x0000000008002130       0x90 /home/mark1/Documents/stm32/libopencm3/lib/libopencm3_stm32f1.a(rcc.o)
                0x0000000008002130                rcc_set_rtc_clock_source
 .text.rcc_set_adcpre
                0x00000000080021c0       0x14 /home/mark1/Documents/stm32/libopencm3/lib/libopencm3_stm32f1.a(rcc.o)
                0x00000000080021c0                rcc_set_adcpre
 .text.rcc_set_ppre2
                0x00000000080021d4       0x14 /home/mark1/Documents/stm32/libopencm3/lib/libopencm3_stm32f1.a(rcc.o)
                0x00000000080021d4                rcc_set_ppre2
 .text.rcc_set_ppre1
                0x00000000080021e8       0x14 /home/mark1/Documents/stm32/libopencm3/lib/libopencm3_stm32f1.a(rcc.o)
                0x00000000080021e8                rcc_set_ppre1
 .text.rcc_set_hpre
                0x00000000080021fc       0x14 /home/mark1/Documents/stm32/libopencm3/lib/libopencm3_stm32f1.a(rcc.o)
                0x00000000080021fc                rcc_set_hpre
 .text.rcc_clock_setup_in_hse_8mhz_out_72mhz
                0x0000000008002210       0x8c /home/mark1/Documents/stm32/libopencm3/lib/libopencm3_stm32f1.a(rcc.o)
                0x0000000008002210                rcc_clock_setup_in_hse_8mhz_out_72mhz
 .text.rcc_periph_clock_enable
                0x000000000800229c       0x1a /home/mark1/Documents/stm32/libopencm3/lib/libopencm3_stm32f1.a(rcc_common_all.o)
                0x000000000800229c                rcc_periph_clock_enable
 *fill*         0x00000000080022b6        0x2 
 .text.rtc_enter_config_mode
                0x00000000080022b8       0x18 /home/mark1/Documents/stm32/libopencm3/lib/libopencm3_stm32f1.a(rtc.o)
                0x00000000080022b8                rtc_enter_config_mode
 .text.rtc_exit_config_mode
                0x00000000080022d0       0x18 /home/mark1/Documents/stm32/libopencm3/lib/libopencm3_stm32f1.a(rtc.o)
                0x00000000080022d0                rtc_exit_config_mode
 .text.rtc_awake_from_off
                0x00000000080022e8       0x68 /home/mark1/Documents/stm32/libopencm3/lib/libopencm3_stm32f1.a(rtc.o)
                0x00000000080022e8                rtc_awake_from_off
 .text.rtc_set_alarm_time
                0x0000000008002350       0x20 /home/mark1/Documents/stm32/libopencm3/lib/libopencm3_stm32f1.a(rtc.o)
                0x0000000008002350                rtc_set_alarm_time
 .text.rtc_enable_alarm
                0x0000000008002370       0x1c /home/mark1/Documents/stm32/libopencm3/lib/libopencm3_stm32f1.a(rtc.o)
                0x0000000008002370                rtc_enable_alarm
 .text.rtc_disable_alarm
                0x000000000800238c       0x1c /home/mark1/Documents/stm32/libopencm3/lib/libopencm3_stm32f1.a(rtc.o)
                0x000000000800238c                rtc_disable_alarm
 .text.rtc_set_prescale_val
                0x00000000080023a8       0x20 /home/mark1/Documents/stm32/libopencm3/lib/libopencm3_stm32f1.a(rtc.o)
                0x00000000080023a8                rtc_set_prescale_val
 .text.rtc_get_counter_val
                0x00000000080023c8       0x14 /home/mark1/Documents/stm32/libopencm3/lib/libopencm3_stm32f1.a(rtc.o)
                0x00000000080023c8                rtc_get_counter_val
 .text.rtc_set_counter_val
                0x00000000080023dc       0x1c /home/mark1/Documents/stm32/libopencm3/lib/libopencm3_stm32f1.a(rtc.o)
                0x00000000080023dc                rtc_set_counter_val
 .text.rtc_interrupt_enable
                0x00000000080023f8       0x3c /home/mark1/Documents/stm32/libopencm3/lib/libopencm3_stm32f1.a(rtc.o)
                0x00000000080023f8                rtc_interrupt_enable
 .text.rtc_interrupt_disable
                0x0000000008002434       0x3c /home/mark1/Documents/stm32/libopencm3/lib/libopencm3_stm32f1.a(rtc.o)
                0x0000000008002434                rtc_interrupt_disable
 .text.rtc_clear_flag
                0x0000000008002470       0x30 /home/mark1/Documents/stm32/libopencm3/lib/libopencm3_stm32f1.a(rtc.o)
                0x0000000008002470                rtc_clear_flag
 .text.rtc_check_flag
                0x00000000080024a0       0x30 /home/mark1/Documents/stm32/libopencm3/lib/libopencm3_stm32f1.a(rtc.o)
                0x00000000080024a0                rtc_check_flag
 .text.usart_set_baudrate
                0x00000000080024d0       0x28 /home/mark1/Documents/stm32/libopencm3/lib/libopencm3_stm32f1.a(usart_common_all.o)
                0x00000000080024d0                usart_set_baudrate
 .text.usart_set_databits
                0x00000000080024f8       0x12 /home/mark1/Documents/stm32/libopencm3/lib/libopencm3_stm32f1.a(usart_common_all.o)
                0x00000000080024f8                usart_set_databits
 .text.usart_set_stopbits
                0x000000000800250a        0xc /home/mark1/Documents/stm32/libopencm3/lib/libopencm3_stm32f1.a(usart_common_all.o)
                0x000000000800250a                usart_set_stopbits
 .text.usart_set_parity
                0x0000000008002516        0xc /home/mark1/Documents/stm32/libopencm3/lib/libopencm3_stm32f1.a(usart_common_all.o)
                0x0000000008002516                usart_set_parity
 .text.usart_set_mode
                0x0000000008002522        0xc /home/mark1/Documents/stm32/libopencm3/lib/libopencm3_stm32f1.a(usart_common_all.o)
                0x0000000008002522                usart_set_mode
 .text.usart_set_flow_control
                0x000000000800252e        0xc /home/mark1/Documents/stm32/libopencm3/lib/libopencm3_stm32f1.a(usart_common_all.o)
                0x000000000800252e                usart_set_flow_control
 .text.usart_enable
                0x000000000800253a        0xa /home/mark1/Documents/stm32/libopencm3/lib/libopencm3_stm32f1.a(usart_common_all.o)
                0x000000000800253a                usart_enable
 .text.usart_send_blocking
                0x0000000008002544       0x16 /home/mark1/Documents/stm32/libopencm3/lib/libopencm3_stm32f1.a(usart_common_all.o)
                0x0000000008002544                usart_send_blocking
 .text.usart_enable_rx_interrupt
                0x000000000800255a        0xa /home/mark1/Documents/stm32/libopencm3/lib/libopencm3_stm32f1.a(usart_common_all.o)
                0x000000000800255a                usart_enable_rx_interrupt
 .text.usart_disable_rx_interrupt
                0x0000000008002564        0xa /home/mark1/Documents/stm32/libopencm3/lib/libopencm3_stm32f1.a(usart_common_all.o)
                0x0000000008002564                usart_disable_rx_interrupt
 .text.usart_send
                0x000000000800256e        0x8 /home/mark1/Documents/stm32/libopencm3/lib/libopencm3_stm32f1.a(usart_common_f124.o)
                0x000000000800256e                usart_send
 .text.usart_wait_send_ready
                0x0000000008002576        0x8 /home/mark1/Documents/stm32/libopencm3/lib/libopencm3_stm32f1.a(usart_common_f124.o)
                0x0000000008002576                usart_wait_send_ready
 .text.blocking_handler
                0x000000000800257e        0x2 /home/mark1/Documents/stm32/libopencm3/lib/libopencm3_stm32f1.a(vector.o)
                0x000000000800257e                tim7_isr
                0x000000000800257e                adc1_2_isr
                0x000000000800257e                tim1_trg_com_isr
                0x000000000800257e                usb_hp_can_tx_isr
                0x000000000800257e                tim6_isr
                0x000000000800257e                usb_wakeup_isr
                0x000000000800257e                blocking_handler
                0x000000000800257e                tim5_isr
                0x000000000800257e                otg_fs_isr
                0x000000000800257e                spi1_isr
                0x000000000800257e                exti2_isr
                0x000000000800257e                dma1_channel6_isr
                0x000000000800257e                can_rx1_isr
                0x000000000800257e                dma1_channel5_isr
                0x000000000800257e                dma2_channel5_isr
                0x000000000800257e                usage_fault_handler
                0x000000000800257e                tim8_trg_com_isr
                0x000000000800257e                can2_rx0_isr
                0x000000000800257e                tim1_brk_isr
                0x000000000800257e                can2_rx1_isr
                0x000000000800257e                tim1_cc_isr
                0x000000000800257e                sdio_isr
                0x000000000800257e                eth_isr
                0x000000000800257e                dma1_channel4_isr
                0x000000000800257e                tim8_brk_isr
                0x000000000800257e                dma2_channel4_5_isr
                0x000000000800257e                pvd_isr
                0x000000000800257e                rcc_isr
                0x000000000800257e                flash_isr
                0x000000000800257e                uart4_isr
                0x000000000800257e                exti15_10_isr
                0x000000000800257e                hard_fault_handler
                0x000000000800257e                exti1_isr
                0x000000000800257e                i2c1_ev_isr
                0x000000000800257e                dma2_channel1_isr
                0x000000000800257e                spi2_isr
                0x000000000800257e                tim8_up_isr
                0x000000000800257e                dma2_channel2_isr
                0x000000000800257e                exti3_isr
                0x000000000800257e                adc3_isr
                0x000000000800257e                tim3_isr
                0x000000000800257e                usb_lp_can_rx0_isr
                0x000000000800257e                i2c2_er_isr
                0x000000000800257e                i2c2_ev_isr
                0x000000000800257e                uart5_isr
                0x000000000800257e                fsmc_isr
                0x000000000800257e                dma1_channel1_isr
                0x000000000800257e                exti4_isr
                0x000000000800257e                mem_manage_handler
                0x000000000800257e                can2_tx_isr
                0x000000000800257e                exti9_5_isr
                0x000000000800257e                dma2_channel3_isr
                0x000000000800257e                dma1_channel7_isr
                0x000000000800257e                tim1_up_isr
                0x000000000800257e                can2_sce_isr
                0x000000000800257e                tim4_isr
                0x000000000800257e                dma1_channel2_isr
                0x000000000800257e                i2c1_er_isr
                0x000000000800257e                can_sce_isr
                0x000000000800257e                tim8_cc_isr
                0x000000000800257e                tamper_isr
                0x000000000800257e                eth_wkup_isr
                0x000000000800257e                bus_fault_handler
                0x000000000800257e                wwdg_isr
                0x000000000800257e                dma1_channel3_isr
                0x000000000800257e                spi3_isr
                0x000000000800257e                tim2_isr
                0x000000000800257e                exti0_isr
 .text.null_handler
                0x0000000008002580        0x2 /home/mark1/Documents/stm32/libopencm3/lib/libopencm3_stm32f1.a(vector.o)
                0x0000000008002580                null_handler
                0x0000000008002580                debug_monitor_handler
                0x0000000008002580                nmi_handler
 *fill*         0x0000000008002582        0x2 
 .text.reset_handler
                0x0000000008002584       0x94 /home/mark1/Documents/stm32/libopencm3/lib/libopencm3_stm32f1.a(vector.o)
                0x0000000008002584                reset_handler
 .text.nvic_enable_irq
                0x0000000008002618       0x1a /home/mark1/Documents/stm32/libopencm3/lib/libopencm3_stm32f1.a(nvic.o)
                0x0000000008002618                nvic_enable_irq
 *fill*         0x0000000008002632        0x2 
 .text.flash_set_ws
                0x0000000008002634       0x14 /home/mark1/Documents/stm32/libopencm3/lib/libopencm3_stm32f1.a(flash_common_all.o)
                0x0000000008002634                flash_set_ws
 .text.pwr_disable_backup_domain_write_protect
                0x0000000008002648       0x10 /home/mark1/Documents/stm32/libopencm3/lib/libopencm3_stm32f1.a(pwr_common_v1.o)
                0x0000000008002648                pwr_disable_backup_domain_write_protect
 .text          0x0000000008002658       0x20 /usr/lib/gcc/arm-none-eabi/7.3.1/../../../arm-none-eabi/lib/thumb/v7-m/libc.a(lib_a-malloc.o)
                0x0000000008002658                malloc
                0x0000000008002668                free
 .text          0x0000000008002678      0x548 /usr/lib/gcc/arm-none-eabi/7.3.1/../../../arm-none-eabi/lib/thumb/v7-m/libc.a(lib_a-mallocr.o)
                0x0000000008002678                _malloc_r
 .text          0x0000000008002bc0       0xc4 /usr/lib/gcc/arm-none-eabi/7.3.1/../../../arm-none-eabi/lib/thumb/v7-m/libc.a(lib_a-memmove.o)
                0x0000000008002bc0                memmove
 .text          0x0000000008002c84        0x8 /usr/lib/gcc/arm-none-eabi/7.3.1/../../../arm-none-eabi/lib/thumb/v7-m/libc.a(lib_a-mlock.o)
                0x0000000008002c84                __malloc_lock
                0x0000000008002c88                __malloc_unlock
 .text          0x0000000008002c8c       0x24 /usr/lib/gcc/arm-none-eabi/7.3.1/../../../arm-none-eabi/lib/thumb/v7-m/libc.a(lib_a-sbrkr.o)
                0x0000000008002c8c                _sbrk_r
 .text          0x0000000008002cb0       0x5c /usr/lib/gcc/arm-none-eabi/7.3.1/../../../arm-none-eabi/lib/thumb/v7-m/libc.a(lib_a-strlen-stub.o)
                0x0000000008002cb0                strlen
 .text          0x0000000008002d0c      0x288 /usr/lib/gcc/arm-none-eabi/7.3.1/../../../arm-none-eabi/lib/thumb/v7-m/libc.a(lib_a-freer.o)
                0x0000000008002d0c                _malloc_trim_r
                0x0000000008002dac                _free_r
 .text          0x0000000008002f94       0x1c /usr/lib/gcc/arm-none-eabi/7.3.1/../../../arm-none-eabi/lib/thumb/v7-m/libnosys.a(sbrk.o)
                0x0000000008002f94                _sbrk
                0x0000000008002fb0                . = ALIGN (0x4)
 *(.rodata*)
 .rodata.main.str1.1
                0x0000000008002fb0       0x19 main.o
 .rodata.task1.str1.1
                0x0000000008002fc9       0x92 main.o
 .rodata.task2.str1.1
                0x000000000800305b       0x48 main.o
 .rodata.task3.str1.1
                0x00000000080030a3       0x2a main.o
 .rodata.vTaskStartScheduler.str1.1
                0x00000000080030cd        0x5 rtos/tasks.o
 *fill*         0x00000000080030d2        0x2 
 .rodata.uarts  0x00000000080030d4       0x3c /home/mark1/Documents/stm32//rtos/libwwg/libwwg.a(uartlib.o)
 .rodata.internal_vprintf.str1.1
                0x0000000008003110        0x3 /home/mark1/Documents/stm32//rtos/libwwg/libwwg.a(miniprintf.o)
 *fill*         0x0000000008003113        0x1 
 .rodata.dev_uart1
                0x0000000008003114       0x20 /home/mark1/Documents/stm32//rtos/libwwg/libwwg.a(mcuio.o)
 .rodata.dev_usb
                0x0000000008003134       0x20 /home/mark1/Documents/stm32//rtos/libwwg/libwwg.a(mcuio.o)
 .rodata.cr.5600
                0x0000000008003154        0x1 /home/mark1/Documents/stm32//rtos/libwwg/libwwg.a(usbcdc.o)
                0x0000000008003158                . = ALIGN (0x4)
 *fill*         0x0000000008003155        0x3 

.glue_7         0x0000000008003158        0x0
 .glue_7        0x0000000008003158        0x0 linker stubs

.glue_7t        0x0000000008003158        0x0
 .glue_7t       0x0000000008003158        0x0 linker stubs

.vfp11_veneer   0x0000000008003158        0x0
 .vfp11_veneer  0x0000000008003158        0x0 linker stubs

.v4_bx          0x0000000008003158        0x0
 .v4_bx         0x0000000008003158        0x0 linker stubs

.iplt           0x0000000008003158        0x0
 .iplt          0x0000000008003158        0x0 main.o

.rel.dyn        0x0000000008003158        0x0
 .rel.iplt      0x0000000008003158        0x0 main.o

.preinit_array  0x0000000008003158        0x0
                0x0000000008003158                . = ALIGN (0x4)
                0x0000000008003158                __preinit_array_start = .
 *(.preinit_array)
                0x0000000008003158                __preinit_array_end = .

.init_array     0x0000000008003158        0x0
                0x0000000008003158                . = ALIGN (0x4)
                0x0000000008003158                __init_array_start = .
 *(SORT_BY_NAME(.init_array.*))
 *(.init_array)
                0x0000000008003158                __init_array_end = .

.fini_array     0x0000000008003158        0x0
                0x0000000008003158                . = ALIGN (0x4)
                0x0000000008003158                __fini_array_start = .
 *(.fini_array)
 *(SORT_BY_NAME(.fini_array.*))
                0x0000000008003158                __fini_array_end = .

.ARM.extab
 *(.ARM.extab*)

.ARM.exidx      0x0000000008003158        0x0
                0x0000000008003158                __exidx_start = .
 *(.ARM.exidx*)
                0x0000000008003158                __exidx_end = .
                0x0000000008003158                . = ALIGN (0x4)
                0x0000000008003158                _etext = .

.data           0x0000000020000000      0x858 load address 0x0000000008003158
                0x0000000020000000                _data = .
 *(.data*)
 .data.uxCriticalNesting
                0x0000000020000000        0x4 rtos/port.o
 .data.mcu_stdio
                0x0000000020000004        0x4 /home/mark1/Documents/stm32//rtos/libwwg/libwwg.a(mcuio.o)
                0x0000000020000004                mcu_stdio
 .data.mcu_uart1
                0x0000000020000008        0x4 /home/mark1/Documents/stm32//rtos/libwwg/libwwg.a(mcuio.o)
                0x0000000020000008                mcu_uart1
 .data.rcc_ahb_frequency
                0x000000002000000c        0x4 /home/mark1/Documents/stm32/libopencm3/lib/libopencm3_stm32f1.a(rcc.o)
                0x000000002000000c                rcc_ahb_frequency
 .data.rcc_apb1_frequency
                0x0000000020000010        0x4 /home/mark1/Documents/stm32/libopencm3/lib/libopencm3_stm32f1.a(rcc.o)
                0x0000000020000010                rcc_apb1_frequency
 .data.rcc_apb2_frequency
                0x0000000020000014        0x4 /home/mark1/Documents/stm32/libopencm3/lib/libopencm3_stm32f1.a(rcc.o)
                0x0000000020000014                rcc_apb2_frequency
 .data          0x0000000020000018      0x410 /usr/lib/gcc/arm-none-eabi/7.3.1/../../../arm-none-eabi/lib/thumb/v7-m/libc.a(lib_a-mallocr.o)
                0x0000000020000018                __malloc_av_
                0x0000000020000420                __malloc_sbrk_base
                0x0000000020000424                __malloc_trim_threshold
 .data          0x0000000020000428      0x430 /usr/lib/gcc/arm-none-eabi/7.3.1/../../../arm-none-eabi/lib/thumb/v7-m/libc.a(lib_a-impure.o)
                0x0000000020000428                _impure_ptr
                0x0000000020000858                . = ALIGN (0x4)
                0x0000000020000858                _edata = .
                0x0000000008003158                _data_loadaddr = LOADADDR (.data)

.igot.plt       0x0000000020000858        0x0 load address 0x00000000080039b0
 .igot.plt      0x0000000020000858        0x0 main.o

.bss            0x0000000020000858     0x4584 load address 0x00000000080039b0
 *(.bss*)
 .bss.alarm     0x0000000020000858        0x4 main.o
 .bss.days      0x000000002000085c        0x4 main.o
 .bss.h_mutex   0x0000000020000860        0x4 main.o
 .bss.h_task2   0x0000000020000864        0x4 main.o
 .bss.h_task3   0x0000000020000868        0x4 main.o
 .bss.hours     0x000000002000086c        0x4 main.o
 .bss.minutes   0x0000000020000870        0x4 main.o
 .bss.rtc_alarm_count
                0x0000000020000874        0x4 main.o
 .bss.rtc_isr_count
                0x0000000020000878        0x4 main.o
 .bss.rtc_overflow_count
                0x000000002000087c        0x4 main.o
 .bss.seconds   0x0000000020000880        0x4 main.o
 .bss.pxEnd     0x0000000020000884        0x4 rtos/heap_4.o
 .bss.ucHeap    0x0000000020000888     0x4400 rtos/heap_4.o
 .bss.xBlockAllocatedBit
                0x0000000020004c88        0x4 rtos/heap_4.o
 .bss.xFreeBytesRemaining
                0x0000000020004c8c        0x4 rtos/heap_4.o
 .bss.xMinimumEverFreeBytesRemaining
                0x0000000020004c90        0x4 rtos/heap_4.o
 .bss.xStart    0x0000000020004c94        0x8 rtos/heap_4.o
 .bss.pxCurrentTCB
                0x0000000020004c9c        0x4 rtos/tasks.o
                0x0000000020004c9c                pxCurrentTCB
 .bss.pxDelayedTaskList
                0x0000000020004ca0        0x4 rtos/tasks.o
 .bss.pxOverflowDelayedTaskList
                0x0000000020004ca4        0x4 rtos/tasks.o
 .bss.pxReadyTasksLists
                0x0000000020004ca8       0x64 rtos/tasks.o
 .bss.uxCurrentNumberOfTasks
                0x0000000020004d0c        0x4 rtos/tasks.o
 .bss.uxPendedTicks
                0x0000000020004d10        0x4 rtos/tasks.o
 .bss.uxSchedulerSuspended
                0x0000000020004d14        0x4 rtos/tasks.o
 .bss.uxTaskNumber
                0x0000000020004d18        0x4 rtos/tasks.o
 .bss.uxTopReadyPriority
                0x0000000020004d1c        0x4 rtos/tasks.o
 .bss.xDelayedTaskList1
                0x0000000020004d20       0x14 rtos/tasks.o
 .bss.xDelayedTaskList2
                0x0000000020004d34       0x14 rtos/tasks.o
 .bss.xIdleTaskHandle
                0x0000000020004d48        0x4 rtos/tasks.o
 .bss.xNextTaskUnblockTime
                0x0000000020004d4c        0x4 rtos/tasks.o
 .bss.xNumOfOverflows
                0x0000000020004d50        0x4 rtos/tasks.o
 .bss.xPendingReadyList
                0x0000000020004d54       0x14 rtos/tasks.o
 .bss.xSchedulerRunning
                0x0000000020004d68        0x4 rtos/tasks.o
 .bss.xSuspendedTaskList
                0x0000000020004d6c       0x14 rtos/tasks.o
 .bss.xTickCount
                0x0000000020004d80        0x4 rtos/tasks.o
 .bss.xYieldPending
                0x0000000020004d84        0x4 rtos/tasks.o
 .bss.uart_data
                0x0000000020004d88        0xc /home/mark1/Documents/stm32//rtos/libwwg/libwwg.a(uartlib.o)
 .bss.initialized
                0x0000000020004d94        0x1 /home/mark1/Documents/stm32//rtos/libwwg/libwwg.a(usbcdc.o)
 *fill*         0x0000000020004d95        0x3 
 .bss.usb_rxq   0x0000000020004d98        0x4 /home/mark1/Documents/stm32//rtos/libwwg/libwwg.a(usbcdc.o)
 .bss.usb_txq   0x0000000020004d9c        0x4 /home/mark1/Documents/stm32//rtos/libwwg/libwwg.a(usbcdc.o)
 .bss           0x0000000020004da0       0x34 /usr/lib/gcc/arm-none-eabi/7.3.1/../../../arm-none-eabi/lib/thumb/v7-m/libc.a(lib_a-mallocr.o)
                0x0000000020004da0                __malloc_top_pad
                0x0000000020004da4                __malloc_current_mallinfo
                0x0000000020004dcc                __malloc_max_sbrked_mem
                0x0000000020004dd0                __malloc_max_total_mem
 .bss           0x0000000020004dd4        0x4 /usr/lib/gcc/arm-none-eabi/7.3.1/../../../arm-none-eabi/lib/thumb/v7-m/libnosys.a(sbrk.o)
 *(COMMON)
 COMMON         0x0000000020004dd8        0x4 /usr/lib/gcc/arm-none-eabi/7.3.1/../../../arm-none-eabi/lib/thumb/v7-m/libc.a(lib_a-reent.o)
                0x0000000020004dd8                errno
                0x0000000020004ddc                . = ALIGN (0x4)
                0x0000000020004ddc                _ebss = .

/DISCARD/
 *(.eh_frame)
                0x0000000020004ddc                . = ALIGN (0x4)
                0x0000000020004ddc                end = .
                0x0000000020005000                PROVIDE (_stack = (ORIGIN (ram) + LENGTH (ram)))
OUTPUT(main.elf elf32-littlearm)

.debug_info     0x0000000000000000    0x15d88
 .debug_info    0x0000000000000000     0x17f8 main.o
 .debug_info    0x00000000000017f8      0xbc9 rtos/heap_4.o
 .debug_info    0x00000000000023c1      0xaa1 rtos/list.o
 .debug_info    0x0000000000002e62      0x2fb rtos/port.o
 .debug_info    0x000000000000315d     0x1a55 rtos/queue.o
 .debug_info    0x0000000000004bb2     0x2470 rtos/tasks.o
 .debug_info    0x0000000000007022      0x12b rtos/opencm3.o
 .debug_info    0x000000000000714d       0x26 /usr/lib/gcc/arm-none-eabi/7.3.1/../../../arm-none-eabi/lib/thumb/v7-m/libc.a(lib_a-memcpy.o)
 .debug_info    0x0000000000007173     0x19e2 /home/mark1/Documents/stm32//rtos/libwwg/libwwg.a(uartlib.o)
 .debug_info    0x0000000000008b55     0x101e /home/mark1/Documents/stm32//rtos/libwwg/libwwg.a(miniprintf.o)
 .debug_info    0x0000000000009b73      0xb5d /home/mark1/Documents/stm32//rtos/libwwg/libwwg.a(mcuio.o)
 .debug_info    0x000000000000a6d0      0xa96 /home/mark1/Documents/stm32//rtos/libwwg/libwwg.a(getline.o)
 .debug_info    0x000000000000b166     0x19c9 /home/mark1/Documents/stm32//rtos/libwwg/libwwg.a(usbcdc.o)
 .debug_info    0x000000000000cb2f      0x205 /home/mark1/Documents/stm32/libopencm3/lib/libopencm3_stm32f1.a(exti_common_all.o)
 .debug_info    0x000000000000cd34      0x1db /home/mark1/Documents/stm32/libopencm3/lib/libopencm3_stm32f1.a(gpio.o)
 .debug_info    0x000000000000cf0f      0x22c /home/mark1/Documents/stm32/libopencm3/lib/libopencm3_stm32f1.a(gpio_common_all.o)
 .debug_info    0x000000000000d13b     0x1160 /home/mark1/Documents/stm32/libopencm3/lib/libopencm3_stm32f1.a(rcc.o)
 .debug_info    0x000000000000e29b      0x5f5 /home/mark1/Documents/stm32/libopencm3/lib/libopencm3_stm32f1.a(rcc_common_all.o)
 .debug_info    0x000000000000e890      0x6d9 /home/mark1/Documents/stm32/libopencm3/lib/libopencm3_stm32f1.a(rtc.o)
 .debug_info    0x000000000000ef69      0x4c0 /home/mark1/Documents/stm32/libopencm3/lib/libopencm3_stm32f1.a(usart_common_all.o)
 .debug_info    0x000000000000f429      0x19a /home/mark1/Documents/stm32/libopencm3/lib/libopencm3_stm32f1.a(usart_common_f124.o)
 .debug_info    0x000000000000f5c3      0x2a8 /home/mark1/Documents/stm32/libopencm3/lib/libopencm3_stm32f1.a(vector.o)
 .debug_info    0x000000000000f86b      0x214 /home/mark1/Documents/stm32/libopencm3/lib/libopencm3_stm32f1.a(nvic.o)
 .debug_info    0x000000000000fa7f       0xec /home/mark1/Documents/stm32/libopencm3/lib/libopencm3_stm32f1.a(flash_common_all.o)
 .debug_info    0x000000000000fb6b      0x1ac /home/mark1/Documents/stm32/libopencm3/lib/libopencm3_stm32f1.a(pwr_common_v1.o)
 .debug_info    0x000000000000fd17      0x926 /usr/lib/gcc/arm-none-eabi/7.3.1/../../../arm-none-eabi/lib/thumb/v7-m/libc.a(lib_a-malloc.o)
 .debug_info    0x000000000001063d      0xdfd /usr/lib/gcc/arm-none-eabi/7.3.1/../../../arm-none-eabi/lib/thumb/v7-m/libc.a(lib_a-mallocr.o)
 .debug_info    0x000000000001143a      0xe31 /usr/lib/gcc/arm-none-eabi/7.3.1/../../../arm-none-eabi/lib/thumb/v7-m/libc.a(lib_a-memmove.o)
 .debug_info    0x000000000001226b      0x8dc /usr/lib/gcc/arm-none-eabi/7.3.1/../../../arm-none-eabi/lib/thumb/v7-m/libc.a(lib_a-mlock.o)
 .debug_info    0x0000000000012b47      0x95f /usr/lib/gcc/arm-none-eabi/7.3.1/../../../arm-none-eabi/lib/thumb/v7-m/libc.a(lib_a-sbrkr.o)
 .debug_info    0x00000000000134a6      0x8ba /usr/lib/gcc/arm-none-eabi/7.3.1/../../../arm-none-eabi/lib/thumb/v7-m/libc.a(lib_a-strlen-stub.o)
 .debug_info    0x0000000000013d60      0xcc2 /usr/lib/gcc/arm-none-eabi/7.3.1/../../../arm-none-eabi/lib/thumb/v7-m/libc.a(lib_a-freer.o)
 .debug_info    0x0000000000014a22      0x8a9 /usr/lib/gcc/arm-none-eabi/7.3.1/../../../arm-none-eabi/lib/thumb/v7-m/libc.a(lib_a-impure.o)
 .debug_info    0x00000000000152cb      0xa2d /usr/lib/gcc/arm-none-eabi/7.3.1/../../../arm-none-eabi/lib/thumb/v7-m/libc.a(lib_a-reent.o)
 .debug_info    0x0000000000015cf8       0x90 /usr/lib/gcc/arm-none-eabi/7.3.1/../../../arm-none-eabi/lib/thumb/v7-m/libnosys.a(sbrk.o)

.debug_abbrev   0x0000000000000000     0x43aa
 .debug_abbrev  0x0000000000000000      0x3ea main.o
 .debug_abbrev  0x00000000000003ea      0x303 rtos/heap_4.o
 .debug_abbrev  0x00000000000006ed      0x208 rtos/list.o
 .debug_abbrev  0x00000000000008f5      0x1d4 rtos/port.o
 .debug_abbrev  0x0000000000000ac9      0x36f rtos/queue.o
 .debug_abbrev  0x0000000000000e38      0x487 rtos/tasks.o
 .debug_abbrev  0x00000000000012bf       0x81 rtos/opencm3.o
 .debug_abbrev  0x0000000000001340       0x14 /usr/lib/gcc/arm-none-eabi/7.3.1/../../../arm-none-eabi/lib/thumb/v7-m/libc.a(lib_a-memcpy.o)
 .debug_abbrev  0x0000000000001354      0x3fb /home/mark1/Documents/stm32//rtos/libwwg/libwwg.a(uartlib.o)
 .debug_abbrev  0x000000000000174f      0x3d6 /home/mark1/Documents/stm32//rtos/libwwg/libwwg.a(miniprintf.o)
 .debug_abbrev  0x0000000000001b25      0x23e /home/mark1/Documents/stm32//rtos/libwwg/libwwg.a(mcuio.o)
 .debug_abbrev  0x0000000000001d63      0x23d /home/mark1/Documents/stm32//rtos/libwwg/libwwg.a(getline.o)
 .debug_abbrev  0x0000000000001fa0      0x3e8 /home/mark1/Documents/stm32//rtos/libwwg/libwwg.a(usbcdc.o)
 .debug_abbrev  0x0000000000002388       0xe7 /home/mark1/Documents/stm32/libopencm3/lib/libopencm3_stm32f1.a(exti_common_all.o)
 .debug_abbrev  0x000000000000246f       0xb7 /home/mark1/Documents/stm32/libopencm3/lib/libopencm3_stm32f1.a(gpio.o)
 .debug_abbrev  0x0000000000002526       0xf4 /home/mark1/Documents/stm32/libopencm3/lib/libopencm3_stm32f1.a(gpio_common_all.o)
 .debug_abbrev  0x000000000000261a      0x285 /home/mark1/Documents/stm32/libopencm3/lib/libopencm3_stm32f1.a(rcc.o)
 .debug_abbrev  0x000000000000289f      0x139 /home/mark1/Documents/stm32/libopencm3/lib/libopencm3_stm32f1.a(rcc_common_all.o)
 .debug_abbrev  0x00000000000029d8      0x198 /home/mark1/Documents/stm32/libopencm3/lib/libopencm3_stm32f1.a(rtc.o)
 .debug_abbrev  0x0000000000002b70      0x10f /home/mark1/Documents/stm32/libopencm3/lib/libopencm3_stm32f1.a(usart_common_all.o)
 .debug_abbrev  0x0000000000002c7f       0xb7 /home/mark1/Documents/stm32/libopencm3/lib/libopencm3_stm32f1.a(usart_common_f124.o)
 .debug_abbrev  0x0000000000002d36      0x127 /home/mark1/Documents/stm32/libopencm3/lib/libopencm3_stm32f1.a(vector.o)
 .debug_abbrev  0x0000000000002e5d       0xa6 /home/mark1/Documents/stm32/libopencm3/lib/libopencm3_stm32f1.a(nvic.o)
 .debug_abbrev  0x0000000000002f03       0x8a /home/mark1/Documents/stm32/libopencm3/lib/libopencm3_stm32f1.a(flash_common_all.o)
 .debug_abbrev  0x0000000000002f8d       0x95 /home/mark1/Documents/stm32/libopencm3/lib/libopencm3_stm32f1.a(pwr_common_v1.o)
 .debug_abbrev  0x0000000000003022      0x1ff /usr/lib/gcc/arm-none-eabi/7.3.1/../../../arm-none-eabi/lib/thumb/v7-m/libc.a(lib_a-malloc.o)
 .debug_abbrev  0x0000000000003221      0x2cd /usr/lib/gcc/arm-none-eabi/7.3.1/../../../arm-none-eabi/lib/thumb/v7-m/libc.a(lib_a-mallocr.o)
 .debug_abbrev  0x00000000000034ee      0x1e3 /usr/lib/gcc/arm-none-eabi/7.3.1/../../../arm-none-eabi/lib/thumb/v7-m/libc.a(lib_a-memmove.o)
 .debug_abbrev  0x00000000000036d1      0x1d7 /usr/lib/gcc/arm-none-eabi/7.3.1/../../../arm-none-eabi/lib/thumb/v7-m/libc.a(lib_a-mlock.o)
 .debug_abbrev  0x00000000000038a8      0x215 /usr/lib/gcc/arm-none-eabi/7.3.1/../../../arm-none-eabi/lib/thumb/v7-m/libc.a(lib_a-sbrkr.o)
 .debug_abbrev  0x0000000000003abd      0x1a7 /usr/lib/gcc/arm-none-eabi/7.3.1/../../../arm-none-eabi/lib/thumb/v7-m/libc.a(lib_a-strlen-stub.o)
 .debug_abbrev  0x0000000000003c64      0x291 /usr/lib/gcc/arm-none-eabi/7.3.1/../../../arm-none-eabi/lib/thumb/v7-m/libc.a(lib_a-freer.o)
 .debug_abbrev  0x0000000000003ef5      0x192 /usr/lib/gcc/arm-none-eabi/7.3.1/../../../arm-none-eabi/lib/thumb/v7-m/libc.a(lib_a-impure.o)
 .debug_abbrev  0x0000000000004087      0x291 /usr/lib/gcc/arm-none-eabi/7.3.1/../../../arm-none-eabi/lib/thumb/v7-m/libc.a(lib_a-reent.o)
 .debug_abbrev  0x0000000000004318       0x92 /usr/lib/gcc/arm-none-eabi/7.3.1/../../../arm-none-eabi/lib/thumb/v7-m/libnosys.a(sbrk.o)

.debug_loc      0x0000000000000000     0x6b00
 .debug_loc     0x0000000000000000      0x16c main.o
 .debug_loc     0x000000000000016c      0x342 rtos/heap_4.o
 .debug_loc     0x00000000000004ae       0x94 rtos/list.o
 .debug_loc     0x0000000000000542       0xa8 rtos/port.o
 .debug_loc     0x00000000000005ea      0xd0e rtos/queue.o
 .debug_loc     0x00000000000012f8     0x1318 rtos/tasks.o
 .debug_loc     0x0000000000002610      0xb12 /home/mark1/Documents/stm32//rtos/libwwg/libwwg.a(uartlib.o)
 .debug_loc     0x0000000000003122      0x82e /home/mark1/Documents/stm32//rtos/libwwg/libwwg.a(miniprintf.o)
 .debug_loc     0x0000000000003950       0x21 /home/mark1/Documents/stm32//rtos/libwwg/libwwg.a(mcuio.o)
 .debug_loc     0x0000000000003971      0x297 /home/mark1/Documents/stm32//rtos/libwwg/libwwg.a(getline.o)
 .debug_loc     0x0000000000003c08      0x42c /home/mark1/Documents/stm32//rtos/libwwg/libwwg.a(usbcdc.o)
 .debug_loc     0x0000000000004034      0x183 /home/mark1/Documents/stm32/libopencm3/lib/libopencm3_stm32f1.a(exti_common_all.o)
 .debug_loc     0x00000000000041b7      0x48a /home/mark1/Documents/stm32/libopencm3/lib/libopencm3_stm32f1.a(gpio.o)
 .debug_loc     0x0000000000004641       0x97 /home/mark1/Documents/stm32/libopencm3/lib/libopencm3_stm32f1.a(gpio_common_all.o)
 .debug_loc     0x00000000000046d8      0x480 /home/mark1/Documents/stm32/libopencm3/lib/libopencm3_stm32f1.a(rcc.o)
 .debug_loc     0x0000000000004b58      0x108 /home/mark1/Documents/stm32/libopencm3/lib/libopencm3_stm32f1.a(rcc_common_all.o)
 .debug_loc     0x0000000000004c60      0x222 /home/mark1/Documents/stm32/libopencm3/lib/libopencm3_stm32f1.a(rtc.o)
 .debug_loc     0x0000000000004e82      0x1ca /home/mark1/Documents/stm32/libopencm3/lib/libopencm3_stm32f1.a(usart_common_all.o)
 .debug_loc     0x000000000000504c       0x63 /home/mark1/Documents/stm32/libopencm3/lib/libopencm3_stm32f1.a(usart_common_f124.o)
 .debug_loc     0x00000000000050af       0xea /home/mark1/Documents/stm32/libopencm3/lib/libopencm3_stm32f1.a(vector.o)
 .debug_loc     0x0000000000005199      0x129 /home/mark1/Documents/stm32/libopencm3/lib/libopencm3_stm32f1.a(nvic.o)
 .debug_loc     0x00000000000052c2       0x3f /home/mark1/Documents/stm32/libopencm3/lib/libopencm3_stm32f1.a(flash_common_all.o)
 .debug_loc     0x0000000000005301       0x21 /home/mark1/Documents/stm32/libopencm3/lib/libopencm3_stm32f1.a(pwr_common_v1.o)
 .debug_loc     0x0000000000005322       0x58 /usr/lib/gcc/arm-none-eabi/7.3.1/../../../arm-none-eabi/lib/thumb/v7-m/libc.a(lib_a-malloc.o)
 .debug_loc     0x000000000000537a      0xd7e /usr/lib/gcc/arm-none-eabi/7.3.1/../../../arm-none-eabi/lib/thumb/v7-m/libc.a(lib_a-mallocr.o)
 .debug_loc     0x00000000000060f8      0x247 /usr/lib/gcc/arm-none-eabi/7.3.1/../../../arm-none-eabi/lib/thumb/v7-m/libc.a(lib_a-memmove.o)
 .debug_loc     0x000000000000633f       0x4d /usr/lib/gcc/arm-none-eabi/7.3.1/../../../arm-none-eabi/lib/thumb/v7-m/libc.a(lib_a-sbrkr.o)
 .debug_loc     0x000000000000638c       0x21 /usr/lib/gcc/arm-none-eabi/7.3.1/../../../arm-none-eabi/lib/thumb/v7-m/libc.a(lib_a-strlen-stub.o)
 .debug_loc     0x00000000000063ad      0x5b6 /usr/lib/gcc/arm-none-eabi/7.3.1/../../../arm-none-eabi/lib/thumb/v7-m/libc.a(lib_a-freer.o)
 .debug_loc     0x0000000000006963      0x165 /usr/lib/gcc/arm-none-eabi/7.3.1/../../../arm-none-eabi/lib/thumb/v7-m/libc.a(lib_a-reent.o)
 .debug_loc     0x0000000000006ac8       0x38 /usr/lib/gcc/arm-none-eabi/7.3.1/../../../arm-none-eabi/lib/thumb/v7-m/libnosys.a(sbrk.o)

.debug_aranges  0x0000000000000000      0xcc8
 .debug_aranges
                0x0000000000000000       0x58 main.o
 .debug_aranges
                0x0000000000000058       0x48 rtos/heap_4.o
 .debug_aranges
                0x00000000000000a0       0x40 rtos/list.o
 .debug_aranges
                0x00000000000000e0       0x70 rtos/port.o
 .debug_aranges
                0x0000000000000150       0xa8 rtos/queue.o
 .debug_aranges
                0x00000000000001f8      0x150 rtos/tasks.o
 .debug_aranges
                0x0000000000000348       0x30 rtos/opencm3.o
 .debug_aranges
                0x0000000000000378       0x20 /usr/lib/gcc/arm-none-eabi/7.3.1/../../../arm-none-eabi/lib/thumb/v7-m/libc.a(lib_a-memcpy.o)
 .debug_aranges
                0x0000000000000398      0x140 /home/mark1/Documents/stm32//rtos/libwwg/libwwg.a(uartlib.o)
 .debug_aranges
                0x00000000000004d8       0x58 /home/mark1/Documents/stm32//rtos/libwwg/libwwg.a(miniprintf.o)
 .debug_aranges
                0x0000000000000530       0x28 /home/mark1/Documents/stm32//rtos/libwwg/libwwg.a(mcuio.o)
 .debug_aranges
                0x0000000000000558       0x20 /home/mark1/Documents/stm32//rtos/libwwg/libwwg.a(getline.o)
 .debug_aranges
                0x0000000000000578       0x98 /home/mark1/Documents/stm32//rtos/libwwg/libwwg.a(usbcdc.o)
 .debug_aranges
                0x0000000000000610       0x48 /home/mark1/Documents/stm32/libopencm3/lib/libopencm3_stm32f1.a(exti_common_all.o)
 .debug_aranges
                0x0000000000000658       0x38 /home/mark1/Documents/stm32/libopencm3/lib/libopencm3_stm32f1.a(gpio.o)
 .debug_aranges
                0x0000000000000690       0x50 /home/mark1/Documents/stm32/libopencm3/lib/libopencm3_stm32f1.a(gpio_common_all.o)
 .debug_aranges
                0x00000000000006e0      0x158 /home/mark1/Documents/stm32/libopencm3/lib/libopencm3_stm32f1.a(rcc.o)
 .debug_aranges
                0x0000000000000838       0x68 /home/mark1/Documents/stm32/libopencm3/lib/libopencm3_stm32f1.a(rcc_common_all.o)
 .debug_aranges
                0x00000000000008a0       0xa0 /home/mark1/Documents/stm32/libopencm3/lib/libopencm3_stm32f1.a(rtc.o)
 .debug_aranges
                0x0000000000000940       0xb8 /home/mark1/Documents/stm32/libopencm3/lib/libopencm3_stm32f1.a(usart_common_all.o)
 .debug_aranges
                0x00000000000009f8       0x40 /home/mark1/Documents/stm32/libopencm3/lib/libopencm3_stm32f1.a(usart_common_f124.o)
 .debug_aranges
                0x0000000000000a38       0x30 /home/mark1/Documents/stm32/libopencm3/lib/libopencm3_stm32f1.a(vector.o)
 .debug_aranges
                0x0000000000000a68       0x60 /home/mark1/Documents/stm32/libopencm3/lib/libopencm3_stm32f1.a(nvic.o)
 .debug_aranges
                0x0000000000000ac8       0x38 /home/mark1/Documents/stm32/libopencm3/lib/libopencm3_stm32f1.a(flash_common_all.o)
 .debug_aranges
                0x0000000000000b00       0x90 /home/mark1/Documents/stm32/libopencm3/lib/libopencm3_stm32f1.a(pwr_common_v1.o)
 .debug_aranges
                0x0000000000000b90       0x20 /usr/lib/gcc/arm-none-eabi/7.3.1/../../../arm-none-eabi/lib/thumb/v7-m/libc.a(lib_a-malloc.o)
 .debug_aranges
                0x0000000000000bb0       0x20 /usr/lib/gcc/arm-none-eabi/7.3.1/../../../arm-none-eabi/lib/thumb/v7-m/libc.a(lib_a-mallocr.o)
 .debug_aranges
                0x0000000000000bd0       0x20 /usr/lib/gcc/arm-none-eabi/7.3.1/../../../arm-none-eabi/lib/thumb/v7-m/libc.a(lib_a-memmove.o)
 .debug_aranges
                0x0000000000000bf0       0x20 /usr/lib/gcc/arm-none-eabi/7.3.1/../../../arm-none-eabi/lib/thumb/v7-m/libc.a(lib_a-mlock.o)
 .debug_aranges
                0x0000000000000c10       0x20 /usr/lib/gcc/arm-none-eabi/7.3.1/../../../arm-none-eabi/lib/thumb/v7-m/libc.a(lib_a-sbrkr.o)
 .debug_aranges
                0x0000000000000c30       0x20 /usr/lib/gcc/arm-none-eabi/7.3.1/../../../arm-none-eabi/lib/thumb/v7-m/libc.a(lib_a-strlen-stub.o)
 .debug_aranges
                0x0000000000000c50       0x20 /usr/lib/gcc/arm-none-eabi/7.3.1/../../../arm-none-eabi/lib/thumb/v7-m/libc.a(lib_a-freer.o)
 .debug_aranges
                0x0000000000000c70       0x18 /usr/lib/gcc/arm-none-eabi/7.3.1/../../../arm-none-eabi/lib/thumb/v7-m/libc.a(lib_a-impure.o)
 .debug_aranges
                0x0000000000000c88       0x20 /usr/lib/gcc/arm-none-eabi/7.3.1/../../../arm-none-eabi/lib/thumb/v7-m/libc.a(lib_a-reent.o)
 .debug_aranges
                0x0000000000000ca8       0x20 /usr/lib/gcc/arm-none-eabi/7.3.1/../../../arm-none-eabi/lib/thumb/v7-m/libnosys.a(sbrk.o)

.debug_ranges   0x0000000000000000      0xdc8
 .debug_ranges  0x0000000000000000       0x90 main.o
 .debug_ranges  0x0000000000000090       0x38 rtos/heap_4.o
 .debug_ranges  0x00000000000000c8       0x30 rtos/list.o
 .debug_ranges  0x00000000000000f8       0x60 rtos/port.o
 .debug_ranges  0x0000000000000158      0x1a0 rtos/queue.o
 .debug_ranges  0x00000000000002f8      0x270 rtos/tasks.o
 .debug_ranges  0x0000000000000568       0x20 rtos/opencm3.o
 .debug_ranges  0x0000000000000588      0x148 /home/mark1/Documents/stm32//rtos/libwwg/libwwg.a(uartlib.o)
 .debug_ranges  0x00000000000006d0       0x60 /home/mark1/Documents/stm32//rtos/libwwg/libwwg.a(miniprintf.o)
 .debug_ranges  0x0000000000000730       0x18 /home/mark1/Documents/stm32//rtos/libwwg/libwwg.a(mcuio.o)
 .debug_ranges  0x0000000000000748       0x58 /home/mark1/Documents/stm32//rtos/libwwg/libwwg.a(getline.o)
 .debug_ranges  0x00000000000007a0       0xa0 /home/mark1/Documents/stm32//rtos/libwwg/libwwg.a(usbcdc.o)
 .debug_ranges  0x0000000000000840       0x50 /home/mark1/Documents/stm32/libopencm3/lib/libopencm3_stm32f1.a(exti_common_all.o)
 .debug_ranges  0x0000000000000890       0x28 /home/mark1/Documents/stm32/libopencm3/lib/libopencm3_stm32f1.a(gpio.o)
 .debug_ranges  0x00000000000008b8       0x40 /home/mark1/Documents/stm32/libopencm3/lib/libopencm3_stm32f1.a(gpio_common_all.o)
 .debug_ranges  0x00000000000008f8      0x1a8 /home/mark1/Documents/stm32/libopencm3/lib/libopencm3_stm32f1.a(rcc.o)
 .debug_ranges  0x0000000000000aa0       0x58 /home/mark1/Documents/stm32/libopencm3/lib/libopencm3_stm32f1.a(rcc_common_all.o)
 .debug_ranges  0x0000000000000af8       0x90 /home/mark1/Documents/stm32/libopencm3/lib/libopencm3_stm32f1.a(rtc.o)
 .debug_ranges  0x0000000000000b88       0xa8 /home/mark1/Documents/stm32/libopencm3/lib/libopencm3_stm32f1.a(usart_common_all.o)
 .debug_ranges  0x0000000000000c30       0x30 /home/mark1/Documents/stm32/libopencm3/lib/libopencm3_stm32f1.a(usart_common_f124.o)
 .debug_ranges  0x0000000000000c60       0x20 /home/mark1/Documents/stm32/libopencm3/lib/libopencm3_stm32f1.a(vector.o)
 .debug_ranges  0x0000000000000c80       0x50 /home/mark1/Documents/stm32/libopencm3/lib/libopencm3_stm32f1.a(nvic.o)
 .debug_ranges  0x0000000000000cd0       0x28 /home/mark1/Documents/stm32/libopencm3/lib/libopencm3_stm32f1.a(flash_common_all.o)
 .debug_ranges  0x0000000000000cf8       0x80 /home/mark1/Documents/stm32/libopencm3/lib/libopencm3_stm32f1.a(pwr_common_v1.o)
 .debug_ranges  0x0000000000000d78       0x40 /usr/lib/gcc/arm-none-eabi/7.3.1/../../../arm-none-eabi/lib/thumb/v7-m/libc.a(lib_a-mallocr.o)
 .debug_ranges  0x0000000000000db8       0x10 /usr/lib/gcc/arm-none-eabi/7.3.1/../../../arm-none-eabi/lib/thumb/v7-m/libc.a(lib_a-strlen-stub.o)

.debug_line     0x0000000000000000     0x5d10
 .debug_line    0x0000000000000000      0x45f main.o
 .debug_line    0x000000000000045f      0x1e4 rtos/heap_4.o
 .debug_line    0x0000000000000643      0x175 rtos/list.o
 .debug_line    0x00000000000007b8      0x1b1 rtos/port.o
 .debug_line    0x0000000000000969      0x477 rtos/queue.o
 .debug_line    0x0000000000000de0      0x81b rtos/tasks.o
 .debug_line    0x00000000000015fb      0x100 rtos/opencm3.o
 .debug_line    0x00000000000016fb       0xbe /usr/lib/gcc/arm-none-eabi/7.3.1/../../../arm-none-eabi/lib/thumb/v7-m/libc.a(lib_a-memcpy.o)
 .debug_line    0x00000000000017b9      0x5cc /home/mark1/Documents/stm32//rtos/libwwg/libwwg.a(uartlib.o)
 .debug_line    0x0000000000001d85      0x249 /home/mark1/Documents/stm32//rtos/libwwg/libwwg.a(miniprintf.o)
 .debug_line    0x0000000000001fce      0x117 /home/mark1/Documents/stm32//rtos/libwwg/libwwg.a(mcuio.o)
 .debug_line    0x00000000000020e5      0x19b /home/mark1/Documents/stm32//rtos/libwwg/libwwg.a(getline.o)
 .debug_line    0x0000000000002280      0x414 /home/mark1/Documents/stm32//rtos/libwwg/libwwg.a(usbcdc.o)
 .debug_line    0x0000000000002694      0x2f7 /home/mark1/Documents/stm32/libopencm3/lib/libopencm3_stm32f1.a(exti_common_all.o)
 .debug_line    0x000000000000298b      0x263 /home/mark1/Documents/stm32/libopencm3/lib/libopencm3_stm32f1.a(gpio.o)
 .debug_line    0x0000000000002bee      0x29a /home/mark1/Documents/stm32/libopencm3/lib/libopencm3_stm32f1.a(gpio_common_all.o)
 .debug_line    0x0000000000002e88      0x65e /home/mark1/Documents/stm32/libopencm3/lib/libopencm3_stm32f1.a(rcc.o)
 .debug_line    0x00000000000034e6      0x2cf /home/mark1/Documents/stm32/libopencm3/lib/libopencm3_stm32f1.a(rcc_common_all.o)
 .debug_line    0x00000000000037b5      0x3e1 /home/mark1/Documents/stm32/libopencm3/lib/libopencm3_stm32f1.a(rtc.o)
 .debug_line    0x0000000000003b96      0x3d5 /home/mark1/Documents/stm32/libopencm3/lib/libopencm3_stm32f1.a(usart_common_all.o)
 .debug_line    0x0000000000003f6b      0x2b7 /home/mark1/Documents/stm32/libopencm3/lib/libopencm3_stm32f1.a(usart_common_f124.o)
 .debug_line    0x0000000000004222      0x2b1 /home/mark1/Documents/stm32/libopencm3/lib/libopencm3_stm32f1.a(vector.o)
 .debug_line    0x00000000000044d3      0x275 /home/mark1/Documents/stm32/libopencm3/lib/libopencm3_stm32f1.a(nvic.o)
 .debug_line    0x0000000000004748      0x28b /home/mark1/Documents/stm32/libopencm3/lib/libopencm3_stm32f1.a(flash_common_all.o)
 .debug_line    0x00000000000049d3      0x31c /home/mark1/Documents/stm32/libopencm3/lib/libopencm3_stm32f1.a(pwr_common_v1.o)
 .debug_line    0x0000000000004cef      0x154 /usr/lib/gcc/arm-none-eabi/7.3.1/../../../arm-none-eabi/lib/thumb/v7-m/libc.a(lib_a-malloc.o)
 .debug_line    0x0000000000004e43      0x3a2 /usr/lib/gcc/arm-none-eabi/7.3.1/../../../arm-none-eabi/lib/thumb/v7-m/libc.a(lib_a-mallocr.o)
 .debug_line    0x00000000000051e5      0x1f1 /usr/lib/gcc/arm-none-eabi/7.3.1/../../../arm-none-eabi/lib/thumb/v7-m/libc.a(lib_a-memmove.o)
 .debug_line    0x00000000000053d6      0x144 /usr/lib/gcc/arm-none-eabi/7.3.1/../../../arm-none-eabi/lib/thumb/v7-m/libc.a(lib_a-mlock.o)
 .debug_line    0x000000000000551a      0x15a /usr/lib/gcc/arm-none-eabi/7.3.1/../../../arm-none-eabi/lib/thumb/v7-m/libc.a(lib_a-sbrkr.o)
 .debug_line    0x0000000000005674      0x152 /usr/lib/gcc/arm-none-eabi/7.3.1/../../../arm-none-eabi/lib/thumb/v7-m/libc.a(lib_a-strlen-stub.o)
 .debug_line    0x00000000000057c6      0x289 /usr/lib/gcc/arm-none-eabi/7.3.1/../../../arm-none-eabi/lib/thumb/v7-m/libc.a(lib_a-freer.o)
 .debug_line    0x0000000000005a4f       0xe9 /usr/lib/gcc/arm-none-eabi/7.3.1/../../../arm-none-eabi/lib/thumb/v7-m/libc.a(lib_a-impure.o)
 .debug_line    0x0000000000005b38      0x17d /usr/lib/gcc/arm-none-eabi/7.3.1/../../../arm-none-eabi/lib/thumb/v7-m/libc.a(lib_a-reent.o)
 .debug_line    0x0000000000005cb5       0x5b /usr/lib/gcc/arm-none-eabi/7.3.1/../../../arm-none-eabi/lib/thumb/v7-m/libnosys.a(sbrk.o)

.debug_str      0x0000000000000000    0x12c42
 .debug_str     0x0000000000000000      0xc36 main.o
                                        0xd8e (size before relaxing)
 .debug_str     0x0000000000000c36      0x1f2 rtos/heap_4.o
                                        0x759 (size before relaxing)
 .debug_str     0x0000000000000e28      0x11e rtos/list.o
                                        0x6b4 (size before relaxing)
 .debug_str     0x0000000000000f46      0x157 rtos/port.o
                                        0x32f (size before relaxing)
 .debug_str     0x000000000000109d      0x45e rtos/queue.o
                                        0xbd6 (size before relaxing)
 .debug_str     0x00000000000014fb      0x7b8 rtos/tasks.o
                                       0x114e (size before relaxing)
 .debug_str     0x0000000000001cb3       0x40 rtos/opencm3.o
                                        0x239 (size before relaxing)
 .debug_str     0x0000000000001cf3       0xb0 /usr/lib/gcc/arm-none-eabi/7.3.1/../../../arm-none-eabi/lib/thumb/v7-m/libc.a(lib_a-memcpy.o)
 .debug_str     0x0000000000001da3      0x35a /home/mark1/Documents/stm32//rtos/libwwg/libwwg.a(uartlib.o)
                                        0xbd5 (size before relaxing)
 .debug_str     0x00000000000020fd      0x107 /home/mark1/Documents/stm32//rtos/libwwg/libwwg.a(miniprintf.o)
                                        0x6c5 (size before relaxing)
 .debug_str     0x0000000000002204       0x39 /home/mark1/Documents/stm32//rtos/libwwg/libwwg.a(mcuio.o)
                                        0x66a (size before relaxing)
 .debug_str     0x000000000000223d       0x1e /home/mark1/Documents/stm32//rtos/libwwg/libwwg.a(getline.o)
                                        0x588 (size before relaxing)
 .debug_str     0x000000000000225b      0x70a /home/mark1/Documents/stm32//rtos/libwwg/libwwg.a(usbcdc.o)
                                       0x1045 (size before relaxing)
 .debug_str     0x0000000000002965     0x86ca /home/mark1/Documents/stm32/libopencm3/lib/libopencm3_stm32f1.a(exti_common_all.o)
                                       0x88df (size before relaxing)
 .debug_str     0x000000000000b02f       0x70 /home/mark1/Documents/stm32/libopencm3/lib/libopencm3_stm32f1.a(gpio.o)
                                       0x84b6 (size before relaxing)
 .debug_str     0x000000000000b09f       0x69 /home/mark1/Documents/stm32/libopencm3/lib/libopencm3_stm32f1.a(gpio_common_all.o)
                                       0x84aa (size before relaxing)
 .debug_str     0x000000000000b108     0x305f /home/mark1/Documents/stm32/libopencm3/lib/libopencm3_stm32f1.a(rcc.o)
                                       0x7da9 (size before relaxing)
 .debug_str     0x000000000000e167      0x35b /home/mark1/Documents/stm32/libopencm3/lib/libopencm3_stm32f1.a(rcc_common_all.o)
                                       0x76bf (size before relaxing)
 .debug_str     0x000000000000e4c2      0x5a2 /home/mark1/Documents/stm32/libopencm3/lib/libopencm3_stm32f1.a(rtc.o)
                                       0x7a54 (size before relaxing)
 .debug_str     0x000000000000ea64     0x10b2 /home/mark1/Documents/stm32/libopencm3/lib/libopencm3_stm32f1.a(usart_common_all.o)
                                       0x827e (size before relaxing)
 .debug_str     0x000000000000fb16       0x2d /home/mark1/Documents/stm32/libopencm3/lib/libopencm3_stm32f1.a(usart_common_f124.o)
                                       0x80b8 (size before relaxing)
 .debug_str     0x000000000000fb43     0x2485 /home/mark1/Documents/stm32/libopencm3/lib/libopencm3_stm32f1.a(vector.o)
                                       0x657f (size before relaxing)
 .debug_str     0x0000000000011fc8       0xc4 /home/mark1/Documents/stm32/libopencm3/lib/libopencm3_stm32f1.a(nvic.o)
                                       0x5b61 (size before relaxing)
 .debug_str     0x000000000001208c       0x64 /home/mark1/Documents/stm32/libopencm3/lib/libopencm3_stm32f1.a(flash_common_all.o)
                                       0x5482 (size before relaxing)
 .debug_str     0x00000000000120f0      0x190 /home/mark1/Documents/stm32/libopencm3/lib/libopencm3_stm32f1.a(pwr_common_v1.o)
                                       0x50d7 (size before relaxing)
 .debug_str     0x0000000000012280      0x14d /usr/lib/gcc/arm-none-eabi/7.3.1/../../../arm-none-eabi/lib/thumb/v7-m/libc.a(lib_a-malloc.o)
                                        0x5c8 (size before relaxing)
 .debug_str     0x00000000000123cd      0x257 /usr/lib/gcc/arm-none-eabi/7.3.1/../../../arm-none-eabi/lib/thumb/v7-m/libc.a(lib_a-mallocr.o)
                                        0x7ff (size before relaxing)
 .debug_str     0x0000000000012624      0x32b /usr/lib/gcc/arm-none-eabi/7.3.1/../../../arm-none-eabi/lib/thumb/v7-m/libc.a(lib_a-memmove.o)
                                        0x8e3 (size before relaxing)
 .debug_str     0x000000000001294f       0x49 /usr/lib/gcc/arm-none-eabi/7.3.1/../../../arm-none-eabi/lib/thumb/v7-m/libc.a(lib_a-mlock.o)
                                        0x5c3 (size before relaxing)
 .debug_str     0x0000000000012998       0xa0 /usr/lib/gcc/arm-none-eabi/7.3.1/../../../arm-none-eabi/lib/thumb/v7-m/libc.a(lib_a-sbrkr.o)
                                        0x5da (size before relaxing)
 .debug_str     0x0000000000012a38       0x3e /usr/lib/gcc/arm-none-eabi/7.3.1/../../../arm-none-eabi/lib/thumb/v7-m/libc.a(lib_a-strlen-stub.o)
                                        0x5ad (size before relaxing)
 .debug_str     0x0000000000012a76       0x2e /usr/lib/gcc/arm-none-eabi/7.3.1/../../../arm-none-eabi/lib/thumb/v7-m/libc.a(lib_a-freer.o)
                                        0x778 (size before relaxing)
 .debug_str     0x0000000000012aa4       0x3c /usr/lib/gcc/arm-none-eabi/7.3.1/../../../arm-none-eabi/lib/thumb/v7-m/libc.a(lib_a-impure.o)
                                        0x597 (size before relaxing)
 .debug_str     0x0000000000012ae0       0x5b /usr/lib/gcc/arm-none-eabi/7.3.1/../../../arm-none-eabi/lib/thumb/v7-m/libc.a(lib_a-reent.o)
                                        0x5d3 (size before relaxing)
 .debug_str     0x0000000000012b3b      0x107 /usr/lib/gcc/arm-none-eabi/7.3.1/../../../arm-none-eabi/lib/thumb/v7-m/libnosys.a(sbrk.o)
                                        0x120 (size before relaxing)

.comment        0x0000000000000000       0xae
 .comment       0x0000000000000000       0x57 main.o
                                         0x58 (size before relaxing)
 .comment       0x0000000000000057       0x58 rtos/heap_4.o
 .comment       0x0000000000000057       0x58 rtos/list.o
 .comment       0x0000000000000057       0x58 rtos/port.o
 .comment       0x0000000000000057       0x58 rtos/queue.o
 .comment       0x0000000000000057       0x58 rtos/tasks.o
 .comment       0x0000000000000057       0x58 rtos/opencm3.o
 .comment       0x0000000000000057       0x58 /home/mark1/Documents/stm32//rtos/libwwg/libwwg.a(uartlib.o)
 .comment       0x0000000000000057       0x58 /home/mark1/Documents/stm32//rtos/libwwg/libwwg.a(miniprintf.o)
 .comment       0x0000000000000057       0x58 /home/mark1/Documents/stm32//rtos/libwwg/libwwg.a(mcuio.o)
 .comment       0x0000000000000057       0x58 /home/mark1/Documents/stm32//rtos/libwwg/libwwg.a(getline.o)
 .comment       0x0000000000000057       0x58 /home/mark1/Documents/stm32//rtos/libwwg/libwwg.a(usbcdc.o)
 .comment       0x0000000000000057       0x58 /home/mark1/Documents/stm32/libopencm3/lib/libopencm3_stm32f1.a(exti_common_all.o)
 .comment       0x0000000000000057       0x58 /home/mark1/Documents/stm32/libopencm3/lib/libopencm3_stm32f1.a(gpio.o)
 .comment       0x0000000000000057       0x58 /home/mark1/Documents/stm32/libopencm3/lib/libopencm3_stm32f1.a(gpio_common_all.o)
 .comment       0x0000000000000057       0x58 /home/mark1/Documents/stm32/libopencm3/lib/libopencm3_stm32f1.a(rcc.o)
 .comment       0x0000000000000057       0x58 /home/mark1/Documents/stm32/libopencm3/lib/libopencm3_stm32f1.a(rcc_common_all.o)
 .comment       0x0000000000000057       0x58 /home/mark1/Documents/stm32/libopencm3/lib/libopencm3_stm32f1.a(rtc.o)
 .comment       0x0000000000000057       0x58 /home/mark1/Documents/stm32/libopencm3/lib/libopencm3_stm32f1.a(usart_common_all.o)
 .comment       0x0000000000000057       0x58 /home/mark1/Documents/stm32/libopencm3/lib/libopencm3_stm32f1.a(usart_common_f124.o)
 .comment       0x0000000000000057       0x58 /home/mark1/Documents/stm32/libopencm3/lib/libopencm3_stm32f1.a(vector.o)
 .comment       0x0000000000000057       0x58 /home/mark1/Documents/stm32/libopencm3/lib/libopencm3_stm32f1.a(nvic.o)
 .comment       0x0000000000000057       0x58 /home/mark1/Documents/stm32/libopencm3/lib/libopencm3_stm32f1.a(flash_common_all.o)
 .comment       0x0000000000000057       0x58 /home/mark1/Documents/stm32/libopencm3/lib/libopencm3_stm32f1.a(pwr_common_v1.o)
 .comment       0x0000000000000057       0x57 /usr/lib/gcc/arm-none-eabi/7.3.1/../../../arm-none-eabi/lib/thumb/v7-m/libc.a(lib_a-malloc.o)
                                         0x58 (size before relaxing)
 .comment       0x00000000000000ae       0x58 /usr/lib/gcc/arm-none-eabi/7.3.1/../../../arm-none-eabi/lib/thumb/v7-m/libc.a(lib_a-mallocr.o)
 .comment       0x00000000000000ae       0x58 /usr/lib/gcc/arm-none-eabi/7.3.1/../../../arm-none-eabi/lib/thumb/v7-m/libc.a(lib_a-memmove.o)
 .comment       0x00000000000000ae       0x58 /usr/lib/gcc/arm-none-eabi/7.3.1/../../../arm-none-eabi/lib/thumb/v7-m/libc.a(lib_a-mlock.o)
 .comment       0x00000000000000ae       0x58 /usr/lib/gcc/arm-none-eabi/7.3.1/../../../arm-none-eabi/lib/thumb/v7-m/libc.a(lib_a-sbrkr.o)
 .comment       0x00000000000000ae       0x58 /usr/lib/gcc/arm-none-eabi/7.3.1/../../../arm-none-eabi/lib/thumb/v7-m/libc.a(lib_a-strlen-stub.o)
 .comment       0x00000000000000ae       0x58 /usr/lib/gcc/arm-none-eabi/7.3.1/../../../arm-none-eabi/lib/thumb/v7-m/libc.a(lib_a-freer.o)
 .comment       0x00000000000000ae       0x58 /usr/lib/gcc/arm-none-eabi/7.3.1/../../../arm-none-eabi/lib/thumb/v7-m/libc.a(lib_a-impure.o)
 .comment       0x00000000000000ae       0x58 /usr/lib/gcc/arm-none-eabi/7.3.1/../../../arm-none-eabi/lib/thumb/v7-m/libc.a(lib_a-reent.o)
 .comment       0x00000000000000ae       0x58 /usr/lib/gcc/arm-none-eabi/7.3.1/../../../arm-none-eabi/lib/thumb/v7-m/libnosys.a(sbrk.o)

.ARM.attributes
                0x0000000000000000       0x31
 .ARM.attributes
                0x0000000000000000       0x33 main.o
 .ARM.attributes
                0x0000000000000033       0x33 rtos/heap_4.o
 .ARM.attributes
                0x0000000000000066       0x33 rtos/list.o
 .ARM.attributes
                0x0000000000000099       0x33 rtos/port.o
 .ARM.attributes
                0x00000000000000cc       0x33 rtos/queue.o
 .ARM.attributes
                0x00000000000000ff       0x33 rtos/tasks.o
 .ARM.attributes
                0x0000000000000132       0x33 rtos/opencm3.o
 .ARM.attributes
                0x0000000000000165       0x1b /usr/lib/gcc/arm-none-eabi/7.3.1/../../../arm-none-eabi/lib/thumb/v7-m/libc.a(lib_a-memcpy.o)
 .ARM.attributes
                0x0000000000000180       0x33 /home/mark1/Documents/stm32//rtos/libwwg/libwwg.a(uartlib.o)
 .ARM.attributes
                0x00000000000001b3       0x33 /home/mark1/Documents/stm32//rtos/libwwg/libwwg.a(miniprintf.o)
 .ARM.attributes
                0x00000000000001e6       0x33 /home/mark1/Documents/stm32//rtos/libwwg/libwwg.a(mcuio.o)
 .ARM.attributes
                0x0000000000000219       0x33 /home/mark1/Documents/stm32//rtos/libwwg/libwwg.a(getline.o)
 .ARM.attributes
                0x000000000000024c       0x33 /home/mark1/Documents/stm32//rtos/libwwg/libwwg.a(usbcdc.o)
 .ARM.attributes
                0x000000000000027f       0x33 /home/mark1/Documents/stm32/libopencm3/lib/libopencm3_stm32f1.a(exti_common_all.o)
 .ARM.attributes
                0x00000000000002b2       0x33 /home/mark1/Documents/stm32/libopencm3/lib/libopencm3_stm32f1.a(gpio.o)
 .ARM.attributes
                0x00000000000002e5       0x33 /home/mark1/Documents/stm32/libopencm3/lib/libopencm3_stm32f1.a(gpio_common_all.o)
 .ARM.attributes
                0x0000000000000318       0x33 /home/mark1/Documents/stm32/libopencm3/lib/libopencm3_stm32f1.a(rcc.o)
 .ARM.attributes
                0x000000000000034b       0x33 /home/mark1/Documents/stm32/libopencm3/lib/libopencm3_stm32f1.a(rcc_common_all.o)
 .ARM.attributes
                0x000000000000037e       0x33 /home/mark1/Documents/stm32/libopencm3/lib/libopencm3_stm32f1.a(rtc.o)
 .ARM.attributes
                0x00000000000003b1       0x33 /home/mark1/Documents/stm32/libopencm3/lib/libopencm3_stm32f1.a(usart_common_all.o)
 .ARM.attributes
                0x00000000000003e4       0x33 /home/mark1/Documents/stm32/libopencm3/lib/libopencm3_stm32f1.a(usart_common_f124.o)
 .ARM.attributes
                0x0000000000000417       0x33 /home/mark1/Documents/stm32/libopencm3/lib/libopencm3_stm32f1.a(vector.o)
 .ARM.attributes
                0x000000000000044a       0x33 /home/mark1/Documents/stm32/libopencm3/lib/libopencm3_stm32f1.a(nvic.o)
 .ARM.attributes
                0x000000000000047d       0x33 /home/mark1/Documents/stm32/libopencm3/lib/libopencm3_stm32f1.a(flash_common_all.o)
 .ARM.attributes
                0x00000000000004b0       0x33 /home/mark1/Documents/stm32/libopencm3/lib/libopencm3_stm32f1.a(pwr_common_v1.o)
 .ARM.attributes
                0x00000000000004e3       0x2d /usr/lib/gcc/arm-none-eabi/7.3.1/../../../arm-none-eabi/lib/thumb/v7-m/libc.a(lib_a-malloc.o)
 .ARM.attributes
                0x0000000000000510       0x2d /usr/lib/gcc/arm-none-eabi/7.3.1/../../../arm-none-eabi/lib/thumb/v7-m/libc.a(lib_a-mallocr.o)
 .ARM.attributes
                0x000000000000053d       0x2d /usr/lib/gcc/arm-none-eabi/7.3.1/../../../arm-none-eabi/lib/thumb/v7-m/libc.a(lib_a-memmove.o)
 .ARM.attributes
                0x000000000000056a       0x2d /usr/lib/gcc/arm-none-eabi/7.3.1/../../../arm-none-eabi/lib/thumb/v7-m/libc.a(lib_a-mlock.o)
 .ARM.attributes
                0x0000000000000597       0x2d /usr/lib/gcc/arm-none-eabi/7.3.1/../../../arm-none-eabi/lib/thumb/v7-m/libc.a(lib_a-sbrkr.o)
 .ARM.attributes
                0x00000000000005c4       0x2d /usr/lib/gcc/arm-none-eabi/7.3.1/../../../arm-none-eabi/lib/thumb/v7-m/libc.a(lib_a-strlen-stub.o)
 .ARM.attributes
                0x00000000000005f1       0x2d /usr/lib/gcc/arm-none-eabi/7.3.1/../../../arm-none-eabi/lib/thumb/v7-m/libc.a(lib_a-freer.o)
 .ARM.attributes
                0x000000000000061e       0x2d /usr/lib/gcc/arm-none-eabi/7.3.1/../../../arm-none-eabi/lib/thumb/v7-m/libc.a(lib_a-impure.o)
 .ARM.attributes
                0x000000000000064b       0x2d /usr/lib/gcc/arm-none-eabi/7.3.1/../../../arm-none-eabi/lib/thumb/v7-m/libc.a(lib_a-reent.o)
 .ARM.attributes
                0x0000000000000678       0x2d /usr/lib/gcc/arm-none-eabi/7.3.1/../../../arm-none-eabi/lib/thumb/v7-m/libnosys.a(sbrk.o)

.debug_frame    0x0000000000000000     0x1d60
 .debug_frame   0x0000000000000000       0xd0 main.o
 .debug_frame   0x00000000000000d0       0x98 rtos/heap_4.o
 .debug_frame   0x0000000000000168       0x6c rtos/list.o
 .debug_frame   0x00000000000001d4       0xd0 rtos/port.o
 .debug_frame   0x00000000000002a4      0x208 rtos/queue.o
 .debug_frame   0x00000000000004ac      0x450 rtos/tasks.o
 .debug_frame   0x00000000000008fc       0x40 rtos/opencm3.o
 .debug_frame   0x000000000000093c      0x3a4 /home/mark1/Documents/stm32//rtos/libwwg/libwwg.a(uartlib.o)
 .debug_frame   0x0000000000000ce0      0x110 /home/mark1/Documents/stm32//rtos/libwwg/libwwg.a(miniprintf.o)
 .debug_frame   0x0000000000000df0       0x6c /home/mark1/Documents/stm32//rtos/libwwg/libwwg.a(mcuio.o)
 .debug_frame   0x0000000000000e5c       0x3c /home/mark1/Documents/stm32//rtos/libwwg/libwwg.a(getline.o)
 .debug_frame   0x0000000000000e98      0x1b4 /home/mark1/Documents/stm32//rtos/libwwg/libwwg.a(usbcdc.o)
 .debug_frame   0x000000000000104c       0x88 /home/mark1/Documents/stm32/libopencm3/lib/libopencm3_stm32f1.a(exti_common_all.o)
 .debug_frame   0x00000000000010d4       0x64 /home/mark1/Documents/stm32/libopencm3/lib/libopencm3_stm32f1.a(gpio.o)
 .debug_frame   0x0000000000001138       0x80 /home/mark1/Documents/stm32/libopencm3/lib/libopencm3_stm32f1.a(gpio_common_all.o)
 .debug_frame   0x00000000000011b8      0x2e0 /home/mark1/Documents/stm32/libopencm3/lib/libopencm3_stm32f1.a(rcc.o)
 .debug_frame   0x0000000000001498       0xd0 /home/mark1/Documents/stm32/libopencm3/lib/libopencm3_stm32f1.a(rcc_common_all.o)
 .debug_frame   0x0000000000001568      0x1ac /home/mark1/Documents/stm32/libopencm3/lib/libopencm3_stm32f1.a(rtc.o)
 .debug_frame   0x0000000000001714      0x170 /home/mark1/Documents/stm32/libopencm3/lib/libopencm3_stm32f1.a(usart_common_all.o)
 .debug_frame   0x0000000000001884       0x60 /home/mark1/Documents/stm32/libopencm3/lib/libopencm3_stm32f1.a(usart_common_f124.o)
 .debug_frame   0x00000000000018e4       0x4c /home/mark1/Documents/stm32/libopencm3/lib/libopencm3_stm32f1.a(vector.o)
 .debug_frame   0x0000000000001930       0xa0 /home/mark1/Documents/stm32/libopencm3/lib/libopencm3_stm32f1.a(nvic.o)
 .debug_frame   0x00000000000019d0       0x50 /home/mark1/Documents/stm32/libopencm3/lib/libopencm3_stm32f1.a(flash_common_all.o)
 .debug_frame   0x0000000000001a20      0x100 /home/mark1/Documents/stm32/libopencm3/lib/libopencm3_stm32f1.a(pwr_common_v1.o)
 .debug_frame   0x0000000000001b20       0x30 /usr/lib/gcc/arm-none-eabi/7.3.1/../../../arm-none-eabi/lib/thumb/v7-m/libc.a(lib_a-malloc.o)
 .debug_frame   0x0000000000001b50       0x4c /usr/lib/gcc/arm-none-eabi/7.3.1/../../../arm-none-eabi/lib/thumb/v7-m/libc.a(lib_a-mallocr.o)
 .debug_frame   0x0000000000001b9c       0x40 /usr/lib/gcc/arm-none-eabi/7.3.1/../../../arm-none-eabi/lib/thumb/v7-m/libc.a(lib_a-memmove.o)
 .debug_frame   0x0000000000001bdc       0x30 /usr/lib/gcc/arm-none-eabi/7.3.1/../../../arm-none-eabi/lib/thumb/v7-m/libc.a(lib_a-mlock.o)
 .debug_frame   0x0000000000001c0c       0x2c /usr/lib/gcc/arm-none-eabi/7.3.1/../../../arm-none-eabi/lib/thumb/v7-m/libc.a(lib_a-sbrkr.o)
 .debug_frame   0x0000000000001c38       0x20 /usr/lib/gcc/arm-none-eabi/7.3.1/../../../arm-none-eabi/lib/thumb/v7-m/libc.a(lib_a-strlen-stub.o)
 .debug_frame   0x0000000000001c58       0x80 /usr/lib/gcc/arm-none-eabi/7.3.1/../../../arm-none-eabi/lib/thumb/v7-m/libc.a(lib_a-freer.o)
 .debug_frame   0x0000000000001cd8       0x68 /usr/lib/gcc/arm-none-eabi/7.3.1/../../../arm-none-eabi/lib/thumb/v7-m/libc.a(lib_a-reent.o)
 .debug_frame   0x0000000000001d40       0x20 /usr/lib/gcc/arm-none-eabi/7.3.1/../../../arm-none-eabi/lib/thumb/v7-m/libnosys.a(sbrk.o)

.debug_macro    0x0000000000000000     0x4257
 .debug_macro   0x0000000000000000       0xe4 /home/mark1/Documents/stm32/libopencm3/lib/libopencm3_stm32f1.a(exti_common_all.o)
 .debug_macro   0x00000000000000e4      0xa4e /home/mark1/Documents/stm32/libopencm3/lib/libopencm3_stm32f1.a(exti_common_all.o)
 .debug_macro   0x0000000000000b32       0x1c /home/mark1/Documents/stm32/libopencm3/lib/libopencm3_stm32f1.a(exti_common_all.o)
 .debug_macro   0x0000000000000b4e       0x22 /home/mark1/Documents/stm32/libopencm3/lib/libopencm3_stm32f1.a(exti_common_all.o)
 .debug_macro   0x0000000000000b70       0x56 /home/mark1/Documents/stm32/libopencm3/lib/libopencm3_stm32f1.a(exti_common_all.o)
 .debug_macro   0x0000000000000bc6       0x51 /home/mark1/Documents/stm32/libopencm3/lib/libopencm3_stm32f1.a(exti_common_all.o)
 .debug_macro   0x0000000000000c17       0xef /home/mark1/Documents/stm32/libopencm3/lib/libopencm3_stm32f1.a(exti_common_all.o)
 .debug_macro   0x0000000000000d06       0x6a /home/mark1/Documents/stm32/libopencm3/lib/libopencm3_stm32f1.a(exti_common_all.o)
 .debug_macro   0x0000000000000d70      0x1df /home/mark1/Documents/stm32/libopencm3/lib/libopencm3_stm32f1.a(exti_common_all.o)
 .debug_macro   0x0000000000000f4f       0x22 /home/mark1/Documents/stm32/libopencm3/lib/libopencm3_stm32f1.a(exti_common_all.o)
 .debug_macro   0x0000000000000f71       0xe8 /home/mark1/Documents/stm32/libopencm3/lib/libopencm3_stm32f1.a(exti_common_all.o)
 .debug_macro   0x0000000000001059       0x76 /home/mark1/Documents/stm32/libopencm3/lib/libopencm3_stm32f1.a(exti_common_all.o)
 .debug_macro   0x00000000000010cf      0x1b4 /home/mark1/Documents/stm32/libopencm3/lib/libopencm3_stm32f1.a(exti_common_all.o)
 .debug_macro   0x0000000000001283       0xee /home/mark1/Documents/stm32/libopencm3/lib/libopencm3_stm32f1.a(exti_common_all.o)
 .debug_macro   0x0000000000001371       0x28 /home/mark1/Documents/stm32/libopencm3/lib/libopencm3_stm32f1.a(exti_common_all.o)
 .debug_macro   0x0000000000001399       0x76 /home/mark1/Documents/stm32/libopencm3/lib/libopencm3_stm32f1.a(exti_common_all.o)
 .debug_macro   0x000000000000140f      0xe04 /home/mark1/Documents/stm32/libopencm3/lib/libopencm3_stm32f1.a(exti_common_all.o)
 .debug_macro   0x0000000000002213       0xb8 /home/mark1/Documents/stm32/libopencm3/lib/libopencm3_stm32f1.a(gpio.o)
 .debug_macro   0x00000000000022cb       0xb8 /home/mark1/Documents/stm32/libopencm3/lib/libopencm3_stm32f1.a(gpio_common_all.o)
 .debug_macro   0x0000000000002383       0xe7 /home/mark1/Documents/stm32/libopencm3/lib/libopencm3_stm32f1.a(rcc.o)
 .debug_macro   0x000000000000246a       0x16 /home/mark1/Documents/stm32/libopencm3/lib/libopencm3_stm32f1.a(rcc.o)
 .debug_macro   0x0000000000002480      0x82c /home/mark1/Documents/stm32/libopencm3/lib/libopencm3_stm32f1.a(rcc.o)
 .debug_macro   0x0000000000002cac       0xee /home/mark1/Documents/stm32/libopencm3/lib/libopencm3_stm32f1.a(rcc.o)
 .debug_macro   0x0000000000002d9a       0x82 /home/mark1/Documents/stm32/libopencm3/lib/libopencm3_stm32f1.a(rcc.o)
 .debug_macro   0x0000000000002e1c       0xce /home/mark1/Documents/stm32/libopencm3/lib/libopencm3_stm32f1.a(rcc_common_all.o)
 .debug_macro   0x0000000000002eea       0xe6 /home/mark1/Documents/stm32/libopencm3/lib/libopencm3_stm32f1.a(rtc.o)
 .debug_macro   0x0000000000002fd0       0x8e /home/mark1/Documents/stm32/libopencm3/lib/libopencm3_stm32f1.a(rtc.o)
 .debug_macro   0x000000000000305e       0x76 /home/mark1/Documents/stm32/libopencm3/lib/libopencm3_stm32f1.a(rtc.o)
 .debug_macro   0x00000000000030d4       0xda /home/mark1/Documents/stm32/libopencm3/lib/libopencm3_stm32f1.a(usart_common_all.o)
 .debug_macro   0x00000000000031ae       0x94 /home/mark1/Documents/stm32/libopencm3/lib/libopencm3_stm32f1.a(usart_common_all.o)
 .debug_macro   0x0000000000003242      0x29e /home/mark1/Documents/stm32/libopencm3/lib/libopencm3_stm32f1.a(usart_common_all.o)
 .debug_macro   0x00000000000034e0       0xda /home/mark1/Documents/stm32/libopencm3/lib/libopencm3_stm32f1.a(usart_common_f124.o)
 .debug_macro   0x00000000000035ba       0xcf /home/mark1/Documents/stm32/libopencm3/lib/libopencm3_stm32f1.a(vector.o)
 .debug_macro   0x0000000000003689      0x395 /home/mark1/Documents/stm32/libopencm3/lib/libopencm3_stm32f1.a(vector.o)
 .debug_macro   0x0000000000003a1e       0x6e /home/mark1/Documents/stm32/libopencm3/lib/libopencm3_stm32f1.a(vector.o)
 .debug_macro   0x0000000000003a8c      0x1a2 /home/mark1/Documents/stm32/libopencm3/lib/libopencm3_stm32f1.a(vector.o)
 .debug_macro   0x0000000000003c2e       0xb3 /home/mark1/Documents/stm32/libopencm3/lib/libopencm3_stm32f1.a(nvic.o)
 .debug_macro   0x0000000000003ce1       0x68 /home/mark1/Documents/stm32/libopencm3/lib/libopencm3_stm32f1.a(nvic.o)
 .debug_macro   0x0000000000003d49      0x39b /home/mark1/Documents/stm32/libopencm3/lib/libopencm3_stm32f1.a(nvic.o)
 .debug_macro   0x00000000000040e4       0xc0 /home/mark1/Documents/stm32/libopencm3/lib/libopencm3_stm32f1.a(flash_common_all.o)
 .debug_macro   0x00000000000041a4       0xb3 /home/mark1/Documents/stm32/libopencm3/lib/libopencm3_stm32f1.a(pwr_common_v1.o)
